Component: ARM Compiler 5.06 update 6 (build 750) Tool: armlink [4d35ed]

==============================================================================

Section Cross References

    startup_stm32f10x_hd.o(RESET) refers to startup_stm32f10x_hd.o(STACK) for __initial_sp
    startup_stm32f10x_hd.o(RESET) refers to startup_stm32f10x_hd.o(.text) for Reset_Handler
    startup_stm32f10x_hd.o(RESET) refers to stm32f10x_it.o(i.NMI_Handler) for NMI_Handler
    startup_stm32f10x_hd.o(RESET) refers to stm32f10x_it.o(i.HardFault_Handler) for HardFault_Handler
    startup_stm32f10x_hd.o(RESET) refers to stm32f10x_it.o(i.MemManage_Handler) for MemManage_Handler
    startup_stm32f10x_hd.o(RESET) refers to stm32f10x_it.o(i.BusFault_Handler) for BusFault_Handler
    startup_stm32f10x_hd.o(RESET) refers to stm32f10x_it.o(i.UsageFault_Handler) for UsageFault_Handler
    startup_stm32f10x_hd.o(RESET) refers to port.o(.emb_text) for SVC_Handler
    startup_stm32f10x_hd.o(RESET) refers to stm32f10x_it.o(i.DebugMon_Handler) for DebugMon_Handler
    startup_stm32f10x_hd.o(RESET) refers to stm32f10x_it.o(i.SysTick_Handler) for SysTick_Handler
    startup_stm32f10x_hd.o(.text) refers to system_stm32f10x.o(i.SystemInit) for SystemInit
    startup_stm32f10x_hd.o(.text) refers to entry.o(.ARM.Collect$$$$00000000) for __main
    system_stm32f10x.o(i.SetSysClock) refers to system_stm32f10x.o(i.SetSysClockTo72) for SetSysClockTo72
    system_stm32f10x.o(i.SystemCoreClockUpdate) refers to system_stm32f10x.o(.data) for SystemCoreClock
    system_stm32f10x.o(i.SystemInit) refers to system_stm32f10x.o(i.SetSysClock) for SetSysClock
    stm32f10x_adc.o(i.ADC_DeInit) refers to stm32f10x_rcc.o(i.RCC_APB2PeriphResetCmd) for RCC_APB2PeriphResetCmd
    stm32f10x_bkp.o(i.BKP_DeInit) refers to stm32f10x_rcc.o(i.RCC_BackupResetCmd) for RCC_BackupResetCmd
    stm32f10x_can.o(i.CAN_DeInit) refers to stm32f10x_rcc.o(i.RCC_APB1PeriphResetCmd) for RCC_APB1PeriphResetCmd
    stm32f10x_can.o(i.CAN_GetITStatus) refers to stm32f10x_can.o(i.CheckITStatus) for CheckITStatus
    stm32f10x_cec.o(i.CEC_DeInit) refers to stm32f10x_rcc.o(i.RCC_APB1PeriphResetCmd) for RCC_APB1PeriphResetCmd
    stm32f10x_dac.o(i.DAC_DeInit) refers to stm32f10x_rcc.o(i.RCC_APB1PeriphResetCmd) for RCC_APB1PeriphResetCmd
    stm32f10x_flash.o(i.FLASH_EnableWriteProtection) refers to stm32f10x_flash.o(i.FLASH_WaitForLastOperation) for FLASH_WaitForLastOperation
    stm32f10x_flash.o(i.FLASH_EraseAllBank1Pages) refers to stm32f10x_flash.o(i.FLASH_WaitForLastBank1Operation) for FLASH_WaitForLastBank1Operation
    stm32f10x_flash.o(i.FLASH_EraseAllPages) refers to stm32f10x_flash.o(i.FLASH_WaitForLastOperation) for FLASH_WaitForLastOperation
    stm32f10x_flash.o(i.FLASH_EraseOptionBytes) refers to stm32f10x_flash.o(i.FLASH_GetReadOutProtectionStatus) for FLASH_GetReadOutProtectionStatus
    stm32f10x_flash.o(i.FLASH_EraseOptionBytes) refers to stm32f10x_flash.o(i.FLASH_WaitForLastOperation) for FLASH_WaitForLastOperation
    stm32f10x_flash.o(i.FLASH_ErasePage) refers to stm32f10x_flash.o(i.FLASH_WaitForLastOperation) for FLASH_WaitForLastOperation
    stm32f10x_flash.o(i.FLASH_ProgramHalfWord) refers to stm32f10x_flash.o(i.FLASH_WaitForLastOperation) for FLASH_WaitForLastOperation
    stm32f10x_flash.o(i.FLASH_ProgramOptionByteData) refers to stm32f10x_flash.o(i.FLASH_WaitForLastOperation) for FLASH_WaitForLastOperation
    stm32f10x_flash.o(i.FLASH_ProgramWord) refers to stm32f10x_flash.o(i.FLASH_WaitForLastOperation) for FLASH_WaitForLastOperation
    stm32f10x_flash.o(i.FLASH_ReadOutProtection) refers to stm32f10x_flash.o(i.FLASH_WaitForLastOperation) for FLASH_WaitForLastOperation
    stm32f10x_flash.o(i.FLASH_UserOptionByteConfig) refers to stm32f10x_flash.o(i.FLASH_WaitForLastOperation) for FLASH_WaitForLastOperation
    stm32f10x_flash.o(i.FLASH_WaitForLastBank1Operation) refers to stm32f10x_flash.o(i.FLASH_GetBank1Status) for FLASH_GetBank1Status
    stm32f10x_flash.o(i.FLASH_WaitForLastOperation) refers to stm32f10x_flash.o(i.FLASH_GetBank1Status) for FLASH_GetBank1Status
    stm32f10x_gpio.o(i.GPIO_AFIODeInit) refers to stm32f10x_rcc.o(i.RCC_APB2PeriphResetCmd) for RCC_APB2PeriphResetCmd
    stm32f10x_gpio.o(i.GPIO_DeInit) refers to stm32f10x_rcc.o(i.RCC_APB2PeriphResetCmd) for RCC_APB2PeriphResetCmd
    stm32f10x_i2c.o(i.I2C_DeInit) refers to stm32f10x_rcc.o(i.RCC_APB1PeriphResetCmd) for RCC_APB1PeriphResetCmd
    stm32f10x_i2c.o(i.I2C_Init) refers to stm32f10x_rcc.o(i.RCC_GetClocksFreq) for RCC_GetClocksFreq
    stm32f10x_pwr.o(i.PWR_DeInit) refers to stm32f10x_rcc.o(i.RCC_APB1PeriphResetCmd) for RCC_APB1PeriphResetCmd
    stm32f10x_rcc.o(i.RCC_GetClocksFreq) refers to stm32f10x_rcc.o(.data) for APBAHBPrescTable
    stm32f10x_rcc.o(i.RCC_WaitForHSEStartUp) refers to stm32f10x_rcc.o(i.RCC_GetFlagStatus) for RCC_GetFlagStatus
[...]
    Removing tasks.o(i.ulTaskNotifyTake), (116 bytes).
    Removing tasks.o(i.uxTaskGetNumberOfTasks), (12 bytes).
    Removing tasks.o(i.uxTaskPriorityGet), (36 bytes).
    Removing tasks.o(i.uxTaskPriorityGetFromISR), (68 bytes).
    Removing tasks.o(i.uxTaskResetEventItemValue), (28 bytes).
    Removing tasks.o(i.vTaskDelayUntil), (224 bytes).
    Removing tasks.o(i.vTaskEndScheduler), (36 bytes).
    Removing tasks.o(i.vTaskNotifyGiveFromISR), (260 bytes).
    Removing tasks.o(i.vTaskPlaceOnUnorderedEventList), (128 bytes).
    Removing tasks.o(i.vTaskPrioritySet), (296 bytes).
    Removing tasks.o(i.vTaskResume), (176 bytes).
    Removing tasks.o(i.vTaskSuspend), (260 bytes).
    Removing tasks.o(i.xTaskGenericNotify), (280 bytes).
    Removing tasks.o(i.xTaskGenericNotifyFromISR), (344 bytes).
    Removing tasks.o(i.xTaskGetTickCount), (12 bytes).
    Removing tasks.o(i.xTaskGetTickCountFromISR), (20 bytes).
    Removing tasks.o(i.xTaskNotifyStateClear), (52 bytes).
    Removing tasks.o(i.xTaskNotifyWait), (160 bytes).
    Removing tasks.o(i.xTaskRemoveFromUnorderedEventList), (196 bytes).
    Removing tasks.o(i.xTaskResumeFromISR), (208 bytes).
    Removing heap_4.o(i.vPortInitialiseBlocks), (2 bytes).
    Removing heap_4.o(i.xPortGetFreeHeapSize), (12 bytes).
    Removing heap_4.o(i.xPortGetMinimumEverFreeHeapSize), (12 bytes).
    Removing port.o(i.vPortEndScheduler), (96 bytes).
    Removing port.o(i.vPortValidateInterruptPriority), (156 bytes).

502 unused section(s) (total 23974 bytes) removed from the image.

==============================================================================

Image Symbol Table

    Local Symbols

    Symbol Name                              Value     Ov Type        Size  Object(Section)

    ../clib/microlib/division.c              0x00000000   Number         0  uldiv.o ABSOLUTE
    ../clib/microlib/division.c              0x00000000   Number         0  uidiv.o ABSOLUTE
    ../clib/microlib/init/entry.s            0x00000000   Number         0  entry10b.o ABSOLUTE
    ../clib/microlib/init/entry.s            0x00000000   Number         0  entry11b.o ABSOLUTE
    ../clib/microlib/init/entry.s            0x00000000   Number         0  entry11a.o ABSOLUTE
    ../clib/microlib/init/entry.s            0x00000000   Number         0  entry10a.o ABSOLUTE
    ../clib/microlib/init/entry.s            0x00000000   Number         0  entry9b.o ABSOLUTE
    ../clib/microlib/init/entry.s            0x00000000   Number         0  entry9a.o ABSOLUTE
    ../clib/microlib/init/entry.s            0x00000000   Number         0  entry8b.o ABSOLUTE
    ../clib/microlib/init/entry.s            0x00000000   Number         0  entry8a.o ABSOLUTE
    ../clib/microlib/init/entry.s            0x00000000   Number         0  entry7a.o ABSOLUTE
    ../clib/microlib/init/entry.s            0x00000000   Number         0  entry5.o ABSOLUTE
    ../clib/microlib/init/entry.s            0x00000000   Number         0  entry2.o ABSOLUTE
    ../clib/microlib/init/entry.s            0x00000000   Number         0  entry.o ABSOLUTE
    ../clib/microlib/init/entry.s            0x00000000   Number         0  entry7b.o ABSOLUTE
    ../clib/microlib/longlong.c              0x00000000   Number         0  llsshr.o ABSOLUTE
    ../clib/microlib/longlong.c              0x00000000   Number         0  llushr.o ABSOLUTE
    ../clib/microlib/longlong.c              0x00000000   Number         0  llshl.o ABSOLUTE
    ../clib/microlib/printf/printf.c         0x00000000   Number         0  printf4.o ABSOLUTE
    ../clib/microlib/printf/printf.c         0x00000000   Number         0  printf0.o ABSOLUTE
    ../clib/microlib/printf/printf.c         0x00000000   Number         0  printf3.o ABSOLUTE
    ../clib/microlib/printf/printf.c         0x00000000   Number         0  printf5.o ABSOLUTE
    ../clib/microlib/printf/printf.c         0x00000000   Number         0  printfa.o ABSOLUTE
    ../clib/microlib/printf/printf.c         0x00000000   Number         0  printf6.o ABSOLUTE
    ../clib/microlib/printf/printf.c         0x00000000   Number         0  printfb.o ABSOLUTE
    ../clib/microlib/printf/printf.c         0x00000000   Number         0  printf7.o ABSOLUTE
    ../clib/microlib/printf/printf.c         0x00000000   Number         0  printf8.o ABSOLUTE
    ../clib/microlib/printf/printf.c         0x00000000   Number         0  printf1.o ABSOLUTE
    ../clib/microlib/printf/printf.c         0x00000000   Number         0  printf2.o ABSOLUTE
    ../clib/microlib/printf/stubs.s          0x00000000   Number         0  stubs.o ABSOLUTE
    ../clib/microlib/stdio/streams.c         0x00000000   Number         0  stdout.o ABSOLUTE
    ../clib/microlib/string/memcpy.c         0x00000000   Number         0  memcpyb.o ABSOLUTE
    ../clib/microlib/string/memcpy.c         0x00000000   Number         0  memcpya.o ABSOLUTE
    ../clib/microlib/stubs.s                 0x00000000   Number         0  iusefp.o ABSOLUTE
    ../fplib/microlib/d2f.c                  0x00000000   Number         0  d2f.o ABSOLUTE
    ../fplib/microlib/f2d.c                  0x00000000   Number         0  f2d.o ABSOLUTE
    ../fplib/microlib/fpadd.c                0x00000000   Number         0  dadd.o ABSOLUTE
    ../fplib/microlib/fpdiv.c                0x00000000   Number         0  fdiv.o ABSOLUTE
    ../fplib/microlib/fpdiv.c                0x00000000   Number         0  ddiv.o ABSOLUTE
    ../fplib/microlib/fpepilogue.c           0x00000000   Number         0  fepilogue.o ABSOLUTE
    ../fplib/microlib/fpepilogue.c           0x00000000   Number         0  depilogue.o ABSOLUTE
    ../fplib/microlib/fpfix.c                0x00000000   Number         0  dfixul.o ABSOLUTE
    ../fplib/microlib/fpflt.c                0x00000000   Number         0  ffltui.o ABSOLUTE
    ../fplib/microlib/fpmul.c                0x00000000   Number         0  dmul.o ABSOLUTE
    ..\BSP\DEBUG\bsp_debug.c                 0x00000000   Number         0  bsp_debug.o ABSOLUTE
    ..\BSP\GPIO\bsp_gpio.c                   0x00000000   Number         0  bsp_gpio.o ABSOLUTE
    ..\BSP\Key\bsp_key.c                     0x00000000   Number         0  bsp_key.o ABSOLUTE
    ..\BSP\adc\bsp_adc.c                     0x00000000   Number         0  bsp_adc.o ABSOLUTE
    ..\BSP\color_led\bsp_color_led.c         0x00000000   Number         0  bsp_color_led.o ABSOLUTE
    ..\BSP\delay\bsp_delay.c                 0x00000000   Number         0  bsp_delay.o ABSOLUTE
    ..\BSP\dht11\bsp_dht11.c                 0x00000000   Number         0  bsp_dht11.o ABSOLUTE
    ..\BSP\dwt_delay\core_delay.c            0x00000000   Number         0  core_delay.o ABSOLUTE
    ..\FreeRTOS\port\MemMang\heap_4.c        0x00000000   Number         0  heap_4.o ABSOLUTE
    ..\FreeRTOS\port\RVDS\ARM_CM3\port.c     0x00000000   Number         0  port.o ABSOLUTE
    ..\FreeRTOS\src\croutine.c               0x00000000   Number         0  croutine.o ABSOLUTE
    ..\FreeRTOS\src\event_groups.c           0x00000000   Number         0  event_groups.o ABSOLUTE
    ..\FreeRTOS\src\list.c                   0x00000000   Number         0  list.o ABSOLUTE
    ..\FreeRTOS\src\queue.c                  0x00000000   Number         0  queue.o ABSOLUTE
    ..\FreeRTOS\src\tasks.c                  0x00000000   Number         0  tasks.o ABSOLUTE
    ..\FreeRTOS\src\timers.c                 0x00000000   Number         0  timers.o ABSOLUTE
    ..\Libraries\CMSIS\core_cm3.c            0x00000000   Number         0  core_cm3.o ABSOLUTE
    ..\Libraries\CMSIS\startup\startup_stm32f10x_hd.s 0x00000000   Number         0  startup_stm32f10x_hd.o ABSOLUTE
    ..\Libraries\CMSIS\system_stm32f10x.c    0x00000000   Number         0  system_stm32f10x.o ABSOLUTE
    ..\Libraries\STM32F10x_StdPeriph_Driver\src\misc.c 0x00000000   Number         0  misc.o ABSOLUTE
    ..\Libraries\STM32F10x_StdPeriph_Driver\src\stm32f10x_adc.c 0x00000000   Number         0  stm32f10x_adc.o ABSOLUTE
    ..\Libraries\STM32F10x_StdPeriph_Driver\src\stm32f10x_bkp.c 0x00000000   Number         0  stm32f10x_bkp.o ABSOLUTE
    ..\Libraries\STM32F10x_StdPeriph_Driver\src\stm32f10x_can.c 0x00000000   Number         0  stm32f10x_can.o ABSOLUTE
    ..\Libraries\STM32F10x_StdPeriph_Driver\src\stm32f10x_cec.c 0x00000000   Number         0  stm32f10x_cec.o ABSOLUTE
    ..\Libraries\STM32F10x_StdPeriph_Driver\src\stm32f10x_crc.c 0x00000000   Number         0  stm32f10x_crc.o ABSOLUTE
    ..\Libraries\STM32F10x_StdPeriph_Driver\src\stm32f10x_dac.c 0x00000000   Number         0  stm32f10x_dac.o ABSOLUTE
    ..\Libraries\STM32F10x_StdPeriph_Driver\src\stm32f10x_dbgmcu.c 0x00000000   Number         0  stm32f10x_dbgmcu.o ABSOLUTE
    ..\Libraries\STM32F10x_StdPeriph_Driver\src\stm32f10x_dma.c 0x00000000   Number         0  stm32f10x_dma.o ABSOLUTE
    ..\Libraries\STM32F10x_StdPeriph_Driver\src\stm32f10x_exti.c 0x00000000   Number         0  stm32f10x_exti.o ABSOLUTE
    ..\Libraries\STM32F10x_StdPeriph_Driver\src\stm32f10x_flash.c 0x00000000   Number         0  stm32f10x_flash.o ABSOLUTE
    ..\Libraries\STM32F10x_StdPeriph_Driver\src\stm32f10x_fsmc.c 0x00000000   Number         0  stm32f10x_fsmc.o ABSOLUTE
    ..\Libraries\STM32F10x_StdPeriph_Driver\src\stm32f10x_gpio.c 0x00000000   Number         0  stm32f10x_gpio.o ABSOLUTE
    ..\Libraries\STM32F10x_StdPeriph_Driver\src\stm32f10x_i2c.c 0x00000000   Number         0  stm32f10x_i2c.o ABSOLUTE
    ..\Libraries\STM32F10x_StdPeriph_Driver\src\stm32f10x_iwdg.c 0x00000000   Number         0  stm32f10x_iwdg.o ABSOLUTE
    ..\Libraries\STM32F10x_StdPeriph_Driver\src\stm32f10x_pwr.c 0x00000000   Number         0  stm32f10x_pwr.o ABSOLUTE
    ..\Libraries\STM32F10x_StdPeriph_Driver\src\stm32f10x_rcc.c 0x00000000   Number         0  stm32f10x_rcc.o ABSOLUTE
    ..\Libraries\STM32F10x_StdPeriph_Driver\src\stm32f10x_rtc.c 0x00000000   Number         0  stm32f10x_rtc.o ABSOLUTE
    ..\Libraries\STM32F10x_StdPeriph_Driver\src\stm32f10x_sdio.c 0x00000000   Number         0  stm32f10x_sdio.o ABSOLUTE
    ..\Libraries\STM32F10x_StdPeriph_Driver\src\stm32f10x_spi.c 0x00000000   Number         0  stm32f10x_spi.o ABSOLUTE
    ..\Libraries\STM32F10x_StdPeriph_Driver\src\stm32f10x_tim.c 0x00000000   Number         0  stm32f10x_tim.o ABSOLUTE
    ..\Libraries\STM32F10x_StdPeriph_Driver\src\stm32f10x_usart.c 0x00000000   Number         0  stm32f10x_usart.o ABSOLUTE
    ..\Libraries\STM32F10x_StdPeriph_Driver\src\stm32f10x_wwdg.c 0x00000000   Number         0  stm32f10x_wwdg.o ABSOLUTE
    ..\User\main.c                           0x00000000   Number         0  main.o ABSOLUTE
    ..\User\stm32f10x_it.c                   0x00000000   Number         0  stm32f10x_it.o ABSOLUTE
    ..\\FreeRTOS\\port\\RVDS\\ARM_CM3\\port.c 0x00000000   Number         0  port.o ABSOLUTE
    ..\\Libraries\\CMSIS\\core_cm3.c         0x00000000   Number         0  core_cm3.o ABSOLUTE
    cdrcmple.s                               0x00000000   Number         0  cdrcmple.o ABSOLUTE
    dc.s                                     0x00000000   Number         0  dc.o ABSOLUTE
    handlers.s                               0x00000000   Number         0  handlers.o ABSOLUTE
    init.s                                   0x00000000   Number         0  init.o ABSOLUTE
    RESET                                    0x08000000   Section      304  startup_stm32f10x_hd.o(RESET)
    .ARM.Collect$$$$00000000                 0x08000130   Section        0  entry.o(.ARM.Collect$$$$00000000)
    .ARM.Collect$$$$00000001                 0x08000130   Section        4  entry2.o(.ARM.Collect$$$$00000001)
    .ARM.Collect$$$$00000004                 0x08000134   Section        4  entry5.o(.ARM.Collect$$$$00000004)
    .ARM.Collect$$$$00000008                 0x08000138   Section        0  entry7b.o(.ARM.Collect$$$$00000008)
    .ARM.Collect$$$$0000000A                 0x08000138   Section        0  entry8b.o(.ARM.Collect$$$$0000000A)
    .ARM.Collect$$$$0000000B                 0x08000138   Section        8  entry9a.o(.ARM.Collect$$$$0000000B)
    .ARM.Collect$$$$0000000D                 0x08000140   Section        0  entry10a.o(.ARM.Collect$$$$0000000D)
    .ARM.Collect$$$$0000000F                 0x08000140   Section        0  entry11a.o(.ARM.Collect$$$$0000000F)
    .ARM.Collect$$$$00002712                 0x08000140   Section        4  entry2.o(.ARM.Collect$$$$00002712)
    __lit__00000000                          0x08000140   Data           4  entry2.o(.ARM.Collect$$$$00002712)
    .emb_text                                0x08000144   Section      150  port.o(.emb_text)
    .text                                    0x080001dc   Section       36  startup_stm32f10x_hd.o(.text)
    .text                                    0x08000200   Section        0  memcpya.o(.text)
    .text                                    0x08000224   Section        0  fdiv.o(.text)
    .text                                    0x080002a0   Section        0  dmul.o(.text)
    .text                                    0x08000384   Section        0  ffltui.o(.text)
    .text                                    0x0800038e   Section        0  f2d.o(.text)
    .text                                    0x080003b4   Section        0  d2f.o(.text)
    .text                                    0x080003ec   Section        0  uidiv.o(.text)
    .text                                    0x08000418   Section        0  uldiv.o(.text)
    .text                                    0x0800047a   Section        0  iusefp.o(.text)
    .text                                    0x0800047a   Section        0  fepilogue.o(.text)
    .text                                    0x080004e8   Section        0  depilogue.o(.text)
    .text                                    0x080005a2   Section        0  dadd.o(.text)
    .text                                    0x080006f0   Section        0  ddiv.o(.text)
    .text                                    0x080007ce   Section        0  dfixul.o(.text)
    .text                                    0x08000800   Section       48  cdrcmple.o(.text)
    .text                                    0x08000830   Section       36  init.o(.text)
    .text                                    0x08000854   Section        0  llshl.o(.text)
    .text                                    0x08000872   Section        0  llushr.o(.text)
    .text                                    0x08000892   Section        0  llsshr.o(.text)
    i.ADC_Cmd                                0x080008b6   Section        0  stm32f10x_adc.o(i.ADC_Cmd)
    i.ADC_DMACmd                             0x080008cc   Section        0  stm32f10x_adc.o(i.ADC_DMACmd)
    i.ADC_GetCalibrationStatus               0x080008e2   Section        0  stm32f10x_adc.o(i.ADC_GetCalibrationStatus)
    i.ADC_GetResetCalibrationStatus          0x080008f6   Section        0  stm32f10x_adc.o(i.ADC_GetResetCalibrationStatus)
    i.ADC_Init                               0x0800090c   Section        0  stm32f10x_adc.o(i.ADC_Init)
    i.ADC_RegularChannelConfig               0x0800095c   Section        0  stm32f10x_adc.o(i.ADC_RegularChannelConfig)
    i.ADC_ResetCalibration                   0x08000a14   Section        0  stm32f10x_adc.o(i.ADC_ResetCalibration)
    i.ADC_SoftwareStartConvCmd               0x08000a1e   Section        0  stm32f10x_adc.o(i.ADC_SoftwareStartConvCmd)
    i.ADC_StartCalibration                   0x08000a34   Section        0  stm32f10x_adc.o(i.ADC_StartCalibration)
    i.ADC_Task                               0x08000a40   Section        0  main.o(i.ADC_Task)
    ADC_Task                                 0x08000a41   Thumb Code    84  main.o(i.ADC_Task)
    i.ADCx_GPIO_Config                       0x08000ae4   Section        0  bsp_adc.o(i.ADCx_GPIO_Config)
    ADCx_GPIO_Config                         0x08000ae5   Thumb Code    32  bsp_adc.o(i.ADCx_GPIO_Config)
    i.ADCx_Init                              0x08000b08   Section        0  bsp_adc.o(i.ADCx_Init)
    i.ADCx_Mode_Config                       0x08000b14   Section        0  bsp_adc.o(i.ADCx_Mode_Config)
    ADCx_Mode_Config                         0x08000b15   Thumb Code   226  bsp_adc.o(i.ADCx_Mode_Config)
    i.AppTaskCreate                          0x08000c04   Section        0  main.o(i.AppTaskCreate)
    AppTaskCreate                            0x08000c05   Thumb Code   210  main.o(i.AppTaskCreate)
    i.BusFault_Handler                       0x08000e0c   Section        0  stm32f10x_it.o(i.BusFault_Handler)
    i.COLOR_TIMx_GPIO_Config                 0x08000e10   Section        0  bsp_color_led.o(i.COLOR_TIMx_GPIO_Config)
    COLOR_TIMx_GPIO_Config                   0x08000e11   Thumb Code    74  bsp_color_led.o(i.COLOR_TIMx_GPIO_Config)
    i.COLOR_TIMx_LED_Init                    0x08000e64   Section        0  bsp_color_led.o(i.COLOR_TIMx_LED_Init)
    i.COLOR_TIMx_Mode_Config                 0x08000e70   Section        0  bsp_color_led.o(i.COLOR_TIMx_Mode_Config)
    COLOR_TIMx_Mode_Config                   0x08000e71   Thumb Code   136  bsp_color_led.o(i.COLOR_TIMx_Mode_Config)
    i.CPU_TS_TmrInit                         0x08000efc   Section        0  core_delay.o(i.CPU_TS_TmrInit)
    i.CPU_TS_TmrRd                           0x08000f24   Section        0  core_delay.o(i.CPU_TS_TmrRd)
    i.CPU_TS_Tmr_Delay_US                    0x08000f30   Section        0  core_delay.o(i.CPU_TS_Tmr_Delay_US)
    i.DEBUG_Config                           0x08000f84   Section        0  bsp_debug.o(i.DEBUG_Config)
    i.DHT11_GPIO_Config                      0x08001014   Section        0  bsp_dht11.o(i.DHT11_GPIO_Config)
    DHT11_GPIO_Config                        0x08001015   Thumb Code    38  bsp_dht11.o(i.DHT11_GPIO_Config)
    i.DHT11_Init                             0x08001040   Section        0  bsp_dht11.o(i.DHT11_Init)
    i.DHT11_Mode_IPU                         0x08001054   Section        0  bsp_dht11.o(i.DHT11_Mode_IPU)
    DHT11_Mode_IPU                           0x08001055   Thumb Code    24  bsp_dht11.o(i.DHT11_Mode_IPU)
    i.DHT11_Mode_Out_PP                      0x08001070   Section        0  bsp_dht11.o(i.DHT11_Mode_Out_PP)
    DHT11_Mode_Out_PP                        0x08001071   Thumb Code    30  bsp_dht11.o(i.DHT11_Mode_Out_PP)
    i.DHT11_ReadByte                         0x08001094   Section        0  bsp_dht11.o(i.DHT11_ReadByte)
    DHT11_ReadByte                           0x08001095   Thumb Code    90  bsp_dht11.o(i.DHT11_ReadByte)
    i.DHT11_Read_TempAndHumidity             0x080010f4   Section        0  bsp_dht11.o(i.DHT11_Read_TempAndHumidity)
    i.DMA_Cmd                                0x08001194   Section        0  stm32f10x_dma.o(i.DMA_Cmd)
    i.DMA_DeInit                             0x080011ac   Section        0  stm32f10x_dma.o(i.DMA_DeInit)
    i.DMA_Init                               0x080012f8   Section        0  stm32f10x_dma.o(i.DMA_Init)
    i.DebugMon_Handler                       0x08001334   Section        0  stm32f10x_it.o(i.DebugMon_Handler)
    i.GPIO_Init                              0x08001336   Section        0  stm32f10x_gpio.o(i.GPIO_Init)
    i.GPIO_PinRemapConfig                    0x0800144c   Section        0  stm32f10x_gpio.o(i.GPIO_PinRemapConfig)
    i.GPIO_ReadInputDataBit                  0x080014dc   Section        0  stm32f10x_gpio.o(i.GPIO_ReadInputDataBit)
    i.GPIO_ResetBits                         0x080014ee   Section        0  stm32f10x_gpio.o(i.GPIO_ResetBits)
    i.GPIO_SetBits                           0x080014f2   Section        0  stm32f10x_gpio.o(i.GPIO_SetBits)
    i.HardFault_Handler                      0x080014f6   Section        0  stm32f10x_it.o(i.HardFault_Handler)
    i.IsKey1Down                             0x080014fc   Section        0  bsp_key.o(i.IsKey1Down)
    IsKey1Down                               0x080014fd   Thumb Code    20  bsp_key.o(i.IsKey1Down)
    i.IsKey2Down                             0x08001514   Section        0  bsp_key.o(i.IsKey2Down)
    IsKey2Down                               0x08001515   Thumb Code    22  bsp_key.o(i.IsKey2Down)
    i.IsKey3Down                             0x08001530   Section        0  bsp_key.o(i.IsKey3Down)
    IsKey3Down                               0x08001531   Thumb Code    22  bsp_key.o(i.IsKey3Down)
    i.KEY_Detect                             0x0800154c   Section        0  bsp_key.o(i.KEY_Detect)
    KEY_Detect                               0x0800154d   Thumb Code   198  bsp_key.o(i.KEY_Detect)
    i.KEY_FIFO_Get                           0x08001618   Section        0  bsp_key.o(i.KEY_FIFO_Get)
    i.KEY_FIFO_Init                          0x0800164c   Section        0  bsp_key.o(i.KEY_FIFO_Init)
    KEY_FIFO_Init                            0x0800164d   Thumb Code    82  bsp_key.o(i.KEY_FIFO_Init)
    i.KEY_FIFO_Put                           0x080016b4   Section        0  bsp_key.o(i.KEY_FIFO_Put)
    KEY_FIFO_Put                             0x080016b5   Thumb Code    28  bsp_key.o(i.KEY_FIFO_Put)
    i.KEY_Init                               0x080016d4   Section        0  bsp_key.o(i.KEY_Init)
    i.KEY_Scan                               0x08001720   Section        0  bsp_key.o(i.KEY_Scan)
    i.Key_Task                               0x08001738   Section        0  main.o(i.Key_Task)
    Key_Task                                 0x08001739   Thumb Code    40  main.o(i.Key_Task)
    i.LED_Task                               0x08001764   Section        0  main.o(i.LED_Task)
    LED_Task                                 0x08001765   Thumb Code    74  main.o(i.LED_Task)
    i.MemManage_Handler                      0x080017e0   Section        0  stm32f10x_it.o(i.MemManage_Handler)
    i.NMI_Handler                            0x080017e4   Section        0  stm32f10x_it.o(i.NMI_Handler)
    i.NVIC_Configuration                     0x080017e6   Section        0  bsp_debug.o(i.NVIC_Configuration)
    NVIC_Configuration                       0x080017e7   Thumb Code    38  bsp_debug.o(i.NVIC_Configuration)
    i.NVIC_Init                              0x0800180c   Section        0  misc.o(i.NVIC_Init)
    i.NVIC_PriorityGroupConfig               0x0800187c   Section        0  misc.o(i.NVIC_PriorityGroupConfig)
    i.RCC_ADCCLKConfig                       0x08001890   Section        0  stm32f10x_rcc.o(i.RCC_ADCCLKConfig)
    i.RCC_AHBPeriphClockCmd                  0x080018a8   Section        0  stm32f10x_rcc.o(i.RCC_AHBPeriphClockCmd)
    i.RCC_APB1PeriphClockCmd                 0x080018c8   Section        0  stm32f10x_rcc.o(i.RCC_APB1PeriphClockCmd)
    i.RCC_APB2PeriphClockCmd                 0x080018e8   Section        0  stm32f10x_rcc.o(i.RCC_APB2PeriphClockCmd)
    i.RCC_GetClocksFreq                      0x08001908   Section        0  stm32f10x_rcc.o(i.RCC_GetClocksFreq)
    i.SetRGBColor                            0x080019dc   Section        0  bsp_color_led.o(i.SetRGBColor)
    i.SetSysClock                            0x080019f8   Section        0  system_stm32f10x.o(i.SetSysClock)
    SetSysClock                              0x080019f9   Thumb Code     8  system_stm32f10x.o(i.SetSysClock)
    i.SetSysClockTo72                        0x08001a00   Section        0  system_stm32f10x.o(i.SetSysClockTo72)
    SetSysClockTo72                          0x08001a01   Thumb Code   214  system_stm32f10x.o(i.SetSysClockTo72)
    i.SysTick_Handler                        0x08001ae0   Section        0  stm32f10x_it.o(i.SysTick_Handler)
    i.SystemInit                             0x08001b48   Section        0  system_stm32f10x.o(i.SystemInit)
    i.TIME_Task                              0x08001ba8   Section        0  main.o(i.TIME_Task)
    TIME_Task                                0x08001ba9   Thumb Code    44  main.o(i.TIME_Task)
    i.TIM_ARRPreloadConfig                   0x08001be8   Section        0  stm32f10x_tim.o(i.TIM_ARRPreloadConfig)
    i.TIM_Cmd                                0x08001c00   Section        0  stm32f10x_tim.o(i.TIM_Cmd)
    i.TIM_OC2Init                            0x08001c18   Section        0  stm32f10x_tim.o(i.TIM_OC2Init)
    i.TIM_OC2PreloadConfig                   0x08001cbc   Section        0  stm32f10x_tim.o(i.TIM_OC2PreloadConfig)
    i.TIM_OC3Init                            0x08001cd8   Section        0  stm32f10x_tim.o(i.TIM_OC3Init)
    i.TIM_OC3PreloadConfig                   0x08001d78   Section        0  stm32f10x_tim.o(i.TIM_OC3PreloadConfig)
    i.TIM_OC4Init                            0x08001d8c   Section        0  stm32f10x_tim.o(i.TIM_OC4Init)
    i.TIM_OC4PreloadConfig                   0x08001e08   Section        0  stm32f10x_tim.o(i.TIM_OC4PreloadConfig)
    i.TIM_TimeBaseInit                       0x08001e24   Section        0  stm32f10x_tim.o(i.TIM_TimeBaseInit)
    i.Test_Task                              0x08001ec8   Section        0  main.o(i.Test_Task)
    Test_Task                                0x08001ec9   Thumb Code    70  main.o(i.Test_Task)
    i.TimingFIFO_KeyScan                     0x08001f2c   Section        0  bsp_key.o(i.TimingFIFO_KeyScan)
    i.USART_Cmd                              0x08001f54   Section        0  stm32f10x_usart.o(i.USART_Cmd)
    i.USART_GetFlagStatus                    0x08001f6c   Section        0  stm32f10x_usart.o(i.USART_GetFlagStatus)
    i.USART_ITConfig                         0x08001f86   Section        0  stm32f10x_usart.o(i.USART_ITConfig)
    i.USART_Init                             0x08001fd0   Section        0  stm32f10x_usart.o(i.USART_Init)
    i.USART_SendData                         0x080020a8   Section        0  stm32f10x_usart.o(i.USART_SendData)
    i.UsageFault_Handler                     0x080020b0   Section        0  stm32f10x_it.o(i.UsageFault_Handler)
    i.__0printf                              0x080020b4   Section        0  printfa.o(i.__0printf)
    i.__scatterload_copy                     0x080020d4   Section       14  handlers.o(i.__scatterload_copy)
    i.__scatterload_null                     0x080020e2   Section        2  handlers.o(i.__scatterload_null)
    i.__scatterload_zeroinit                 0x080020e4   Section       14  handlers.o(i.__scatterload_zeroinit)
    i._fp_digits                             0x080020f4   Section        0  printfa.o(i._fp_digits)
    _fp_digits                               0x080020f5   Thumb Code   366  printfa.o(i._fp_digits)
    i._printf_core                           0x08002278   Section        0  printfa.o(i._printf_core)
    _printf_core                             0x08002279   Thumb Code  1744  printfa.o(i._printf_core)
    i._printf_post_padding                   0x08002954   Section        0  printfa.o(i._printf_post_padding)
    _printf_post_padding                     0x08002955   Thumb Code    36  printfa.o(i._printf_post_padding)
    i._printf_pre_padding                    0x08002978   Section        0  printfa.o(i._printf_pre_padding)
    _printf_pre_padding                      0x08002979   Thumb Code    46  printfa.o(i._printf_pre_padding)
    i.fputc                                  0x080029a8   Section        0  bsp_debug.o(i.fputc)
    i.main                                   0x080029cc   Section        0  main.o(i.main)
    i.prvAddCurrentTaskToDelayedList         0x08002a38   Section        0  tasks.o(i.prvAddCurrentTaskToDelayedList)
    prvAddCurrentTaskToDelayedList           0x08002a39   Thumb Code   124  tasks.o(i.prvAddCurrentTaskToDelayedList)
    i.prvAddNewTaskToReadyList               0x08002ad0   Section        0  tasks.o(i.prvAddNewTaskToReadyList)
    prvAddNewTaskToReadyList                 0x08002ad1   Thumb Code   150  tasks.o(i.prvAddNewTaskToReadyList)
    i.prvCheckTasksWaitingTermination        0x08002b84   Section        0  tasks.o(i.prvCheckTasksWaitingTermination)
    prvCheckTasksWaitingTermination          0x08002b85   Thumb Code    86  tasks.o(i.prvCheckTasksWaitingTermination)
    i.prvCopyDataFromQueue                   0x08002be8   Section        0  queue.o(i.prvCopyDataFromQueue)
    prvCopyDataFromQueue                     0x08002be9   Thumb Code    42  queue.o(i.prvCopyDataFromQueue)
    i.prvCopyDataToQueue                     0x08002c12   Section        0  queue.o(i.prvCopyDataToQueue)
    prvCopyDataToQueue                       0x08002c13   Thumb Code   106  queue.o(i.prvCopyDataToQueue)
    i.prvDeleteTCB                           0x08002c7c   Section        0  tasks.o(i.prvDeleteTCB)
    prvDeleteTCB                             0x08002c7d   Thumb Code    18  tasks.o(i.prvDeleteTCB)
    i.prvHeapInit                            0x08002c90   Section        0  heap_4.o(i.prvHeapInit)
    prvHeapInit                              0x08002c91   Thumb Code    98  heap_4.o(i.prvHeapInit)
    i.prvIdleTask                            0x08002d0c   Section        0  tasks.o(i.prvIdleTask)
    prvIdleTask                              0x08002d0d   Thumb Code    32  tasks.o(i.prvIdleTask)
    i.prvInitialiseNewQueue                  0x08002d34   Section        0  queue.o(i.prvInitialiseNewQueue)
    prvInitialiseNewQueue                    0x08002d35   Thumb Code    38  queue.o(i.prvInitialiseNewQueue)
    i.prvInitialiseNewTask                   0x08002d5c   Section        0  tasks.o(i.prvInitialiseNewTask)
    prvInitialiseNewTask                     0x08002d5d   Thumb Code   154  tasks.o(i.prvInitialiseNewTask)
    i.prvInitialiseTaskLists                 0x08002e20   Section        0  tasks.o(i.prvInitialiseTaskLists)
    prvInitialiseTaskLists                   0x08002e21   Thumb Code    70  tasks.o(i.prvInitialiseTaskLists)
    i.prvInsertBlockIntoFreeList             0x08002e88   Section        0  heap_4.o(i.prvInsertBlockIntoFreeList)
    prvInsertBlockIntoFreeList               0x08002e89   Thumb Code    96  heap_4.o(i.prvInsertBlockIntoFreeList)
    i.prvIsQueueEmpty                        0x08002ef0   Section        0  queue.o(i.prvIsQueueEmpty)
    prvIsQueueEmpty                          0x08002ef1   Thumb Code    26  queue.o(i.prvIsQueueEmpty)
    i.prvIsQueueFull                         0x08002f0a   Section        0  queue.o(i.prvIsQueueFull)
    prvIsQueueFull                           0x08002f0b   Thumb Code    30  queue.o(i.prvIsQueueFull)
    i.prvResetNextTaskUnblockTime            0x08002f28   Section        0  tasks.o(i.prvResetNextTaskUnblockTime)
    prvResetNextTaskUnblockTime              0x08002f29   Thumb Code    42  tasks.o(i.prvResetNextTaskUnblockTime)
    i.prvTaskExitError                       0x08002f5c   Section        0  port.o(i.prvTaskExitError)
    prvTaskExitError                         0x08002f5d   Thumb Code    48  port.o(i.prvTaskExitError)
    i.prvUnlockQueue                         0x08002fc8   Section        0  queue.o(i.prvUnlockQueue)
    prvUnlockQueue                           0x08002fc9   Thumb Code   126  queue.o(i.prvUnlockQueue)
    i.pvPortMalloc                           0x08003048   Section        0  heap_4.o(i.pvPortMalloc)
    i.pxPortInitialiseStack                  0x08003198   Section        0  port.o(i.pxPortInitialiseStack)
    i.uxListRemove                           0x080031bc   Section        0  list.o(i.uxListRemove)
    i.vListInitialise                        0x080031e4   Section        0  list.o(i.vListInitialise)
    i.vListInitialiseItem                    0x080031fe   Section        0  list.o(i.vListInitialiseItem)
    i.vListInsert                            0x08003204   Section        0  list.o(i.vListInsert)
    i.vListInsertEnd                         0x08003238   Section        0  list.o(i.vListInsertEnd)
    i.vPortEnterCritical                     0x08003250   Section        0  port.o(i.vPortEnterCritical)
    i.vPortExitCritical                      0x080032d4   Section        0  port.o(i.vPortExitCritical)
    i.vPortFree                              0x08003340   Section        0  heap_4.o(i.vPortFree)
    i.vPortSetupTimerInterrupt               0x080033f4   Section        0  port.o(i.vPortSetupTimerInterrupt)
    i.vTaskDelay                             0x08003414   Section        0  tasks.o(i.vTaskDelay)
    i.vTaskDelete                            0x0800348c   Section        0  tasks.o(i.vTaskDelete)
    i.vTaskMissedYield                       0x0800359c   Section        0  tasks.o(i.vTaskMissedYield)
    i.vTaskPlaceOnEventList                  0x080035a8   Section        0  tasks.o(i.vTaskPlaceOnEventList)
    i.vTaskSetTimeOutState                   0x08003600   Section        0  tasks.o(i.vTaskSetTimeOutState)
    i.vTaskStartScheduler                    0x08003650   Section        0  tasks.o(i.vTaskStartScheduler)
    i.vTaskSuspendAll                        0x080036f8   Section        0  tasks.o(i.vTaskSuspendAll)
    i.vTaskSwitchContext                     0x08003708   Section        0  tasks.o(i.vTaskSwitchContext)
    i.xPortStartScheduler                    0x080037b4   Section        0  port.o(i.xPortStartScheduler)
    i.xPortSysTickHandler                    0x08003854   Section        0  port.o(i.xPortSysTickHandler)
    i.xQueueGenericCreate                    0x08003888   Section        0  queue.o(i.xQueueGenericCreate)
    i.xQueueGenericReceive                   0x08003900   Section        0  queue.o(i.xQueueGenericReceive)
    i.xQueueGenericReset                     0x08003ab0   Section        0  queue.o(i.xQueueGenericReset)
    i.xQueueGenericSend                      0x08003b64   Section        0  queue.o(i.xQueueGenericSend)
    i.xTaskCheckForTimeOut                   0x08003d0c   Section        0  tasks.o(i.xTaskCheckForTimeOut)
    i.xTaskCreate                            0x08003db0   Section        0  tasks.o(i.xTaskCreate)
    i.xTaskGetSchedulerState                 0x08003e10   Section        0  tasks.o(i.xTaskGetSchedulerState)
    i.xTaskIncrementTick                     0x08003e30   Section        0  tasks.o(i.xTaskIncrementTick)
    i.xTaskRemoveFromEventList               0x08003f94   Section        0  tasks.o(i.xTaskRemoveFromEventList)
    i.xTaskResumeAll                         0x0800404c   Section        0  tasks.o(i.xTaskResumeAll)
    .conststring                             0x08004170   Section       85  main.o(.conststring)
    .data                                    0x20000000   Section       20  system_stm32f10x.o(.data)
    .data                                    0x20000014   Section       20  stm32f10x_rcc.o(.data)
    APBAHBPrescTable                         0x20000014   Data          16  stm32f10x_rcc.o(.data)
    ADCPrescTable                            0x20000024   Data           4  stm32f10x_rcc.o(.data)
    .data                                    0x20000028   Section       32  main.o(.data)
    AppTaskCreateHandle                      0x2000002c   Data           4  main.o(.data)
    Key_Task_Handle                          0x20000030   Data           4  main.o(.data)
    Test_Task_Handle                         0x20000034   Data           4  main.o(.data)
    ADC_Task_Handle                          0x20000038   Data           4  main.o(.data)
    LED_Task_Handle                          0x2000003c   Data           4  main.o(.data)
    TIME_Task_Handle                         0x20000040   Data           4  main.o(.data)
    .data                                    0x20000048   Section       12  stm32f10x_it.o(.data)
    .data                                    0x20000054   Section        2  bsp_key.o(.data)
    .data                                    0x20000056   Section        2  bsp_adc.o(.data)
    .data                                    0x20000058   Section       60  tasks.o(.data)
    pxDelayedTaskList                        0x2000005c   Data           4  tasks.o(.data)
    pxOverflowDelayedTaskList                0x20000060   Data           4  tasks.o(.data)
    uxDeletedTasksWaitingCleanUp             0x20000064   Data           4  tasks.o(.data)
    uxCurrentNumberOfTasks                   0x20000068   Data           4  tasks.o(.data)
    xTickCount                               0x2000006c   Data           4  tasks.o(.data)
    uxTopReadyPriority                       0x20000070   Data           4  tasks.o(.data)
    xSchedulerRunning                        0x20000074   Data           4  tasks.o(.data)
    uxPendedTicks                            0x20000078   Data           4  tasks.o(.data)
    xYieldPending                            0x2000007c   Data           4  tasks.o(.data)
    xNumOfOverflows                          0x20000080   Data           4  tasks.o(.data)
    uxTaskNumber                             0x20000084   Data           4  tasks.o(.data)
    xNextTaskUnblockTime                     0x20000088   Data           4  tasks.o(.data)
    xIdleTaskHandle                          0x2000008c   Data           4  tasks.o(.data)
    uxSchedulerSuspended                     0x20000090   Data           4  tasks.o(.data)
    .data                                    0x20000094   Section       24  heap_4.o(.data)
    xStart                                   0x20000094   Data           8  heap_4.o(.data)
    pxEnd                                    0x2000009c   Data           4  heap_4.o(.data)
    xFreeBytesRemaining                      0x200000a0   Data           4  heap_4.o(.data)
    xMinimumEverFreeBytesRemaining           0x200000a4   Data           4  heap_4.o(.data)
    xBlockAllocatedBit                       0x200000a8   Data           4  heap_4.o(.data)
    .data                                    0x200000ac   Section       12  port.o(.data)
    uxCriticalNesting                        0x200000ac   Data           4  port.o(.data)
    ucMaxSysCallPriority                     0x200000b0   Data           1  port.o(.data)
    ulMaxPRIGROUPValue                       0x200000b4   Data           4  port.o(.data)
    .data                                    0x200000b8   Section        4  stdout.o(.data)
    .bss                                     0x200000bc   Section       60  bsp_key.o(.bss)
    s_tBtn                                   0x200000bc   Data          48  bsp_key.o(.bss)
    s_tKey                                   0x200000ec   Data          12  bsp_key.o(.bss)
    .bss                                     0x200000f8   Section      740  tasks.o(.bss)
    pxReadyTasksLists                        0x200000f8   Data         640  tasks.o(.bss)
    xDelayedTaskList1                        0x20000378   Data          20  tasks.o(.bss)
    xDelayedTaskList2                        0x2000038c   Data          20  tasks.o(.bss)
    xPendingReadyList                        0x200003a0   Data          20  tasks.o(.bss)
    xTasksWaitingTermination                 0x200003b4   Data          20  tasks.o(.bss)
    xSuspendedTaskList                       0x200003c8   Data          20  tasks.o(.bss)
    .bss                                     0x200003dc   Section    36864  heap_4.o(.bss)
    ucHeap                                   0x200003dc   Data       36864  heap_4.o(.bss)
    STACK                                    0x200093e0   Section     1024  startup_stm32f10x_hd.o(STACK)

    Global Symbols

    Symbol Name                              Value     Ov Type        Size  Object(Section)

    BuildAttributes$$THM_ISAv4$P$D$K$B$S$PE$A:L22UL41UL21$X:L11$S22US41US21$IEEE1$IW$USESV6$~STKCKD$USESV7$~SHL$OTIME$ROPI$EBA8$MICROLIB$REQ8$PRES8$EABIv2 0x00000000   Number         0  anon$$obj.o ABSOLUTE
    __ARM_use_no_argv                        0x00000000   Number         0  main.o ABSOLUTE
    _printf_a                                0x00000000   Number         0  stubs.o ABSOLUTE
    _printf_c                                0x00000000   Number         0  stubs.o ABSOLUTE
    _printf_charcount                        0x00000000   Number         0  stubs.o ABSOLUTE
    _printf_d                                0x00000000   Number         0  stubs.o ABSOLUTE
    _printf_e                                0x00000000   Number         0  stubs.o ABSOLUTE
    _printf_f                                0x00000000   Number         0  stubs.o ABSOLUTE
    _printf_flags                            0x00000000   Number         0  stubs.o ABSOLUTE
    _printf_fp_dec                           0x00000000   Number         0  stubs.o ABSOLUTE
    _printf_fp_hex                           0x00000000   Number         0  stubs.o ABSOLUTE
    _printf_g                                0x00000000   Number         0  stubs.o ABSOLUTE
    _printf_i                                0x00000000   Number         0  stubs.o ABSOLUTE
    _printf_int_dec                          0x00000000   Number         0  stubs.o ABSOLUTE
    _printf_l                                0x00000000   Number         0  stubs.o ABSOLUTE
    _printf_lc                               0x00000000   Number         0  stubs.o ABSOLUTE
    _printf_ll                               0x00000000   Number         0  stubs.o ABSOLUTE
    _printf_lld                              0x00000000   Number         0  stubs.o ABSOLUTE
    _printf_lli                              0x00000000   Number         0  stubs.o ABSOLUTE
    _printf_llo                              0x00000000   Number         0  stubs.o ABSOLUTE
    _printf_llu                              0x00000000   Number         0  stubs.o ABSOLUTE
    _printf_llx                              0x00000000   Number         0  stubs.o ABSOLUTE
    _printf_longlong_dec                     0x00000000   Number         0  stubs.o ABSOLUTE
    _printf_longlong_hex                     0x00000000   Number         0  stubs.o ABSOLUTE
    _printf_longlong_oct                     0x00000000   Number         0  stubs.o ABSOLUTE
    _printf_ls                               0x00000000   Number         0  stubs.o ABSOLUTE
    _printf_mbtowc                           0x00000000   Number         0  stubs.o ABSOLUTE
    _printf_n                                0x00000000   Number         0  stubs.o ABSOLUTE
    _printf_o                                0x00000000   Number         0  stubs.o ABSOLUTE
    _printf_p                                0x00000000   Number         0  stubs.o ABSOLUTE
    _printf_percent                          0x00000000   Number         0  stubs.o ABSOLUTE
    _printf_pre_padding                      0x00000000   Number         0  stubs.o ABSOLUTE
    _printf_return_value                     0x00000000   Number         0  stubs.o ABSOLUTE
    _printf_s                                0x00000000   Number         0  stubs.o ABSOLUTE
    _printf_sizespec                         0x00000000   Number         0  stubs.o ABSOLUTE
    _printf_str                              0x00000000   Number         0  stubs.o ABSOLUTE
    _printf_truncate_signed                  0x00000000   Number         0  stubs.o ABSOLUTE
    _printf_truncate_unsigned                0x00000000   Number         0  stubs.o ABSOLUTE
    _printf_u                                0x00000000   Number         0  stubs.o ABSOLUTE
    _printf_wc                               0x00000000   Number         0  stubs.o ABSOLUTE
    _printf_wctomb                           0x00000000   Number         0  stubs.o ABSOLUTE
    _printf_widthprec                        0x00000000   Number         0  stubs.o ABSOLUTE
    _printf_x                                0x00000000   Number         0  stubs.o ABSOLUTE
    __cpp_initialize__aeabi_                  - Undefined Weak Reference
    __cxa_finalize                            - Undefined Weak Reference
    __decompress                              - Undefined Weak Reference
    _clock_init                               - Undefined Weak Reference
    _microlib_exit                            - Undefined Weak Reference
    __Vectors_Size                           0x00000130   Number         0  startup_stm32f10x_hd.o ABSOLUTE
    __Vectors                                0x08000000   Data           4  startup_stm32f10x_hd.o(RESET)
    __Vectors_End                            0x08000130   Data           0  startup_stm32f10x_hd.o(RESET)
    __main                                   0x08000131   Thumb Code     0  entry.o(.ARM.Collect$$$$00000000)
    _main_stk                                0x08000131   Thumb Code     0  entry2.o(.ARM.Collect$$$$00000001)
    _main_scatterload                        0x08000135   Thumb Code     0  entry5.o(.ARM.Collect$$$$00000004)
    __main_after_scatterload                 0x08000139   Thumb Code     0  entry5.o(.ARM.Collect$$$$00000004)
    _main_clock                              0x08000139   Thumb Code     0  entry7b.o(.ARM.Collect$$$$00000008)
    _main_cpp_init                           0x08000139   Thumb Code     0  entry8b.o(.ARM.Collect$$$$0000000A)
    _main_init                               0x08000139   Thumb Code     0  entry9a.o(.ARM.Collect$$$$0000000B)
    __rt_final_cpp                           0x08000141   Thumb Code     0  entry10a.o(.ARM.Collect$$$$0000000D)
    __rt_final_exit                          0x08000141   Thumb Code     0  entry11a.o(.ARM.Collect$$$$0000000F)
    SVC_Handler                              0x08000145   Thumb Code    32  port.o(.emb_text)
    __asm___6_port_c_39a90d8d__prvStartFirstTask 0x08000169   Thumb Code    28  port.o(.emb_text)
    PendSV_Handler                           0x08000189   Thumb Code    72  port.o(.emb_text)
    vPortGetIPSR                             0x080001d5   Thumb Code     6  port.o(.emb_text)
    Reset_Handler                            0x080001dd   Thumb Code     8  startup_stm32f10x_hd.o(.text)
    ADC1_2_IRQHandler                        0x080001f7   Thumb Code     0  startup_stm32f10x_hd.o(.text)
    ADC3_IRQHandler                          0x080001f7   Thumb Code     0  startup_stm32f10x_hd.o(.text)
    CAN1_RX1_IRQHandler                      0x080001f7   Thumb Code     0  startup_stm32f10x_hd.o(.text)
    CAN1_SCE_IRQHandler                      0x080001f7   Thumb Code     0  startup_stm32f10x_hd.o(.text)
    DMA1_Channel1_IRQHandler                 0x080001f7   Thumb Code     0  startup_stm32f10x_hd.o(.text)
    DMA1_Channel2_IRQHandler                 0x080001f7   Thumb Code     0  startup_stm32f10x_hd.o(.text)
    DMA1_Channel3_IRQHandler                 0x080001f7   Thumb Code     0  startup_stm32f10x_hd.o(.text)
    DMA1_Channel4_IRQHandler                 0x080001f7   Thumb Code     0  startup_stm32f10x_hd.o(.text)
    DMA1_Channel5_IRQHandler                 0x080001f7   Thumb Code     0  startup_stm32f10x_hd.o(.text)
    DMA1_Channel6_IRQHandler                 0x080001f7   Thumb Code     0  startup_stm32f10x_hd.o(.text)
    DMA1_Channel7_IRQHandler                 0x080001f7   Thumb Code     0  startup_stm32f10x_hd.o(.text)
    DMA2_Channel1_IRQHandler                 0x080001f7   Thumb Code     0  startup_stm32f10x_hd.o(.text)
    DMA2_Channel2_IRQHandler                 0x080001f7   Thumb Code     0  startup_stm32f10x_hd.o(.text)
    DMA2_Channel3_IRQHandler                 0x080001f7   Thumb Code     0  startup_stm32f10x_hd.o(.text)
    DMA2_Channel4_5_IRQHandler               0x080001f7   Thumb Code     0  startup_stm32f10x_hd.o(.text)
    EXTI0_IRQHandler                         0x080001f7   Thumb Code     0  startup_stm32f10x_hd.o(.text)
    EXTI15_10_IRQHandler                     0x080001f7   Thumb Code     0  startup_stm32f10x_hd.o(.text)
    EXTI1_IRQHandler                         0x080001f7   Thumb Code     0  startup_stm32f10x_hd.o(.text)
    EXTI2_IRQHandler                         0x080001f7   Thumb Code     0  startup_stm32f10x_hd.o(.text)
    EXTI3_IRQHandler                         0x080001f7   Thumb Code     0  startup_stm32f10x_hd.o(.text)
    EXTI4_IRQHandler                         0x080001f7   Thumb Code     0  startup_stm32f10x_hd.o(.text)
    EXTI9_5_IRQHandler                       0x080001f7   Thumb Code     0  startup_stm32f10x_hd.o(.text)
    FLASH_IRQHandler                         0x080001f7   Thumb Code     0  startup_stm32f10x_hd.o(.text)
    FSMC_IRQHandler                          0x080001f7   Thumb Code     0  startup_stm32f10x_hd.o(.text)
    I2C1_ER_IRQHandler                       0x080001f7   Thumb Code     0  startup_stm32f10x_hd.o(.text)
    I2C1_EV_IRQHandler                       0x080001f7   Thumb Code     0  startup_stm32f10x_hd.o(.text)
    I2C2_ER_IRQHandler                       0x080001f7   Thumb Code     0  startup_stm32f10x_hd.o(.text)
    I2C2_EV_IRQHandler                       0x080001f7   Thumb Code     0  startup_stm32f10x_hd.o(.text)
    PVD_IRQHandler                           0x080001f7   Thumb Code     0  startup_stm32f10x_hd.o(.text)
    RCC_IRQHandler                           0x080001f7   Thumb Code     0  startup_stm32f10x_hd.o(.text)
    RTCAlarm_IRQHandler                      0x080001f7   Thumb Code     0  startup_stm32f10x_hd.o(.text)
    RTC_IRQHandler                           0x080001f7   Thumb Code     0  startup_stm32f10x_hd.o(.text)
    SDIO_IRQHandler                          0x080001f7   Thumb Code     0  startup_stm32f10x_hd.o(.text)
    SPI1_IRQHandler                          0x080001f7   Thumb Code     0  startup_stm32f10x_hd.o(.text)
    SPI2_IRQHandler                          0x080001f7   Thumb Code     0  startup_stm32f10x_hd.o(.text)
    SPI3_IRQHandler                          0x080001f7   Thumb Code     0  startup_stm32f10x_hd.o(.text)
    TAMPER_IRQHandler                        0x080001f7   Thumb Code     0  startup_stm32f10x_hd.o(.text)
    TIM1_BRK_IRQHandler                      0x080001f7   Thumb Code     0  startup_stm32f10x_hd.o(.text)
    TIM1_CC_IRQHandler                       0x080001f7   Thumb Code     0  startup_stm32f10x_hd.o(.text)
    TIM1_TRG_COM_IRQHandler                  0x080001f7   Thumb Code     0  startup_stm32f10x_hd.o(.text)
    TIM1_UP_IRQHandler                       0x080001f7   Thumb Code     0  startup_stm32f10x_hd.o(.text)
    TIM2_IRQHandler                          0x080001f7   Thumb Code     0  startup_stm32f10x_hd.o(.text)
    TIM3_IRQHandler                          0x080001f7   Thumb Code     0  startup_stm32f10x_hd.o(.text)
    TIM4_IRQHandler                          0x080001f7   Thumb Code     0  startup_stm32f10x_hd.o(.text)
    TIM5_IRQHandler                          0x080001f7   Thumb Code     0  startup_stm32f10x_hd.o(.text)
    TIM6_IRQHandler                          0x080001f7   Thumb Code     0  startup_stm32f10x_hd.o(.text)
    TIM7_IRQHandler                          0x080001f7   Thumb Code     0  startup_stm32f10x_hd.o(.text)
    TIM8_BRK_IRQHandler                      0x080001f7   Thumb Code     0  startup_stm32f10x_hd.o(.text)
    TIM8_CC_IRQHandler                       0x080001f7   Thumb Code     0  startup_stm32f10x_hd.o(.text)
    TIM8_TRG_COM_IRQHandler                  0x080001f7   Thumb Code     0  startup_stm32f10x_hd.o(.text)
    TIM8_UP_IRQHandler                       0x080001f7   Thumb Code     0  startup_stm32f10x_hd.o(.text)
    UART4_IRQHandler                         0x080001f7   Thumb Code     0  startup_stm32f10x_hd.o(.text)
    UART5_IRQHandler                         0x080001f7   Thumb Code     0  startup_stm32f10x_hd.o(.text)
    USART1_IRQHandler                        0x080001f7   Thumb Code     0  startup_stm32f10x_hd.o(.text)
    USART2_IRQHandler                        0x080001f7   Thumb Code     0  startup_stm32f10x_hd.o(.text)
    USART3_IRQHandler                        0x080001f7   Thumb Code     0  startup_stm32f10x_hd.o(.text)
    USBWakeUp_IRQHandler                     0x080001f7   Thumb Code     0  startup_stm32f10x_hd.o(.text)
    USB_HP_CAN1_TX_IRQHandler                0x080001f7   Thumb Code     0  startup_stm32f10x_hd.o(.text)
    USB_LP_CAN1_RX0_IRQHandler               0x080001f7   Thumb Code     0  startup_stm32f10x_hd.o(.text)
    WWDG_IRQHandler                          0x080001f7   Thumb Code     0  startup_stm32f10x_hd.o(.text)
    __aeabi_memcpy                           0x08000201   Thumb Code    36  memcpya.o(.text)
    __aeabi_memcpy4                          0x08000201   Thumb Code     0  memcpya.o(.text)
    __aeabi_memcpy8                          0x08000201   Thumb Code     0  memcpya.o(.text)
    __aeabi_fdiv                             0x08000225   Thumb Code   124  fdiv.o(.text)
    __aeabi_dmul                             0x080002a1   Thumb Code   228  dmul.o(.text)
    __aeabi_ui2f                             0x08000385   Thumb Code    10  ffltui.o(.text)
    __aeabi_f2d                              0x0800038f   Thumb Code    38  f2d.o(.text)
    __aeabi_d2f                              0x080003b5   Thumb Code    56  d2f.o(.text)
    __aeabi_uidiv                            0x080003ed   Thumb Code     0  uidiv.o(.text)
    __aeabi_uidivmod                         0x080003ed   Thumb Code    44  uidiv.o(.text)
    __aeabi_uldivmod                         0x08000419   Thumb Code    98  uldiv.o(.text)
    __I$use$fp                               0x0800047b   Thumb Code     0  iusefp.o(.text)
    _float_round                             0x0800047b   Thumb Code    18  fepilogue.o(.text)
    _float_epilogue                          0x0800048d   Thumb Code    92  fepilogue.o(.text)
    _double_round                            0x080004e9   Thumb Code    30  depilogue.o(.text)
    _double_epilogue                         0x08000507   Thumb Code   156  depilogue.o(.text)
    __aeabi_dadd                             0x080005a3   Thumb Code   322  dadd.o(.text)
    __aeabi_dsub                             0x080006e5   Thumb Code     6  dadd.o(.text)
    __aeabi_drsub                            0x080006eb   Thumb Code     6  dadd.o(.text)
    __aeabi_ddiv                             0x080006f1   Thumb Code   222  ddiv.o(.text)
    __aeabi_d2ulz                            0x080007cf   Thumb Code    48  dfixul.o(.text)
    __aeabi_cdrcmple                         0x08000801   Thumb Code    48  cdrcmple.o(.text)
    __scatterload                            0x08000831   Thumb Code    28  init.o(.text)
    __scatterload_rt2                        0x08000831   Thumb Code     0  init.o(.text)
    __aeabi_llsl                             0x08000855   Thumb Code    30  llshl.o(.text)
    _ll_shift_l                              0x08000855   Thumb Code     0  llshl.o(.text)
    __aeabi_llsr                             0x08000873   Thumb Code    32  llushr.o(.text)
    _ll_ushift_r                             0x08000873   Thumb Code     0  llushr.o(.text)
    __aeabi_lasr                             0x08000893   Thumb Code    36  llsshr.o(.text)
    _ll_sshift_r                             0x08000893   Thumb Code     0  llsshr.o(.text)
    ADC_Cmd                                  0x080008b7   Thumb Code    22  stm32f10x_adc.o(i.ADC_Cmd)
    ADC_DMACmd                               0x080008cd   Thumb Code    22  stm32f10x_adc.o(i.ADC_DMACmd)
    ADC_GetCalibrationStatus                 0x080008e3   Thumb Code    20  stm32f10x_adc.o(i.ADC_GetCalibrationStatus)
    ADC_GetResetCalibrationStatus            0x080008f7   Thumb Code    20  stm32f10x_adc.o(i.ADC_GetResetCalibrationStatus)
    ADC_Init                                 0x0800090d   Thumb Code    70  stm32f10x_adc.o(i.ADC_Init)
    ADC_RegularChannelConfig                 0x0800095d   Thumb Code   184  stm32f10x_adc.o(i.ADC_RegularChannelConfig)
    ADC_ResetCalibration                     0x08000a15   Thumb Code    10  stm32f10x_adc.o(i.ADC_ResetCalibration)
    ADC_SoftwareStartConvCmd                 0x08000a1f   Thumb Code    22  stm32f10x_adc.o(i.ADC_SoftwareStartConvCmd)
    ADC_StartCalibration                     0x08000a35   Thumb Code    10  stm32f10x_adc.o(i.ADC_StartCalibration)
    ADCx_Init                                0x08000b09   Thumb Code    12  bsp_adc.o(i.ADCx_Init)
    BusFault_Handler                         0x08000e0d   Thumb Code     4  stm32f10x_it.o(i.BusFault_Handler)
    COLOR_TIMx_LED_Init                      0x08000e65   Thumb Code    12  bsp_color_led.o(i.COLOR_TIMx_LED_Init)
    CPU_TS_TmrInit                           0x08000efd   Thumb Code    30  core_delay.o(i.CPU_TS_TmrInit)
    CPU_TS_TmrRd                             0x08000f25   Thumb Code     6  core_delay.o(i.CPU_TS_TmrRd)
    CPU_TS_Tmr_Delay_US                      0x08000f31   Thumb Code    76  core_delay.o(i.CPU_TS_Tmr_Delay_US)
    DEBUG_Config                             0x08000f85   Thumb Code   136  bsp_debug.o(i.DEBUG_Config)
    DHT11_Init                               0x08001041   Thumb Code    16  bsp_dht11.o(i.DHT11_Init)
    DHT11_Read_TempAndHumidity               0x080010f5   Thumb Code   156  bsp_dht11.o(i.DHT11_Read_TempAndHumidity)
    DMA_Cmd                                  0x08001195   Thumb Code    24  stm32f10x_dma.o(i.DMA_Cmd)
    DMA_DeInit                               0x080011ad   Thumb Code   324  stm32f10x_dma.o(i.DMA_DeInit)
    DMA_Init                                 0x080012f9   Thumb Code    60  stm32f10x_dma.o(i.DMA_Init)
    DebugMon_Handler                         0x08001335   Thumb Code     2  stm32f10x_it.o(i.DebugMon_Handler)
    GPIO_Init                                0x08001337   Thumb Code   278  stm32f10x_gpio.o(i.GPIO_Init)
    GPIO_PinRemapConfig                      0x0800144d   Thumb Code   138  stm32f10x_gpio.o(i.GPIO_PinRemapConfig)
    GPIO_ReadInputDataBit                    0x080014dd   Thumb Code    18  stm32f10x_gpio.o(i.GPIO_ReadInputDataBit)
    GPIO_ResetBits                           0x080014ef   Thumb Code     4  stm32f10x_gpio.o(i.GPIO_ResetBits)
    GPIO_SetBits                             0x080014f3   Thumb Code     4  stm32f10x_gpio.o(i.GPIO_SetBits)
    HardFault_Handler                        0x080014f7   Thumb Code     4  stm32f10x_it.o(i.HardFault_Handler)
    KEY_FIFO_Get                             0x08001619   Thumb Code    46  bsp_key.o(i.KEY_FIFO_Get)
    KEY_Init                                 0x080016d5   Thumb Code    68  bsp_key.o(i.KEY_Init)
    KEY_Scan                                 0x08001721   Thumb Code    22  bsp_key.o(i.KEY_Scan)
    MemManage_Handler                        0x080017e1   Thumb Code     4  stm32f10x_it.o(i.MemManage_Handler)
    NMI_Handler                              0x080017e5   Thumb Code     2  stm32f10x_it.o(i.NMI_Handler)
    NVIC_Init                                0x0800180d   Thumb Code   100  misc.o(i.NVIC_Init)
    NVIC_PriorityGroupConfig                 0x0800187d   Thumb Code    10  misc.o(i.NVIC_PriorityGroupConfig)
    RCC_ADCCLKConfig                         0x08001891   Thumb Code    18  stm32f10x_rcc.o(i.RCC_ADCCLKConfig)
    RCC_AHBPeriphClockCmd                    0x080018a9   Thumb Code    26  stm32f10x_rcc.o(i.RCC_AHBPeriphClockCmd)
    RCC_APB1PeriphClockCmd                   0x080018c9   Thumb Code    26  stm32f10x_rcc.o(i.RCC_APB1PeriphClockCmd)
    RCC_APB2PeriphClockCmd                   0x080018e9   Thumb Code    26  stm32f10x_rcc.o(i.RCC_APB2PeriphClockCmd)
    RCC_GetClocksFreq                        0x08001909   Thumb Code   192  stm32f10x_rcc.o(i.RCC_GetClocksFreq)
    SetRGBColor                              0x080019dd   Thumb Code    24  bsp_color_led.o(i.SetRGBColor)
    SysTick_Handler                          0x08001ae1   Thumb Code    92  stm32f10x_it.o(i.SysTick_Handler)
    SystemInit                               0x08001b49   Thumb Code    78  system_stm32f10x.o(i.SystemInit)
    TIM_ARRPreloadConfig                     0x08001be9   Thumb Code    24  stm32f10x_tim.o(i.TIM_ARRPreloadConfig)
    TIM_Cmd                                  0x08001c01   Thumb Code    24  stm32f10x_tim.o(i.TIM_Cmd)
    TIM_OC2Init                              0x08001c19   Thumb Code   154  stm32f10x_tim.o(i.TIM_OC2Init)
    TIM_OC2PreloadConfig                     0x08001cbd   Thumb Code    26  stm32f10x_tim.o(i.TIM_OC2PreloadConfig)
    TIM_OC3Init                              0x08001cd9   Thumb Code   150  stm32f10x_tim.o(i.TIM_OC3Init)
    TIM_OC3PreloadConfig                     0x08001d79   Thumb Code    18  stm32f10x_tim.o(i.TIM_OC3PreloadConfig)
    TIM_OC4Init                              0x08001d8d   Thumb Code   114  stm32f10x_tim.o(i.TIM_OC4Init)
    TIM_OC4PreloadConfig                     0x08001e09   Thumb Code    26  stm32f10x_tim.o(i.TIM_OC4PreloadConfig)
    TIM_TimeBaseInit                         0x08001e25   Thumb Code   122  stm32f10x_tim.o(i.TIM_TimeBaseInit)
    TimingFIFO_KeyScan                       0x08001f2d   Thumb Code    34  bsp_key.o(i.TimingFIFO_KeyScan)
    USART_Cmd                                0x08001f55   Thumb Code    24  stm32f10x_usart.o(i.USART_Cmd)
    USART_GetFlagStatus                      0x08001f6d   Thumb Code    26  stm32f10x_usart.o(i.USART_GetFlagStatus)
    USART_ITConfig                           0x08001f87   Thumb Code    74  stm32f10x_usart.o(i.USART_ITConfig)
    USART_Init                               0x08001fd1   Thumb Code   210  stm32f10x_usart.o(i.USART_Init)
    USART_SendData                           0x080020a9   Thumb Code     8  stm32f10x_usart.o(i.USART_SendData)
    UsageFault_Handler                       0x080020b1   Thumb Code     4  stm32f10x_it.o(i.UsageFault_Handler)
    __0printf                                0x080020b5   Thumb Code    22  printfa.o(i.__0printf)
    __1printf                                0x080020b5   Thumb Code     0  printfa.o(i.__0printf)
    __2printf                                0x080020b5   Thumb Code     0  printfa.o(i.__0printf)
    __c89printf                              0x080020b5   Thumb Code     0  printfa.o(i.__0printf)
    printf                                   0x080020b5   Thumb Code     0  printfa.o(i.__0printf)
    __scatterload_copy                       0x080020d5   Thumb Code    14  handlers.o(i.__scatterload_copy)
    __scatterload_null                       0x080020e3   Thumb Code     2  handlers.o(i.__scatterload_null)
    __scatterload_zeroinit                   0x080020e5   Thumb Code    14  handlers.o(i.__scatterload_zeroinit)
    fputc                                    0x080029a9   Thumb Code    32  bsp_debug.o(i.fputc)
    main                                     0x080029cd   Thumb Code    72  main.o(i.main)
    pvPortMalloc                             0x08003049   Thumb Code   262  heap_4.o(i.pvPortMalloc)
    pxPortInitialiseStack                    0x08003199   Thumb Code    30  port.o(i.pxPortInitialiseStack)
    uxListRemove                             0x080031bd   Thumb Code    40  list.o(i.uxListRemove)
    vListInitialise                          0x080031e5   Thumb Code    26  list.o(i.vListInitialise)
    vListInitialiseItem                      0x080031ff   Thumb Code     6  list.o(i.vListInitialiseItem)
    vListInsert                              0x08003205   Thumb Code    52  list.o(i.vListInsert)
    vListInsertEnd                           0x08003239   Thumb Code    24  list.o(i.vListInsertEnd)
    vPortEnterCritical                       0x08003251   Thumb Code    68  port.o(i.vPortEnterCritical)
    vPortExitCritical                        0x080032d5   Thumb Code    48  port.o(i.vPortExitCritical)
    vPortFree                                0x08003341   Thumb Code   120  heap_4.o(i.vPortFree)
    vPortSetupTimerInterrupt                 0x080033f5   Thumb Code    26  port.o(i.vPortSetupTimerInterrupt)
    vTaskDelay                               0x08003415   Thumb Code    72  tasks.o(i.vTaskDelay)
    vTaskDelete                              0x0800348d   Thumb Code   192  tasks.o(i.vTaskDelete)
    vTaskMissedYield                         0x0800359d   Thumb Code     8  tasks.o(i.vTaskMissedYield)
    vTaskPlaceOnEventList                    0x080035a9   Thumb Code    42  tasks.o(i.vTaskPlaceOnEventList)
    vTaskSetTimeOutState                     0x08003601   Thumb Code    32  tasks.o(i.vTaskSetTimeOutState)
    vTaskStartScheduler                      0x08003651   Thumb Code    98  tasks.o(i.vTaskStartScheduler)
    vTaskSuspendAll                          0x080036f9   Thumb Code    12  tasks.o(i.vTaskSuspendAll)
    vTaskSwitchContext                       0x08003709   Thumb Code   110  tasks.o(i.vTaskSwitchContext)
    xPortStartScheduler                      0x080037b5   Thumb Code   140  port.o(i.xPortStartScheduler)
    xPortSysTickHandler                      0x08003855   Thumb Code    46  port.o(i.xPortSysTickHandler)
    xQueueGenericCreate                      0x08003889   Thumb Code    78  queue.o(i.xQueueGenericCreate)
    xQueueGenericReceive                     0x08003901   Thumb Code   386  queue.o(i.xQueueGenericReceive)
    xQueueGenericReset                       0x08003ab1   Thumb Code   136  queue.o(i.xQueueGenericReset)
    xQueueGenericSend                        0x08003b65   Thumb Code   380  queue.o(i.xQueueGenericSend)
    xTaskCheckForTimeOut                     0x08003d0d   Thumb Code   116  tasks.o(i.xTaskCheckForTimeOut)
    xTaskCreate                              0x08003db1   Thumb Code    96  tasks.o(i.xTaskCreate)
    xTaskGetSchedulerState                   0x08003e11   Thumb Code    24  tasks.o(i.xTaskGetSchedulerState)
    xTaskIncrementTick                       0x08003e31   Thumb Code   272  tasks.o(i.xTaskIncrementTick)
    xTaskRemoveFromEventList                 0x08003f95   Thumb Code   118  tasks.o(i.xTaskRemoveFromEventList)
    xTaskResumeAll                           0x0800404d   Thumb Code   214  tasks.o(i.xTaskResumeAll)
    Region$$Table$$Base                      0x080041c8   Number         0  anon$$obj.o(Region$$Table)
    Region$$Table$$Limit                     0x080041e8   Number         0  anon$$obj.o(Region$$Table)
    SystemCoreClock                          0x20000000   Data           4  system_stm32f10x.o(.data)
    AHBPrescTable                            0x20000004   Data          16  system_stm32f10x.o(.data)
    StartFlag                                0x20000028   Data           1  main.o(.data)
    Test_Queue                               0x20000044   Data           4  main.o(.data)
    time5ms                                  0x20000048   Data           4  stm32f10x_it.o(.data)
    time1ms                                  0x2000004c   Data           4  stm32f10x_it.o(.data)
    time5s                                   0x20000050   Data           4  stm32f10x_it.o(.data)
    KeyFIFOTime                              0x20000054   Data           2  bsp_key.o(.data)
    ADC_ConvertedValue                       0x20000056   Data           2  bsp_adc.o(.data)
    pxCurrentTCB                             0x20000058   Data           4  tasks.o(.data)
    __stdout                                 0x200000b8   Data           4  stdout.o(.data)
    __initial_sp                             0x200097e0   Data           0  startup_stm32f10x_hd.o(STACK)



==============================================================================

Memory Map of the image

  Image Entry point : 0x08000131

  Load Region LR_IROM1 (Base: 0x08000000, Size: 0x000042a4, Max: 0x00080000, ABSOLUTE)

    Execution Region ER_IROM1 (Exec base: 0x08000000, Load base: 0x08000000, Size: 0x000041e8, Max: 0x00080000, ABSOLUTE)

    Exec Addr    Load Addr    Size         Type   Attr      Idx    E Section Name        Object

    0x08000000   0x08000000   0x00000130   Data   RO            3    RESET               startup_stm32f10x_hd.o
    0x08000130   0x08000130   0x00000000   Code   RO         4270  * .ARM.Collect$$$$00000000  mc_w.l(entry.o)
    0x08000130   0x08000130   0x00000004   Code   RO         4548    .ARM.Collect$$$$00000001  mc_w.l(entry2.o)
    0x08000134   0x08000134   0x00000004   Code   RO         4551    .ARM.Collect$$$$00000004  mc_w.l(entry5.o)
    0x08000138   0x08000138   0x00000000   Code   RO         4553    .ARM.Collect$$$$00000008  mc_w.l(entry7b.o)
    0x08000138   0x08000138   0x00000000   Code   RO         4555    .ARM.Collect$$$$0000000A  mc_w.l(entry8b.o)
    0x08000138   0x08000138   0x00000008   Code   RO         4556    .ARM.Collect$$$$0000000B  mc_w.l(entry9a.o)
    0x08000140   0x08000140   0x00000000   Code   RO         4558    .ARM.Collect$$$$0000000D  mc_w.l(entry10a.o)
    0x08000140   0x08000140   0x00000000   Code   RO         4560    .ARM.Collect$$$$0000000F  mc_w.l(entry11a.o)
    0x08000140   0x08000140   0x00000004   Code   RO         4549    .ARM.Collect$$$$00002712  mc_w.l(entry2.o)
    0x08000144   0x08000144   0x00000096   Code   RO         4193    .emb_text           port.o
    0x080001da   0x080001da   0x00000002   PAD
    0x080001dc   0x080001dc   0x00000024   Code   RO            4    .text               startup_stm32f10x_hd.o
    0x08000200   0x08000200   0x00000024   Code   RO         4273    .text               mc_w.l(memcpya.o)
    0x08000224   0x08000224   0x0000007c   Code   RO         4538    .text               mf_w.l(fdiv.o)
    0x080002a0   0x080002a0   0x000000e4   Code   RO         4540    .text               mf_w.l(dmul.o)
    0x08000384   0x08000384   0x0000000a   Code   RO         4542    .text               mf_w.l(ffltui.o)
    0x0800038e   0x0800038e   0x00000026   Code   RO         4544    .text               mf_w.l(f2d.o)
    0x080003b4   0x080003b4   0x00000038   Code   RO         4546    .text               mf_w.l(d2f.o)
    0x080003ec   0x080003ec   0x0000002c   Code   RO         4563    .text               mc_w.l(uidiv.o)
    0x08000418   0x08000418   0x00000062   Code   RO         4565    .text               mc_w.l(uldiv.o)
    0x0800047a   0x0800047a   0x00000000   Code   RO         4567    .text               mc_w.l(iusefp.o)
    0x0800047a   0x0800047a   0x0000006e   Code   RO         4568    .text               mf_w.l(fepilogue.o)
    0x080004e8   0x080004e8   0x000000ba   Code   RO         4570    .text               mf_w.l(depilogue.o)
    0x080005a2   0x080005a2   0x0000014e   Code   RO         4572    .text               mf_w.l(dadd.o)
    0x080006f0   0x080006f0   0x000000de   Code   RO         4574    .text               mf_w.l(ddiv.o)
    0x080007ce   0x080007ce   0x00000030   Code   RO         4576    .text               mf_w.l(dfixul.o)
    0x080007fe   0x080007fe   0x00000002   PAD
    0x08000800   0x08000800   0x00000030   Code   RO         4578    .text               mf_w.l(cdrcmple.o)
    0x08000830   0x08000830   0x00000024   Code   RO         4580    .text               mc_w.l(init.o)
    0x08000854   0x08000854   0x0000001e   Code   RO         4582    .text               mc_w.l(llshl.o)
    0x08000872   0x08000872   0x00000020   Code   RO         4584    .text               mc_w.l(llushr.o)
    0x08000892   0x08000892   0x00000024   Code   RO         4586    .text               mc_w.l(llsshr.o)
    0x080008b6   0x080008b6   0x00000016   Code   RO          183    i.ADC_Cmd           stm32f10x_adc.o
    0x080008cc   0x080008cc   0x00000016   Code   RO          184    i.ADC_DMACmd        stm32f10x_adc.o
    0x080008e2   0x080008e2   0x00000014   Code   RO          191    i.ADC_GetCalibrationStatus  stm32f10x_adc.o
    0x080008f6   0x080008f6   0x00000014   Code   RO          197    i.ADC_GetResetCalibrationStatus  stm32f10x_adc.o
    0x0800090a   0x0800090a   0x00000002   PAD
    0x0800090c   0x0800090c   0x00000050   Code   RO          201    i.ADC_Init          stm32f10x_adc.o
    0x0800095c   0x0800095c   0x000000b8   Code   RO          205    i.ADC_RegularChannelConfig  stm32f10x_adc.o
    0x08000a14   0x08000a14   0x0000000a   Code   RO          206    i.ADC_ResetCalibration  stm32f10x_adc.o
    0x08000a1e   0x08000a1e   0x00000016   Code   RO          208    i.ADC_SoftwareStartConvCmd  stm32f10x_adc.o
    0x08000a34   0x08000a34   0x0000000a   Code   RO          210    i.ADC_StartCalibration  stm32f10x_adc.o
    0x08000a3e   0x08000a3e   0x00000002   PAD
    0x08000a40   0x08000a40   0x000000a4   Code   RO         3108    i.ADC_Task          main.o
    0x08000ae4   0x08000ae4   0x00000024   Code   RO         3490    i.ADCx_GPIO_Config  bsp_adc.o
    0x08000b08   0x08000b08   0x0000000c   Code   RO         3491    i.ADCx_Init         bsp_adc.o
    0x08000b14   0x08000b14   0x000000f0   Code   RO         3492    i.ADCx_Mode_Config  bsp_adc.o
    0x08000c04   0x08000c04   0x00000208   Code   RO         3109    i.AppTaskCreate     main.o
    0x08000e0c   0x08000e0c   0x00000004   Code   RO         3216    i.BusFault_Handler  stm32f10x_it.o
    0x08000e10   0x08000e10   0x00000054   Code   RO         3527    i.COLOR_TIMx_GPIO_Config  bsp_color_led.o
    0x08000e64   0x08000e64   0x0000000c   Code   RO         3529    i.COLOR_TIMx_LED_Init  bsp_color_led.o
    0x08000e70   0x08000e70   0x0000008c   Code   RO         3530    i.COLOR_TIMx_Mode_Config  bsp_color_led.o
    0x08000efc   0x08000efc   0x00000028   Code   RO         3466    i.CPU_TS_TmrInit    core_delay.o
    0x08000f24   0x08000f24   0x0000000c   Code   RO         3467    i.CPU_TS_TmrRd      core_delay.o
    0x08000f30   0x08000f30   0x00000054   Code   RO         3468    i.CPU_TS_Tmr_Delay_US  core_delay.o
    0x08000f84   0x08000f84   0x00000090   Code   RO         3271    i.DEBUG_Config      bsp_debug.o
    0x08001014   0x08001014   0x0000002c   Code   RO         3428    i.DHT11_GPIO_Config  bsp_dht11.o
    0x08001040   0x08001040   0x00000014   Code   RO         3429    i.DHT11_Init        bsp_dht11.o
    0x08001054   0x08001054   0x0000001c   Code   RO         3430    i.DHT11_Mode_IPU    bsp_dht11.o
    0x08001070   0x08001070   0x00000024   Code   RO         3431    i.DHT11_Mode_Out_PP  bsp_dht11.o
    0x08001094   0x08001094   0x00000060   Code   RO         3432    i.DHT11_ReadByte    bsp_dht11.o
    0x080010f4   0x080010f4   0x000000a0   Code   RO         3433    i.DHT11_Read_TempAndHumidity  bsp_dht11.o
    0x08001194   0x08001194   0x00000018   Code   RO          868    i.DMA_Cmd           stm32f10x_dma.o
    0x080011ac   0x080011ac   0x0000014c   Code   RO          869    i.DMA_DeInit        stm32f10x_dma.o
    0x080012f8   0x080012f8   0x0000003c   Code   RO          874    i.DMA_Init          stm32f10x_dma.o
    0x08001334   0x08001334   0x00000002   Code   RO         3217    i.DebugMon_Handler  stm32f10x_it.o
    0x08001336   0x08001336   0x00000116   Code   RO         1292    i.GPIO_Init         stm32f10x_gpio.o
    0x0800144c   0x0800144c   0x00000090   Code   RO         1294    i.GPIO_PinRemapConfig  stm32f10x_gpio.o
    0x080014dc   0x080014dc   0x00000012   Code   RO         1296    i.GPIO_ReadInputDataBit  stm32f10x_gpio.o
    0x080014ee   0x080014ee   0x00000004   Code   RO         1299    i.GPIO_ResetBits    stm32f10x_gpio.o
    0x080014f2   0x080014f2   0x00000004   Code   RO         1300    i.GPIO_SetBits      stm32f10x_gpio.o
    0x080014f6   0x080014f6   0x00000004   Code   RO         3218    i.HardFault_Handler  stm32f10x_it.o
    0x080014fa   0x080014fa   0x00000002   PAD
    0x080014fc   0x080014fc   0x00000018   Code   RO         3328    i.IsKey1Down        bsp_key.o
    0x08001514   0x08001514   0x0000001c   Code   RO         3329    i.IsKey2Down        bsp_key.o
    0x08001530   0x08001530   0x0000001c   Code   RO         3330    i.IsKey3Down        bsp_key.o
    0x0800154c   0x0800154c   0x000000cc   Code   RO         3331    i.KEY_Detect        bsp_key.o
    0x08001618   0x08001618   0x00000034   Code   RO         3333    i.KEY_FIFO_Get      bsp_key.o
    0x0800164c   0x0800164c   0x00000068   Code   RO         3334    i.KEY_FIFO_Init     bsp_key.o
    0x080016b4   0x080016b4   0x00000020   Code   RO         3335    i.KEY_FIFO_Put      bsp_key.o
    0x080016d4   0x080016d4   0x0000004c   Code   RO         3338    i.KEY_Init          bsp_key.o
    0x08001720   0x08001720   0x00000016   Code   RO         3339    i.KEY_Scan          bsp_key.o
    0x08001736   0x08001736   0x00000002   PAD
    0x08001738   0x08001738   0x0000002c   Code   RO         3110    i.Key_Task          main.o
    0x08001764   0x08001764   0x0000007c   Code   RO         3111    i.LED_Task          main.o
    0x080017e0   0x080017e0   0x00000004   Code   RO         3219    i.MemManage_Handler  stm32f10x_it.o
    0x080017e4   0x080017e4   0x00000002   Code   RO         3220    i.NMI_Handler       stm32f10x_it.o
    0x080017e6   0x080017e6   0x00000026   Code   RO         3276    i.NVIC_Configuration  bsp_debug.o
    0x0800180c   0x0800180c   0x00000070   Code   RO          137    i.NVIC_Init         misc.o
    0x0800187c   0x0800187c   0x00000014   Code   RO          138    i.NVIC_PriorityGroupConfig  misc.o
    0x08001890   0x08001890   0x00000018   Code   RO         1706    i.RCC_ADCCLKConfig  stm32f10x_rcc.o
    0x080018a8   0x080018a8   0x00000020   Code   RO         1707    i.RCC_AHBPeriphClockCmd  stm32f10x_rcc.o
    0x080018c8   0x080018c8   0x00000020   Code   RO         1708    i.RCC_APB1PeriphClockCmd  stm32f10x_rcc.o
    0x080018e8   0x080018e8   0x00000020   Code   RO         1710    i.RCC_APB2PeriphClockCmd  stm32f10x_rcc.o
    0x08001908   0x08001908   0x000000d4   Code   RO         1718    i.RCC_GetClocksFreq  stm32f10x_rcc.o
    0x080019dc   0x080019dc   0x0000001c   Code   RO         3532    i.SetRGBColor       bsp_color_led.o
    0x080019f8   0x080019f8   0x00000008   Code   RO           24    i.SetSysClock       system_stm32f10x.o
    0x08001a00   0x08001a00   0x000000e0   Code   RO           25    i.SetSysClockTo72   system_stm32f10x.o
    0x08001ae0   0x08001ae0   0x00000068   Code   RO         3221    i.SysTick_Handler   stm32f10x_it.o
    0x08001b48   0x08001b48   0x00000060   Code   RO           27    i.SystemInit        system_stm32f10x.o
    0x08001ba8   0x08001ba8   0x00000040   Code   RO         3112    i.TIME_Task         main.o
    0x08001be8   0x08001be8   0x00000018   Code   RO         2330    i.TIM_ARRPreloadConfig  stm32f10x_tim.o
    0x08001c00   0x08001c00   0x00000018   Code   RO         2342    i.TIM_Cmd           stm32f10x_tim.o
    0x08001c18   0x08001c18   0x000000a4   Code   RO         2376    i.TIM_OC2Init       stm32f10x_tim.o
    0x08001cbc   0x08001cbc   0x0000001a   Code   RO         2379    i.TIM_OC2PreloadConfig  stm32f10x_tim.o
    0x08001cd6   0x08001cd6   0x00000002   PAD
    0x08001cd8   0x08001cd8   0x000000a0   Code   RO         2381    i.TIM_OC3Init       stm32f10x_tim.o
    0x08001d78   0x08001d78   0x00000012   Code   RO         2384    i.TIM_OC3PreloadConfig  stm32f10x_tim.o
    0x08001d8a   0x08001d8a   0x00000002   PAD
    0x08001d8c   0x08001d8c   0x0000007c   Code   RO         2386    i.TIM_OC4Init       stm32f10x_tim.o
    0x08001e08   0x08001e08   0x0000001a   Code   RO         2388    i.TIM_OC4PreloadConfig  stm32f10x_tim.o
    0x08001e22   0x08001e22   0x00000002   PAD
    0x08001e24   0x08001e24   0x000000a4   Code   RO         2413    i.TIM_TimeBaseInit  stm32f10x_tim.o
    0x08001ec8   0x08001ec8   0x00000064   Code   RO         3113    i.Test_Task         main.o
    0x08001f2c   0x08001f2c   0x00000028   Code   RO         3341    i.TimingFIFO_KeyScan  bsp_key.o
    0x08001f54   0x08001f54   0x00000018   Code   RO         2878    i.USART_Cmd         stm32f10x_usart.o
    0x08001f6c   0x08001f6c   0x0000001a   Code   RO         2881    i.USART_GetFlagStatus  stm32f10x_usart.o
    0x08001f86   0x08001f86   0x0000004a   Code   RO         2884    i.USART_ITConfig    stm32f10x_usart.o
    0x08001fd0   0x08001fd0   0x000000d8   Code   RO         2885    i.USART_Init        stm32f10x_usart.o
    0x080020a8   0x080020a8   0x00000008   Code   RO         2895    i.USART_SendData    stm32f10x_usart.o
    0x080020b0   0x080020b0   0x00000004   Code   RO         3222    i.UsageFault_Handler  stm32f10x_it.o
    0x080020b4   0x080020b4   0x00000020   Code   RO         4510    i.__0printf         mc_w.l(printfa.o)
    0x080020d4   0x080020d4   0x0000000e   Code   RO         4590    i.__scatterload_copy  mc_w.l(handlers.o)
    0x080020e2   0x080020e2   0x00000002   Code   RO         4591    i.__scatterload_null  mc_w.l(handlers.o)
    0x080020e4   0x080020e4   0x0000000e   Code   RO         4592    i.__scatterload_zeroinit  mc_w.l(handlers.o)
    0x080020f2   0x080020f2   0x00000002   PAD
    0x080020f4   0x080020f4   0x00000184   Code   RO         4517    i._fp_digits        mc_w.l(printfa.o)
    0x08002278   0x08002278   0x000006dc   Code   RO         4518    i._printf_core      mc_w.l(printfa.o)
    0x08002954   0x08002954   0x00000024   Code   RO         4519    i._printf_post_padding  mc_w.l(printfa.o)
    0x08002978   0x08002978   0x0000002e   Code   RO         4520    i._printf_pre_padding  mc_w.l(printfa.o)
    0x080029a6   0x080029a6   0x00000002   PAD
    0x080029a8   0x080029a8   0x00000024   Code   RO         3278    i.fputc             bsp_debug.o
    0x080029cc   0x080029cc   0x0000006c   Code   RO         3114    i.main              main.o
    0x08002a38   0x08002a38   0x00000098   Code   RO         3854    i.prvAddCurrentTaskToDelayedList  tasks.o
    0x08002ad0   0x08002ad0   0x000000b4   Code   RO         3855    i.prvAddNewTaskToReadyList  tasks.o
    0x08002b84   0x08002b84   0x00000064   Code   RO         3856    i.prvCheckTasksWaitingTermination  tasks.o
    0x08002be8   0x08002be8   0x0000002a   Code   RO         3709    i.prvCopyDataFromQueue  queue.o
    0x08002c12   0x08002c12   0x0000006a   Code   RO         3710    i.prvCopyDataToQueue  queue.o
    0x08002c7c   0x08002c7c   0x00000012   Code   RO         3857    i.prvDeleteTCB      tasks.o
    0x08002c8e   0x08002c8e   0x00000002   PAD
    0x08002c90   0x08002c90   0x0000007c   Code   RO         4144    i.prvHeapInit       heap_4.o
    0x08002d0c   0x08002d0c   0x00000028   Code   RO         3858    i.prvIdleTask       tasks.o
    0x08002d34   0x08002d34   0x00000026   Code   RO         3711    i.prvInitialiseNewQueue  queue.o
    0x08002d5a   0x08002d5a   0x00000002   PAD
    0x08002d5c   0x08002d5c   0x000000c4   Code   RO         3859    i.prvInitialiseNewTask  tasks.o
    0x08002e20   0x08002e20   0x00000068   Code   RO         3860    i.prvInitialiseTaskLists  tasks.o
    0x08002e88   0x08002e88   0x00000068   Code   RO         4145    i.prvInsertBlockIntoFreeList  heap_4.o
    0x08002ef0   0x08002ef0   0x0000001a   Code   RO         3712    i.prvIsQueueEmpty   queue.o
    0x08002f0a   0x08002f0a   0x0000001e   Code   RO         3713    i.prvIsQueueFull    queue.o
    0x08002f28   0x08002f28   0x00000034   Code   RO         3861    i.prvResetNextTaskUnblockTime  tasks.o
    0x08002f5c   0x08002f5c   0x0000006c   Code   RO         4194    i.prvTaskExitError  port.o
    0x08002fc8   0x08002fc8   0x0000007e   Code   RO         3714    i.prvUnlockQueue    queue.o
    0x08003046   0x08003046   0x00000002   PAD
    0x08003048   0x08003048   0x00000150   Code   RO         4146    i.pvPortMalloc      heap_4.o
    0x08003198   0x08003198   0x00000024   Code   RO         4195    i.pxPortInitialiseStack  port.o
    0x080031bc   0x080031bc   0x00000028   Code   RO         3672    i.uxListRemove      list.o
    0x080031e4   0x080031e4   0x0000001a   Code   RO         3673    i.vListInitialise   list.o
    0x080031fe   0x080031fe   0x00000006   Code   RO         3674    i.vListInitialiseItem  list.o
    0x08003204   0x08003204   0x00000034   Code   RO         3675    i.vListInsert       list.o
    0x08003238   0x08003238   0x00000018   Code   RO         3676    i.vListInsertEnd    list.o
    0x08003250   0x08003250   0x00000084   Code   RO         4197    i.vPortEnterCritical  port.o
    0x080032d4   0x080032d4   0x0000006c   Code   RO         4198    i.vPortExitCritical  port.o
    0x08003340   0x08003340   0x000000b4   Code   RO         4147    i.vPortFree         heap_4.o
    0x080033f4   0x080033f4   0x00000020   Code   RO         4199    i.vPortSetupTimerInterrupt  port.o
    0x08003414   0x08003414   0x00000078   Code   RO         3868    i.vTaskDelay        tasks.o
    0x0800348c   0x0800348c   0x00000110   Code   RO         3870    i.vTaskDelete       tasks.o
    0x0800359c   0x0800359c   0x0000000c   Code   RO         3872    i.vTaskMissedYield  tasks.o
    0x080035a8   0x080035a8   0x00000058   Code   RO         3874    i.vTaskPlaceOnEventList  tasks.o
    0x08003600   0x08003600   0x00000050   Code   RO         3878    i.vTaskSetTimeOutState  tasks.o
    0x08003650   0x08003650   0x000000a8   Code   RO         3879    i.vTaskStartScheduler  tasks.o
    0x080036f8   0x080036f8   0x00000010   Code   RO         3881    i.vTaskSuspendAll   tasks.o
    0x08003708   0x08003708   0x000000ac   Code   RO         3882    i.vTaskSwitchContext  tasks.o
    0x080037b4   0x080037b4   0x000000a0   Code   RO         4201    i.xPortStartScheduler  port.o
    0x08003854   0x08003854   0x00000034   Code   RO         4202    i.xPortSysTickHandler  port.o
    0x08003888   0x08003888   0x00000078   Code   RO         3721    i.xQueueGenericCreate  queue.o
    0x08003900   0x08003900   0x000001b0   Code   RO         3722    i.xQueueGenericReceive  queue.o
    0x08003ab0   0x08003ab0   0x000000b4   Code   RO         3723    i.xQueueGenericReset  queue.o
    0x08003b64   0x08003b64   0x000001a8   Code   RO         3724    i.xQueueGenericSend  queue.o
    0x08003d0c   0x08003d0c   0x000000a4   Code   RO         3883    i.xTaskCheckForTimeOut  tasks.o
    0x08003db0   0x08003db0   0x00000060   Code   RO         3884    i.xTaskCreate       tasks.o
    0x08003e10   0x08003e10   0x00000020   Code   RO         3887    i.xTaskGetSchedulerState  tasks.o
    0x08003e30   0x08003e30   0x00000164   Code   RO         3890    i.xTaskIncrementTick  tasks.o
    0x08003f94   0x08003f94   0x000000b8   Code   RO         3893    i.xTaskRemoveFromEventList  tasks.o
    0x0800404c   0x0800404c   0x00000124   Code   RO         3895    i.xTaskResumeAll    tasks.o
    0x08004170   0x08004170   0x00000055   Data   RO         3115    .conststring        main.o
    0x080041c5   0x080041c5   0x00000003   PAD
    0x080041c8   0x080041c8   0x00000020   Data   RO         4588    Region$$Table       anon$$obj.o


    Execution Region RW_IRAM1 (Exec base: 0x20000000, Load base: 0x080041e8, Size: 0x000097e0, Max: 0x00010000, ABSOLUTE)

    Exec Addr    Load Addr    Size         Type   Attr      Idx    E Section Name        Object

    0x20000000   0x080041e8   0x00000014   Data   RW           28    .data               system_stm32f10x.o
    0x20000014   0x080041fc   0x00000014   Data   RW         1738    .data               stm32f10x_rcc.o
    0x20000028   0x08004210   0x00000020   Data   RW         3116    .data               main.o
    0x20000048   0x08004230   0x0000000c   Data   RW         3223    .data               stm32f10x_it.o
    0x20000054   0x0800423c   0x00000002   Data   RW         3343    .data               bsp_key.o
    0x20000056   0x0800423e   0x00000002   Data   RW         3493    .data               bsp_adc.o
    0x20000058   0x08004240   0x0000003c   Data   RW         3898    .data               tasks.o
    0x20000094   0x0800427c   0x00000018   Data   RW         4152    .data               heap_4.o
    0x200000ac   0x08004294   0x0000000c   Data   RW         4203    .data               port.o
    0x200000b8   0x080042a0   0x00000004   Data   RW         4562    .data               mc_w.l(stdout.o)
    0x200000bc        -       0x0000003c   Zero   RW         3342    .bss                bsp_key.o
    0x200000f8        -       0x000002e4   Zero   RW         3897    .bss                tasks.o
    0x200003dc        -       0x00009000   Zero   RW         4151    .bss                heap_4.o
    0x200093dc   0x080042a4   0x00000004   PAD
    0x200093e0        -       0x00000400   Zero   RW            1    STACK               startup_stm32f10x_hd.o


==============================================================================

Image component sizes


      Code (inc. data)   RO Data    RW Data    ZI Data      Debug   Object Name

       288         18          0          2          0       1957   bsp_adc.o
       264         18          0          0          0       2016   bsp_color_led.o
       218         12          0          0          0       2815   bsp_debug.o
       384         30          0          0          0       3366   bsp_dht11.o
       610         68          0          2         60       5204   bsp_key.o
         0          0          0          0          0       4508   core_cm3.o
       136         24          0          0          0       1462   core_delay.o
         0          0          0          0          0       9300   event_groups.o
       744        168          0         24      36864       3667   heap_4.o
       148          0          0          0          0       2950   list.o
      1124        530         85         32          0      18498   main.o
       132         22          0          0          0       1611   misc.o
       778        234          0         12          0       9160   port.o
      1524        176          0          0          0       9034   queue.o
        36          8        304          0       1024        844   startup_stm32f10x_hd.o
       390         10          0          0          0       7617   stm32f10x_adc.o
       416          8          0          0          0       3518   stm32f10x_dma.o
       448          6          0          0          0       4626   stm32f10x_gpio.o
       124         12          0         12          0       3212   stm32f10x_it.o
       332         44          0         20          0       5681   stm32f10x_rcc.o
       730         72          0          0          0       6407   stm32f10x_tim.o
       348          6          0          0          0       4993   stm32f10x_usart.o
       328         28          0         20          0     269561   system_stm32f10x.o
      2894        812          0         60        740      25012   tasks.o

    ----------------------------------------------------------------------
     12418       2306        424        184      38692     407019   Object Totals
         0          0         32          0          0          0   (incl. Generated)
        22          0          3          0          4          0   (incl. Padding)

    ----------------------------------------------------------------------

      Code (inc. data)   RO Data    RW Data    ZI Data      Debug   Library Member Name

         0          0          0          0          0          0   entry.o
         0          0          0          0          0          0   entry10a.o
         0          0          0          0          0          0   entry11a.o
         8          4          0          0          0          0   entry2.o
         4          0          0          0          0          0   entry5.o
         0          0          0          0          0          0   entry7b.o
         0          0          0          0          0          0   entry8b.o
         8          4          0          0          0          0   entry9a.o
        30          0          0          0          0          0   handlers.o
        36          8          0          0          0         68   init.o
         0          0          0          0          0          0   iusefp.o
        30          0          0          0          0         68   llshl.o
        36          0          0          0          0         68   llsshr.o
        32          0          0          0          0         68   llushr.o
        36          0          0          0          0         68   memcpya.o
      2258         90          0          0          0        452   printfa.o
         0          0          0          4          0          0   stdout.o
        44          0          0          0          0         80   uidiv.o
        98          0          0          0          0         92   uldiv.o
        48          0          0          0          0         68   cdrcmple.o
        56          0          0          0          0         88   d2f.o
       334          0          0          0          0        148   dadd.o
       222          0          0          0          0        100   ddiv.o
       186          0          0          0          0        176   depilogue.o
        48          0          0          0          0         68   dfixul.o
       228          0          0          0          0         96   dmul.o
        38          0          0          0          0         68   f2d.o
       124          0          0          0          0         88   fdiv.o
       110          0          0          0          0        168   fepilogue.o
        10          0          0          0          0         68   ffltui.o

    ----------------------------------------------------------------------
      4030        106          0          4          0       2100   Library Totals
         6          0          0          0          0          0   (incl. Padding)

    ----------------------------------------------------------------------

      Code (inc. data)   RO Data    RW Data    ZI Data      Debug   Library Name

      2620        106          0          4          0        964   mc_w.l
      1404          0          0          0          0       1136   mf_w.l

    ----------------------------------------------------------------------
      4030        106          0          4          0       2100   Library Totals

    ----------------------------------------------------------------------

==============================================================================


      Code (inc. data)   RO Data    RW Data    ZI Data      Debug   

     16448       2412        424        188      38692     401523   Grand Totals
     16448       2412        424        188      38692     401523   ELF Image Totals
     16448       2412        424        188          0          0   ROM Totals

==============================================================================

    Total RO  Size (Code + RO Data)                16872 (  16.48kB)
    Total RW  Size (RW Data + ZI Data)             38880 (  37.97kB)
    Total ROM Size (Code + RO Data + RW Data)      17060 (  16.66kB)

==============================================================================

