Archive member included to satisfy reference by file (symbol)

c:/gcc-arm/bin/../lib/gcc/arm-none-eabi/10.3.1/../../../../arm-none-eabi/lib/thumb/v7-m/nofp\libg_nano.a(lib_a-exit.o)
                              c:/gcc-arm/bin/../lib/gcc/arm-none-eabi/10.3.1/../../../../arm-none-eabi/lib/thumb/v7-m/nofp/crt0.o (exit)
c:/gcc-arm/bin/../lib/gcc/arm-none-eabi/10.3.1/../../../../arm-none-eabi/lib/thumb/v7-m/nofp\libg_nano.a(lib_a-impure.o)
                              c:/gcc-arm/bin/../lib/gcc/arm-none-eabi/10.3.1/../../../../arm-none-eabi/lib/thumb/v7-m/nofp\libg_nano.a(lib_a-exit.o) (_global_impure_ptr)
c:/gcc-arm/bin/../lib/gcc/arm-none-eabi/10.3.1/../../../../arm-none-eabi/lib/thumb/v7-m/nofp\libg_nano.a(lib_a-init.o)
                              c:/gcc-arm/bin/../lib/gcc/arm-none-eabi/10.3.1/../../../../arm-none-eabi/lib/thumb/v7-m/nofp/crt0.o (__libc_init_array)
c:/gcc-arm/bin/../lib/gcc/arm-none-eabi/10.3.1/../../../../arm-none-eabi/lib/thumb/v7-m/nofp\libg_nano.a(lib_a-memset.o)
                              c:/gcc-arm/bin/../lib/gcc/arm-none-eabi/10.3.1/../../../../arm-none-eabi/lib/thumb/v7-m/nofp/crt0.o (memset)
c:/gcc-arm/bin/../lib/gcc/arm-none-eabi/10.3.1/../../../../arm-none-eabi/lib/thumb/v7-m/nofp\libg_nano.a(lib_a-nano-vfprintf_float.o)
                              (_printf_float)
c:/gcc-arm/bin/../lib/gcc/arm-none-eabi/10.3.1/../../../../arm-none-eabi/lib/thumb/v7-m/nofp\libg_nano.a(lib_a-nano-vfprintf_i.o)
                              c:/gcc-arm/bin/../lib/gcc/arm-none-eabi/10.3.1/../../../../arm-none-eabi/lib/thumb/v7-m/nofp\libg_nano.a(lib_a-nano-vfprintf_float.o) (_printf_common)
c:/gcc-arm/bin/../lib/gcc/arm-none-eabi/10.3.1/../../../../arm-none-eabi/lib/thumb/v7-m/nofp\libg_nano.a(lib_a-puts.o)
                              CMakeFiles/clion_fw.elf.dir/User/main.c.obj (puts)
c:/gcc-arm/bin/../lib/gcc/arm-none-eabi/10.3.1/../../../../arm-none-eabi/lib/thumb/v7-m/nofp\libg_nano.a(lib_a-strlen.o)
                              c:/gcc-arm/bin/../lib/gcc/arm-none-eabi/10.3.1/../../../../arm-none-eabi/lib/thumb/v7-m/nofp\libg_nano.a(lib_a-nano-vfprintf_float.o) (strlen)
c:/gcc-arm/bin/../lib/gcc/arm-none-eabi/10.3.1/../../../../arm-none-eabi/lib/thumb/v7-m/nofp\libg_nano.a(lib_a-wbuf.o)
                              c:/gcc-arm/bin/../lib/gcc/arm-none-eabi/10.3.1/../../../../arm-none-eabi/lib/thumb/v7-m/nofp\libg_nano.a(lib_a-puts.o) (__swbuf_r)
c:/gcc-arm/bin/../lib/gcc/arm-none-eabi/10.3.1/../../../../arm-none-eabi/lib/thumb/v7-m/nofp\libg_nano.a(lib_a-wsetup.o)
                              c:/gcc-arm/bin/../lib/gcc/arm-none-eabi/10.3.1/../../../../arm-none-eabi/lib/thumb/v7-m/nofp\libg_nano.a(lib_a-puts.o) (__swsetup_r)
c:/gcc-arm/bin/../lib/gcc/arm-none-eabi/10.3.1/../../../../arm-none-eabi/lib/thumb/v7-m/nofp\libg_nano.a(lib_a-dtoa.o)
                              c:/gcc-arm/bin/../lib/gcc/arm-none-eabi/10.3.1/../../../../arm-none-eabi/lib/thumb/v7-m/nofp\libg_nano.a(lib_a-nano-vfprintf_float.o) (_dtoa_r)
c:/gcc-arm/bin/../lib/gcc/arm-none-eabi/10.3.1/../../../../arm-none-eabi/lib/thumb/v7-m/nofp\libg_nano.a(lib_a-fflush.o)
                              c:/gcc-arm/bin/../lib/gcc/arm-none-eabi/10.3.1/../../../../arm-none-eabi/lib/thumb/v7-m/nofp\libg_nano.a(lib_a-wbuf.o) (_fflush_r)
c:/gcc-arm/bin/../lib/gcc/arm-none-eabi/10.3.1/../../../../arm-none-eabi/lib/thumb/v7-m/nofp\libg_nano.a(lib_a-findfp.o)
                              c:/gcc-arm/bin/../lib/gcc/arm-none-eabi/10.3.1/../../../../arm-none-eabi/lib/thumb/v7-m/nofp\libg_nano.a(lib_a-puts.o) (__sinit)
c:/gcc-arm/bin/../lib/gcc/arm-none-eabi/10.3.1/../../../../arm-none-eabi/lib/thumb/v7-m/nofp\libg_nano.a(lib_a-fwalk.o)
                              c:/gcc-arm/bin/../lib/gcc/arm-none-eabi/10.3.1/../../../../arm-none-eabi/lib/thumb/v7-m/nofp\libg_nano.a(lib_a-findfp.o) (_fwalk)
c:/gcc-arm/bin/../lib/gcc/arm-none-eabi/10.3.1/../../../../arm-none-eabi/lib/thumb/v7-m/nofp\libg_nano.a(lib_a-localeconv.o)
                              c:/gcc-arm/bin/../lib/gcc/arm-none-eabi/10.3.1/../../../../arm-none-eabi/lib/thumb/v7-m/nofp\libg_nano.a(lib_a-nano-vfprintf_float.o) (_localeconv_r)
c:/gcc-arm/bin/../lib/gcc/arm-none-eabi/10.3.1/../../../../arm-none-eabi/lib/thumb/v7-m/nofp\libg_nano.a(lib_a-lock.o)
                              c:/gcc-arm/bin/../lib/gcc/arm-none-eabi/10.3.1/../../../../arm-none-eabi/lib/thumb/v7-m/nofp\libg_nano.a(lib_a-findfp.o) (__retarget_lock_init_recursive)
c:/gcc-arm/bin/../lib/gcc/arm-none-eabi/10.3.1/../../../../arm-none-eabi/lib/thumb/v7-m/nofp\libg_nano.a(lib_a-makebuf.o)
                              c:/gcc-arm/bin/../lib/gcc/arm-none-eabi/10.3.1/../../../../arm-none-eabi/lib/thumb/v7-m/nofp\libg_nano.a(lib_a-wsetup.o) (__smakebuf_r)
c:/gcc-arm/bin/../lib/gcc/arm-none-eabi/10.3.1/../../../../arm-none-eabi/lib/thumb/v7-m/nofp\libg_nano.a(lib_a-malloc.o)
[...]
Memory Configuration

Name             Origin             Length             Attributes
RAM              0x20000000         0x00010000         xrw
FLASH            0x08000000         0x00080000         xr
*default*        0x00000000         0xffffffff

Linker script and memory map

LOAD c:/gcc-arm/bin/../lib/gcc/arm-none-eabi/10.3.1/thumb/v7-m/nofp/crti.o
LOAD c:/gcc-arm/bin/../lib/gcc/arm-none-eabi/10.3.1/thumb/v7-m/nofp/crtbegin.o
LOAD c:/gcc-arm/bin/../lib/gcc/arm-none-eabi/10.3.1/../../../../arm-none-eabi/lib/thumb/v7-m/nofp/crt0.o
LOAD CMakeFiles/clion_fw.elf.dir/BSP/DEBUG/bsp_debug.c.obj
LOAD CMakeFiles/clion_fw.elf.dir/BSP/GPIO/bsp_gpio.c.obj
LOAD CMakeFiles/clion_fw.elf.dir/BSP/Key/bsp_key.c.obj
LOAD CMakeFiles/clion_fw.elf.dir/BSP/Systick/bsp_SysTick.c.obj
LOAD CMakeFiles/clion_fw.elf.dir/BSP/USART/bsp_usart.c.obj
LOAD CMakeFiles/clion_fw.elf.dir/BSP/delay/bsp_delay.c.obj
LOAD CMakeFiles/clion_fw.elf.dir/Libraries/CMSIS/core_cm3.c.obj
LOAD CMakeFiles/clion_fw.elf.dir/Libraries/CMSIS/startup/startup_stm32f10x_hd.s.obj
LOAD CMakeFiles/clion_fw.elf.dir/Libraries/CMSIS/system_stm32f10x.c.obj
LOAD CMakeFiles/clion_fw.elf.dir/Libraries/STM32F10x_StdPeriph_Driver/src/misc.c.obj
LOAD CMakeFiles/clion_fw.elf.dir/Libraries/STM32F10x_StdPeriph_Driver/src/stm32f10x_adc.c.obj
LOAD CMakeFiles/clion_fw.elf.dir/Libraries/STM32F10x_StdPeriph_Driver/src/stm32f10x_bkp.c.obj
LOAD CMakeFiles/clion_fw.elf.dir/Libraries/STM32F10x_StdPeriph_Driver/src/stm32f10x_can.c.obj
LOAD CMakeFiles/clion_fw.elf.dir/Libraries/STM32F10x_StdPeriph_Driver/src/stm32f10x_cec.c.obj
LOAD CMakeFiles/clion_fw.elf.dir/Libraries/STM32F10x_StdPeriph_Driver/src/stm32f10x_crc.c.obj
LOAD CMakeFiles/clion_fw.elf.dir/Libraries/STM32F10x_StdPeriph_Driver/src/stm32f10x_dac.c.obj
LOAD CMakeFiles/clion_fw.elf.dir/Libraries/STM32F10x_StdPeriph_Driver/src/stm32f10x_dbgmcu.c.obj
LOAD CMakeFiles/clion_fw.elf.dir/Libraries/STM32F10x_StdPeriph_Driver/src/stm32f10x_dma.c.obj
LOAD CMakeFiles/clion_fw.elf.dir/Libraries/STM32F10x_StdPeriph_Driver/src/stm32f10x_exti.c.obj
LOAD CMakeFiles/clion_fw.elf.dir/Libraries/STM32F10x_StdPeriph_Driver/src/stm32f10x_flash.c.obj
LOAD CMakeFiles/clion_fw.elf.dir/Libraries/STM32F10x_StdPeriph_Driver/src/stm32f10x_fsmc.c.obj
LOAD CMakeFiles/clion_fw.elf.dir/Libraries/STM32F10x_StdPeriph_Driver/src/stm32f10x_gpio.c.obj
LOAD CMakeFiles/clion_fw.elf.dir/Libraries/STM32F10x_StdPeriph_Driver/src/stm32f10x_i2c.c.obj
LOAD CMakeFiles/clion_fw.elf.dir/Libraries/STM32F10x_StdPeriph_Driver/src/stm32f10x_iwdg.c.obj
LOAD CMakeFiles/clion_fw.elf.dir/Libraries/STM32F10x_StdPeriph_Driver/src/stm32f10x_pwr.c.obj
LOAD CMakeFiles/clion_fw.elf.dir/Libraries/STM32F10x_StdPeriph_Driver/src/stm32f10x_rcc.c.obj
LOAD CMakeFiles/clion_fw.elf.dir/Libraries/STM32F10x_StdPeriph_Driver/src/stm32f10x_rtc.c.obj
LOAD CMakeFiles/clion_fw.elf.dir/Libraries/STM32F10x_StdPeriph_Driver/src/stm32f10x_sdio.c.obj
LOAD CMakeFiles/clion_fw.elf.dir/Libraries/STM32F10x_StdPeriph_Driver/src/stm32f10x_spi.c.obj
LOAD CMakeFiles/clion_fw.elf.dir/Libraries/STM32F10x_StdPeriph_Driver/src/stm32f10x_tim.c.obj
LOAD CMakeFiles/clion_fw.elf.dir/Libraries/STM32F10x_StdPeriph_Driver/src/stm32f10x_usart.c.obj
LOAD CMakeFiles/clion_fw.elf.dir/Libraries/STM32F10x_StdPeriph_Driver/src/stm32f10x_wwdg.c.obj
LOAD CMakeFiles/clion_fw.elf.dir/User/main.c.obj
LOAD CMakeFiles/clion_fw.elf.dir/User/stm32f10x_it.c.obj
START GROUP
LOAD c:/gcc-arm/bin/../lib/gcc/arm-none-eabi/10.3.1/thumb/v7-m/nofp\libgcc.a
LOAD c:/gcc-arm/bin/../lib/gcc/arm-none-eabi/10.3.1/../../../../arm-none-eabi/lib/thumb/v7-m/nofp\libg_nano.a
LOAD c:/gcc-arm/bin/../lib/gcc/arm-none-eabi/10.3.1/../../../../arm-none-eabi/lib/thumb/v7-m/nofp\libc_nano.a
END GROUP
START GROUP
LOAD c:/gcc-arm/bin/../lib/gcc/arm-none-eabi/10.3.1/thumb/v7-m/nofp\libgcc.a
LOAD c:/gcc-arm/bin/../lib/gcc/arm-none-eabi/10.3.1/../../../../arm-none-eabi/lib/thumb/v7-m/nofp\libc_nano.a
LOAD c:/gcc-arm/bin/../lib/gcc/arm-none-eabi/10.3.1/../../../../arm-none-eabi/lib/thumb/v7-m/nofp\libnosys.a
END GROUP
START GROUP
LOAD c:/gcc-arm/bin/../lib/gcc/arm-none-eabi/10.3.1/thumb/v7-m/nofp\libgcc.a
LOAD c:/gcc-arm/bin/../lib/gcc/arm-none-eabi/10.3.1/../../../../arm-none-eabi/lib/thumb/v7-m/nofp\libc_nano.a
LOAD c:/gcc-arm/bin/../lib/gcc/arm-none-eabi/10.3.1/../../../../arm-none-eabi/lib/thumb/v7-m/nofp\libnosys.a
END GROUP
LOAD c:/gcc-arm/bin/../lib/gcc/arm-none-eabi/10.3.1/thumb/v7-m/nofp/crtend.o
LOAD c:/gcc-arm/bin/../lib/gcc/arm-none-eabi/10.3.1/thumb/v7-m/nofp/crtn.o
                0x20010000                _estack = (ORIGIN (RAM) + LENGTH (RAM))
                0x00000200                _Min_Heap_Size = 0x200
                0x00000400                _Min_Stack_Size = 0x400

.isr_vector     0x08000000      0x1e4
                0x08000000                . = ALIGN (0x4)
 *(.isr_vector)
 .isr_vector    0x08000000      0x1e4 CMakeFiles/clion_fw.elf.dir/Libraries/CMSIS/startup/startup_stm32f10x_hd.s.obj
                0x08000000                g_pfnVectors
                0x080001e4                . = ALIGN (0x4)

.text           0x080001e8     0x3e44
                0x080001e8                . = ALIGN (0x4)
 *(.text)
 .text          0x080001e8       0x40 c:/gcc-arm/bin/../lib/gcc/arm-none-eabi/10.3.1/thumb/v7-m/nofp/crtbegin.o
 .text          0x08000228       0x10 c:/gcc-arm/bin/../lib/gcc/arm-none-eabi/10.3.1/../../../../arm-none-eabi/lib/thumb/v7-m/nofp\libg_nano.a(lib_a-strlen.o)
                0x08000228                strlen
 .text          0x08000238      0x378 c:/gcc-arm/bin/../lib/gcc/arm-none-eabi/10.3.1/thumb/v7-m/nofp\libgcc.a(_arm_addsubdf3.o)
                0x08000238                __aeabi_drsub
                0x08000240                __aeabi_dsub
                0x08000240                __subdf3
                0x08000244                __aeabi_dadd
                0x08000244                __adddf3
                0x080004bc                __floatunsidf
                0x080004bc                __aeabi_ui2d
                0x080004dc                __floatsidf
                0x080004dc                __aeabi_i2d
                0x08000500                __aeabi_f2d
                0x08000500                __extendsfdf2
                0x08000544                __floatundidf
                0x08000544                __aeabi_ul2d
                0x08000554                __floatdidf
                0x08000554                __aeabi_l2d
 .text          0x080005b0      0x424 c:/gcc-arm/bin/../lib/gcc/arm-none-eabi/10.3.1/thumb/v7-m/nofp\libgcc.a(_arm_muldivdf3.o)
                0x080005b0                __aeabi_dmul
                0x080005b0                __muldf3
                0x08000804                __divdf3
                0x08000804                __aeabi_ddiv
 .text          0x080009d4      0x110 c:/gcc-arm/bin/../lib/gcc/arm-none-eabi/10.3.1/thumb/v7-m/nofp\libgcc.a(_arm_cmpdf2.o)
                0x080009d4                __gtdf2
                0x080009d4                __gedf2
                0x080009dc                __ltdf2
                0x080009dc                __ledf2
                0x080009e4                __nedf2
                0x080009e4                __eqdf2
                0x080009e4                __cmpdf2
                0x08000a60                __aeabi_cdrcmple
                0x08000a70                __aeabi_cdcmpeq
                0x08000a70                __aeabi_cdcmple
                0x08000a80                __aeabi_dcmpeq
                0x08000a94                __aeabi_dcmplt
                0x08000aa8                __aeabi_dcmple
                0x08000abc                __aeabi_dcmpge
                0x08000ad0                __aeabi_dcmpgt
 .text          0x08000ae4       0x2c c:/gcc-arm/bin/../lib/gcc/arm-none-eabi/10.3.1/thumb/v7-m/nofp\libgcc.a(_arm_unorddf2.o)
                0x08000ae4                __unorddf2
                0x08000ae4                __aeabi_dcmpun
 .text          0x08000b10       0x50 c:/gcc-arm/bin/../lib/gcc/arm-none-eabi/10.3.1/thumb/v7-m/nofp\libgcc.a(_arm_fixdfsi.o)
                0x08000b10                __aeabi_d2iz
                0x08000b10                __fixdfsi
 *(.text*)
 .text.NVIC_Configuration
                0x08000b60       0x2c CMakeFiles/clion_fw.elf.dir/BSP/DEBUG/bsp_debug.c.obj
 .text.DEBUG_Config
                0x08000b8c       0x94 CMakeFiles/clion_fw.elf.dir/BSP/DEBUG/bsp_debug.c.obj
                0x08000b8c                DEBUG_Config
 .text.GPIO_Config
                0x08000c20       0x30 CMakeFiles/clion_fw.elf.dir/BSP/GPIO/bsp_gpio.c.obj
                0x08000c20                GPIO_Config
 .text.KEY_FIFO_Init
                0x08000c50       0x4c CMakeFiles/clion_fw.elf.dir/BSP/Key/bsp_key.c.obj
 .text.KEY_FIFO_Put
                0x08000c9c       0x1c CMakeFiles/clion_fw.elf.dir/BSP/Key/bsp_key.c.obj
 .text.KEY_Detect
                0x08000cb8      0x114 CMakeFiles/clion_fw.elf.dir/BSP/Key/bsp_key.c.obj
 .text.IsKey3Down
                0x08000dcc       0x18 CMakeFiles/clion_fw.elf.dir/BSP/Key/bsp_key.c.obj
 .text.IsKey2Down
                0x08000de4       0x18 CMakeFiles/clion_fw.elf.dir/BSP/Key/bsp_key.c.obj
 .text.IsKey1Down
                0x08000dfc       0x18 CMakeFiles/clion_fw.elf.dir/BSP/Key/bsp_key.c.obj
 .text.KEY_Init
                0x08000e14       0x50 CMakeFiles/clion_fw.elf.dir/BSP/Key/bsp_key.c.obj
                0x08000e14                KEY_Init
 .text.KEY_FIFO_Get
                0x08000e64       0x28 CMakeFiles/clion_fw.elf.dir/BSP/Key/bsp_key.c.obj
                0x08000e64                KEY_FIFO_Get
 .text.KEY_Scan
                0x08000e8c       0x16 CMakeFiles/clion_fw.elf.dir/BSP/Key/bsp_key.c.obj
                0x08000e8c                KEY_Scan
 *fill*         0x08000ea2        0x2 
 .text.TimingFIFO_KeyScan
                0x08000ea4       0x28 CMakeFiles/clion_fw.elf.dir/BSP/Key/bsp_key.c.obj
                0x08000ea4                TimingFIFO_KeyScan
 .text.SysTick_Init
                0x08000ecc       0x34 CMakeFiles/clion_fw.elf.dir/BSP/Systick/bsp_SysTick.c.obj
                0x08000ecc                SysTick_Init
 .text.TimingDelay_Decrement
                0x08000f00       0x14 CMakeFiles/clion_fw.elf.dir/BSP/delay/bsp_delay.c.obj
                0x08000f00                TimingDelay_Decrement
 .text.Reset_Handler
                0x08000f14       0x44 CMakeFiles/clion_fw.elf.dir/Libraries/CMSIS/startup/startup_stm32f10x_hd.s.obj
                0x08000f14                Reset_Handler
 .text.Default_Handler
                0x08000f58        0x2 CMakeFiles/clion_fw.elf.dir/Libraries/CMSIS/startup/startup_stm32f10x_hd.s.obj
                0x08000f58                EXTI2_IRQHandler
                0x08000f58                TIM8_TRG_COM_IRQHandler
                0x08000f58                TIM8_CC_IRQHandler
                0x08000f58                TIM1_CC_IRQHandler
                0x08000f58                TIM6_IRQHandler
                0x08000f58                PVD_IRQHandler
                0x08000f58                SDIO_IRQHandler
                0x08000f58                EXTI3_IRQHandler
                0x08000f58                EXTI0_IRQHandler
                0x08000f58                I2C2_EV_IRQHandler
                0x08000f58                ADC1_2_IRQHandler
                0x08000f58                SPI1_IRQHandler
                0x08000f58                TAMPER_IRQHandler
                0x08000f58                TIM8_UP_IRQHandler
                0x08000f58                DMA2_Channel2_IRQHandler
                0x08000f58                DMA1_Channel4_IRQHandler
                0x08000f58                USART3_IRQHandler
                0x08000f58                RTC_IRQHandler
                0x08000f58                DMA1_Channel7_IRQHandler
                0x08000f58                CAN1_RX1_IRQHandler
                0x08000f58                UART5_IRQHandler
                0x08000f58                ADC3_IRQHandler
                0x08000f58                TIM4_IRQHandler
                0x08000f58                DMA2_Channel1_IRQHandler
                0x08000f58                I2C1_EV_IRQHandler
                0x08000f58                DMA1_Channel6_IRQHandler
                0x08000f58                UART4_IRQHandler
                0x08000f58                TIM3_IRQHandler
                0x08000f58                RCC_IRQHandler
                0x08000f58                TIM1_TRG_COM_IRQHandler
                0x08000f58                DMA1_Channel1_IRQHandler
                0x08000f58                Default_Handler
                0x08000f58                EXTI15_10_IRQHandler
                0x08000f58                TIM7_IRQHandler
                0x08000f58                TIM5_IRQHandler
                0x08000f58                EXTI9_5_IRQHandler
                0x08000f58                SPI2_IRQHandler
                0x08000f58                DMA1_Channel5_IRQHandler
                0x08000f58                EXTI4_IRQHandler
                0x08000f58                USB_LP_CAN1_RX0_IRQHandler
                0x08000f58                USB_HP_CAN1_TX_IRQHandler
                0x08000f58                DMA1_Channel3_IRQHandler
                0x08000f58                FSMC_IRQHandler
                0x08000f58                TIM1_UP_IRQHandler
                0x08000f58                WWDG_IRQHandler
                0x08000f58                TIM2_IRQHandler
                0x08000f58                TIM1_BRK_IRQHandler
                0x08000f58                EXTI1_IRQHandler
                0x08000f58                RTCAlarm_IRQHandler
                0x08000f58                DMA2_Channel4_5_IRQHandler
                0x08000f58                USART2_IRQHandler
                0x08000f58                I2C2_ER_IRQHandler
                0x08000f58                DMA1_Channel2_IRQHandler
                0x08000f58                TIM8_BRK_IRQHandler
                0x08000f58                CAN1_SCE_IRQHandler
                0x08000f58                FLASH_IRQHandler
                0x08000f58                USART1_IRQHandler
                0x08000f58                SPI3_IRQHandler
                0x08000f58                I2C1_ER_IRQHandler
                0x08000f58                USBWakeUp_IRQHandler
                0x08000f58                DMA2_Channel3_IRQHandler
 *fill*         0x08000f5a        0x2 
 .text.SetSysClockTo72
                0x08000f5c       0xc4 CMakeFiles/clion_fw.elf.dir/Libraries/CMSIS/system_stm32f10x.c.obj
 .text.SetSysClock
                0x08001020        0x8 CMakeFiles/clion_fw.elf.dir/Libraries/CMSIS/system_stm32f10x.c.obj
 .text.SystemInit
                0x08001028       0x50 CMakeFiles/clion_fw.elf.dir/Libraries/CMSIS/system_stm32f10x.c.obj
                0x08001028                SystemInit
 .text.NVIC_PriorityGroupConfig
                0x08001078       0x14 CMakeFiles/clion_fw.elf.dir/Libraries/STM32F10x_StdPeriph_Driver/src/misc.c.obj
                0x08001078                NVIC_PriorityGroupConfig
 .text.NVIC_Init
                0x0800108c       0x64 CMakeFiles/clion_fw.elf.dir/Libraries/STM32F10x_StdPeriph_Driver/src/misc.c.obj
                0x0800108c                NVIC_Init
 .text.GPIO_Init
                0x080010f0       0xb2 CMakeFiles/clion_fw.elf.dir/Libraries/STM32F10x_StdPeriph_Driver/src/stm32f10x_gpio.c.obj
                0x080010f0                GPIO_Init
 .text.GPIO_ReadInputDataBit
                0x080011a2        0xe CMakeFiles/clion_fw.elf.dir/Libraries/STM32F10x_StdPeriph_Driver/src/stm32f10x_gpio.c.obj
                0x080011a2                GPIO_ReadInputDataBit
 .text.RCC_GetClocksFreq
                0x080011b0       0xbc CMakeFiles/clion_fw.elf.dir/Libraries/STM32F10x_StdPeriph_Driver/src/stm32f10x_rcc.c.obj
                0x080011b0                RCC_GetClocksFreq
 .text.RCC_APB2PeriphClockCmd
                0x0800126c       0x1c CMakeFiles/clion_fw.elf.dir/Libraries/STM32F10x_StdPeriph_Driver/src/stm32f10x_rcc.c.obj
                0x0800126c                RCC_APB2PeriphClockCmd
 .text.USART_Init
                0x08001288       0xc4 CMakeFiles/clion_fw.elf.dir/Libraries/STM32F10x_StdPeriph_Driver/src/stm32f10x_usart.c.obj
                0x08001288                USART_Init
 .text.USART_Cmd
                0x0800134c       0x1c CMakeFiles/clion_fw.elf.dir/Libraries/STM32F10x_StdPeriph_Driver/src/stm32f10x_usart.c.obj
                0x0800134c                USART_Cmd
 .text.USART_ITConfig
                0x08001368       0x36 CMakeFiles/clion_fw.elf.dir/Libraries/STM32F10x_StdPeriph_Driver/src/stm32f10x_usart.c.obj
                0x08001368                USART_ITConfig
 *fill*         0x0800139e        0x2 
 .text.main     0x080013a0       0x8c CMakeFiles/clion_fw.elf.dir/User/main.c.obj
                0x080013a0                main
 .text.NMI_Handler
                0x0800142c        0x2 CMakeFiles/clion_fw.elf.dir/User/stm32f10x_it.c.obj
                0x0800142c                NMI_Handler
 .text.HardFault_Handler
                0x0800142e        0x2 CMakeFiles/clion_fw.elf.dir/User/stm32f10x_it.c.obj
                0x0800142e                HardFault_Handler
 .text.MemManage_Handler
                0x08001430        0x2 CMakeFiles/clion_fw.elf.dir/User/stm32f10x_it.c.obj
                0x08001430                MemManage_Handler
 .text.BusFault_Handler
                0x08001432        0x2 CMakeFiles/clion_fw.elf.dir/User/stm32f10x_it.c.obj
                0x08001432                BusFault_Handler
 .text.UsageFault_Handler
                0x08001434        0x2 CMakeFiles/clion_fw.elf.dir/User/stm32f10x_it.c.obj
                0x08001434                UsageFault_Handler
 .text.SVC_Handler
                0x08001436        0x2 CMakeFiles/clion_fw.elf.dir/User/stm32f10x_it.c.obj
                0x08001436                SVC_Handler
 .text.DebugMon_Handler
                0x08001438        0x2 CMakeFiles/clion_fw.elf.dir/User/stm32f10x_it.c.obj
                0x08001438                DebugMon_Handler
 .text.PendSV_Handler
                0x0800143a        0x2 CMakeFiles/clion_fw.elf.dir/User/stm32f10x_it.c.obj
                0x0800143a                PendSV_Handler
 .text.SysTick_Handler
                0x0800143c       0x28 CMakeFiles/clion_fw.elf.dir/User/stm32f10x_it.c.obj
                0x0800143c                SysTick_Handler
 .text.memset   0x08001464       0x10 c:/gcc-arm/bin/../lib/gcc/arm-none-eabi/10.3.1/../../../../arm-none-eabi/lib/thumb/v7-m/nofp\libg_nano.a(lib_a-memset.o)
                0x08001464                memset
 .text.__cvt    0x08001474       0xbe c:/gcc-arm/bin/../lib/gcc/arm-none-eabi/10.3.1/../../../../arm-none-eabi/lib/thumb/v7-m/nofp\libg_nano.a(lib_a-nano-vfprintf_float.o)
                0x08001474                __cvt
 .text.__exponent
                0x08001532       0x7c c:/gcc-arm/bin/../lib/gcc/arm-none-eabi/10.3.1/../../../../arm-none-eabi/lib/thumb/v7-m/nofp\libg_nano.a(lib_a-nano-vfprintf_float.o)
                0x08001532                __exponent
 *fill*         0x080015ae        0x2 
 .text._printf_float
                0x080015b0      0x458 c:/gcc-arm/bin/../lib/gcc/arm-none-eabi/10.3.1/../../../../arm-none-eabi/lib/thumb/v7-m/nofp\libg_nano.a(lib_a-nano-vfprintf_float.o)
                0x080015b0                _printf_float
 .text._printf_common
                0x08001a08       0xde c:/gcc-arm/bin/../lib/gcc/arm-none-eabi/10.3.1/../../../../arm-none-eabi/lib/thumb/v7-m/nofp\libg_nano.a(lib_a-nano-vfprintf_i.o)
                0x08001a08                _printf_common
 *fill*         0x08001ae6        0x2 
 .text._printf_i
                0x08001ae8      0x24c c:/gcc-arm/bin/../lib/gcc/arm-none-eabi/10.3.1/../../../../arm-none-eabi/lib/thumb/v7-m/nofp\libg_nano.a(lib_a-nano-vfprintf_i.o)
                0x08001ae8                _printf_i
 .text._puts_r  0x08001d34       0xdc c:/gcc-arm/bin/../lib/gcc/arm-none-eabi/10.3.1/../../../../arm-none-eabi/lib/thumb/v7-m/nofp\libg_nano.a(lib_a-puts.o)
                0x08001d34                _puts_r
 .text.puts     0x08001e10       0x10 c:/gcc-arm/bin/../lib/gcc/arm-none-eabi/10.3.1/../../../../arm-none-eabi/lib/thumb/v7-m/nofp\libg_nano.a(lib_a-puts.o)
                0x08001e10                puts
 .text.__swbuf_r
                0x08001e20       0xa4 c:/gcc-arm/bin/../lib/gcc/arm-none-eabi/10.3.1/../../../../arm-none-eabi/lib/thumb/v7-m/nofp\libg_nano.a(lib_a-wbuf.o)
                0x08001e20                __swbuf_r
 .text.__swsetup_r
                0x08001ec4       0xdc c:/gcc-arm/bin/../lib/gcc/arm-none-eabi/10.3.1/../../../../arm-none-eabi/lib/thumb/v7-m/nofp\libg_nano.a(lib_a-wsetup.o)
                0x08001ec4                __swsetup_r
 .text.quorem   0x08001fa0      0x118 c:/gcc-arm/bin/../lib/gcc/arm-none-eabi/10.3.1/../../../../arm-none-eabi/lib/thumb/v7-m/nofp\libg_nano.a(lib_a-dtoa.o)
 .text._dtoa_r  0x080020b8      0xbdc c:/gcc-arm/bin/../lib/gcc/arm-none-eabi/10.3.1/../../../../arm-none-eabi/lib/thumb/v7-m/nofp\libg_nano.a(lib_a-dtoa.o)
                0x080020b8                _dtoa_r
 .text.__sflush_r
                0x08002c94      0x104 c:/gcc-arm/bin/../lib/gcc/arm-none-eabi/10.3.1/../../../../arm-none-eabi/lib/thumb/v7-m/nofp\libg_nano.a(lib_a-fflush.o)
                0x08002c94                __sflush_r
 .text._fflush_r
                0x08002d98       0x78 c:/gcc-arm/bin/../lib/gcc/arm-none-eabi/10.3.1/../../../../arm-none-eabi/lib/thumb/v7-m/nofp\libg_nano.a(lib_a-fflush.o)
                0x08002d98                _fflush_r
 .text.std      0x08002e10       0x48 c:/gcc-arm/bin/../lib/gcc/arm-none-eabi/10.3.1/../../../../arm-none-eabi/lib/thumb/v7-m/nofp\libg_nano.a(lib_a-findfp.o)
 .text._cleanup_r
                0x08002e58        0xc c:/gcc-arm/bin/../lib/gcc/arm-none-eabi/10.3.1/../../../../arm-none-eabi/lib/thumb/v7-m/nofp\libg_nano.a(lib_a-findfp.o)
                0x08002e58                _cleanup_r
 .text.__sfmoreglue
                0x08002e64       0x2c c:/gcc-arm/bin/../lib/gcc/arm-none-eabi/10.3.1/../../../../arm-none-eabi/lib/thumb/v7-m/nofp\libg_nano.a(lib_a-findfp.o)
                0x08002e64                __sfmoreglue
 .text.__sfp_lock_acquire
                0x08002e90        0xc c:/gcc-arm/bin/../lib/gcc/arm-none-eabi/10.3.1/../../../../arm-none-eabi/lib/thumb/v7-m/nofp\libg_nano.a(lib_a-findfp.o)
                0x08002e90                __sfp_lock_acquire
 .text.__sfp_lock_release
                0x08002e9c        0xc c:/gcc-arm/bin/../lib/gcc/arm-none-eabi/10.3.1/../../../../arm-none-eabi/lib/thumb/v7-m/nofp\libg_nano.a(lib_a-findfp.o)
                0x08002e9c                __sfp_lock_release
 .text.__sinit_lock_acquire
                0x08002ea8        0xc c:/gcc-arm/bin/../lib/gcc/arm-none-eabi/10.3.1/../../../../arm-none-eabi/lib/thumb/v7-m/nofp\libg_nano.a(lib_a-findfp.o)
                0x08002ea8                __sinit_lock_acquire
 .text.__sinit_lock_release
                0x08002eb4        0xc c:/gcc-arm/bin/../lib/gcc/arm-none-eabi/10.3.1/../../../../arm-none-eabi/lib/thumb/v7-m/nofp\libg_nano.a(lib_a-findfp.o)
                0x08002eb4                __sinit_lock_release
 .text.__sinit  0x08002ec0       0x70 c:/gcc-arm/bin/../lib/gcc/arm-none-eabi/10.3.1/../../../../arm-none-eabi/lib/thumb/v7-m/nofp\libg_nano.a(lib_a-findfp.o)
                0x08002ec0                __sinit
 .text.__sfp    0x08002f30       0x8c c:/gcc-arm/bin/../lib/gcc/arm-none-eabi/10.3.1/../../../../arm-none-eabi/lib/thumb/v7-m/nofp\libg_nano.a(lib_a-findfp.o)
                0x08002f30                __sfp
 .text._fwalk_reent
                0x08002fbc       0x3e c:/gcc-arm/bin/../lib/gcc/arm-none-eabi/10.3.1/../../../../arm-none-eabi/lib/thumb/v7-m/nofp\libg_nano.a(lib_a-fwalk.o)
                0x08002fbc                _fwalk_reent
 *fill*         0x08002ffa        0x2 
 .text._localeconv_r
                0x08002ffc        0x8 c:/gcc-arm/bin/../lib/gcc/arm-none-eabi/10.3.1/../../../../arm-none-eabi/lib/thumb/v7-m/nofp\libg_nano.a(lib_a-localeconv.o)
                0x08002ffc                _localeconv_r
 .text.__retarget_lock_init_recursive
                0x08003004        0x2 c:/gcc-arm/bin/../lib/gcc/arm-none-eabi/10.3.1/../../../../arm-none-eabi/lib/thumb/v7-m/nofp\libg_nano.a(lib_a-lock.o)
                0x08003004                __retarget_lock_init_recursive
 .text.__retarget_lock_acquire_recursive
                0x08003006        0x2 c:/gcc-arm/bin/../lib/gcc/arm-none-eabi/10.3.1/../../../../arm-none-eabi/lib/thumb/v7-m/nofp\libg_nano.a(lib_a-lock.o)
                0x08003006                __retarget_lock_acquire_recursive
 .text.__retarget_lock_release_recursive
                0x08003008        0x2 c:/gcc-arm/bin/../lib/gcc/arm-none-eabi/10.3.1/../../../../arm-none-eabi/lib/thumb/v7-m/nofp\libg_nano.a(lib_a-lock.o)
                0x08003008                __retarget_lock_release_recursive
 .text.__swhatbuf_r
                0x0800300a       0x4a c:/gcc-arm/bin/../lib/gcc/arm-none-eabi/10.3.1/../../../../arm-none-eabi/lib/thumb/v7-m/nofp\libg_nano.a(lib_a-makebuf.o)
                0x0800300a                __swhatbuf_r
 .text.__smakebuf_r
                0x08003054       0x80 c:/gcc-arm/bin/../lib/gcc/arm-none-eabi/10.3.1/../../../../arm-none-eabi/lib/thumb/v7-m/nofp\libg_nano.a(lib_a-makebuf.o)
                0x08003054                __smakebuf_r
 .text.malloc   0x080030d4       0x10 c:/gcc-arm/bin/../lib/gcc/arm-none-eabi/10.3.1/../../../../arm-none-eabi/lib/thumb/v7-m/nofp\libg_nano.a(lib_a-malloc.o)
                0x080030d4                malloc
 .text.memchr   0x080030e4       0x1c c:/gcc-arm/bin/../lib/gcc/arm-none-eabi/10.3.1/../../../../arm-none-eabi/lib/thumb/v7-m/nofp\libg_nano.a(lib_a-memchr-stub.o)
                0x080030e4                memchr
 .text.memcpy   0x08003100       0x1c c:/gcc-arm/bin/../lib/gcc/arm-none-eabi/10.3.1/../../../../arm-none-eabi/lib/thumb/v7-m/nofp\libg_nano.a(lib_a-memcpy-stub.o)
                0x08003100                memcpy
 .text._Balloc  0x0800311c       0x80 c:/gcc-arm/bin/../lib/gcc/arm-none-eabi/10.3.1/../../../../arm-none-eabi/lib/thumb/v7-m/nofp\libg_nano.a(lib_a-mprec.o)
                0x0800311c                _Balloc
 .text._Bfree   0x0800319c       0x44 c:/gcc-arm/bin/../lib/gcc/arm-none-eabi/10.3.1/../../../../arm-none-eabi/lib/thumb/v7-m/nofp\libg_nano.a(lib_a-mprec.o)
                0x0800319c                _Bfree
 .text.__multadd
                0x080031e0       0x8c c:/gcc-arm/bin/../lib/gcc/arm-none-eabi/10.3.1/../../../../arm-none-eabi/lib/thumb/v7-m/nofp\libg_nano.a(lib_a-mprec.o)
                0x080031e0                __multadd
 .text.__hi0bits
                0x0800326c       0x40 c:/gcc-arm/bin/../lib/gcc/arm-none-eabi/10.3.1/../../../../arm-none-eabi/lib/thumb/v7-m/nofp\libg_nano.a(lib_a-mprec.o)
                0x0800326c                __hi0bits
 .text.__lo0bits
                0x080032ac       0x5a c:/gcc-arm/bin/../lib/gcc/arm-none-eabi/10.3.1/../../../../arm-none-eabi/lib/thumb/v7-m/nofp\libg_nano.a(lib_a-mprec.o)
                0x080032ac                __lo0bits
 *fill*         0x08003306        0x2 
 .text.__i2b    0x08003308       0x2c c:/gcc-arm/bin/../lib/gcc/arm-none-eabi/10.3.1/../../../../arm-none-eabi/lib/thumb/v7-m/nofp\libg_nano.a(lib_a-mprec.o)
                0x08003308                __i2b
 .text.__multiply
                0x08003334      0x150 c:/gcc-arm/bin/../lib/gcc/arm-none-eabi/10.3.1/../../../../arm-none-eabi/lib/thumb/v7-m/nofp\libg_nano.a(lib_a-mprec.o)
                0x08003334                __multiply
 .text.__pow5mult
                0x08003484       0xb4 c:/gcc-arm/bin/../lib/gcc/arm-none-eabi/10.3.1/../../../../arm-none-eabi/lib/thumb/v7-m/nofp\libg_nano.a(lib_a-mprec.o)
                0x08003484                __pow5mult
 .text.__lshift
                0x08003538       0xe0 c:/gcc-arm/bin/../lib/gcc/arm-none-eabi/10.3.1/../../../../arm-none-eabi/lib/thumb/v7-m/nofp\libg_nano.a(lib_a-mprec.o)
                0x08003538                __lshift
 .text.__mcmp   0x08003618       0x36 c:/gcc-arm/bin/../lib/gcc/arm-none-eabi/10.3.1/../../../../arm-none-eabi/lib/thumb/v7-m/nofp\libg_nano.a(lib_a-mprec.o)
                0x08003618                __mcmp
 *fill*         0x0800364e        0x2 
 .text.__mdiff  0x08003650      0x118 c:/gcc-arm/bin/../lib/gcc/arm-none-eabi/10.3.1/../../../../arm-none-eabi/lib/thumb/v7-m/nofp\libg_nano.a(lib_a-mprec.o)
                0x08003650                __mdiff
 .text.__d2b    0x08003768       0xb8 c:/gcc-arm/bin/../lib/gcc/arm-none-eabi/10.3.1/../../../../arm-none-eabi/lib/thumb/v7-m/nofp\libg_nano.a(lib_a-mprec.o)
                0x08003768                __d2b
 .text._calloc_r
                0x08003820       0x28 c:/gcc-arm/bin/../lib/gcc/arm-none-eabi/10.3.1/../../../../arm-none-eabi/lib/thumb/v7-m/nofp\libg_nano.a(lib_a-nano-callocr.o)
                0x08003820                _calloc_r
 .text._free_r  0x08003848       0x90 c:/gcc-arm/bin/../lib/gcc/arm-none-eabi/10.3.1/../../../../arm-none-eabi/lib/thumb/v7-m/nofp\libg_nano.a(lib_a-nano-freer.o)
                0x08003848                _free_r
 .text.sbrk_aligned
                0x080038d8       0x40 c:/gcc-arm/bin/../lib/gcc/arm-none-eabi/10.3.1/../../../../arm-none-eabi/lib/thumb/v7-m/nofp\libg_nano.a(lib_a-nano-mallocr.o)
 .text._malloc_r
                0x08003918       0xe8 c:/gcc-arm/bin/../lib/gcc/arm-none-eabi/10.3.1/../../../../arm-none-eabi/lib/thumb/v7-m/nofp\libg_nano.a(lib_a-nano-mallocr.o)
                0x08003918                _malloc_r
 .text._sbrk_r  0x08003a00       0x20 c:/gcc-arm/bin/../lib/gcc/arm-none-eabi/10.3.1/../../../../arm-none-eabi/lib/thumb/v7-m/nofp\libg_nano.a(lib_a-sbrkr.o)
                0x08003a00                _sbrk_r
 .text.__sread  0x08003a20       0x22 c:/gcc-arm/bin/../lib/gcc/arm-none-eabi/10.3.1/../../../../arm-none-eabi/lib/thumb/v7-m/nofp\libg_nano.a(lib_a-stdio.o)
                0x08003a20                __sread
 .text.__swrite
                0x08003a42       0x38 c:/gcc-arm/bin/../lib/gcc/arm-none-eabi/10.3.1/../../../../arm-none-eabi/lib/thumb/v7-m/nofp\libg_nano.a(lib_a-stdio.o)
                0x08003a42                __swrite
 .text.__sseek  0x08003a7a       0x24 c:/gcc-arm/bin/../lib/gcc/arm-none-eabi/10.3.1/../../../../arm-none-eabi/lib/thumb/v7-m/nofp\libg_nano.a(lib_a-stdio.o)
                0x08003a7a                __sseek
 .text.__sclose
                0x08003a9e        0x8 c:/gcc-arm/bin/../lib/gcc/arm-none-eabi/10.3.1/../../../../arm-none-eabi/lib/thumb/v7-m/nofp\libg_nano.a(lib_a-stdio.o)
                0x08003a9e                __sclose
 *fill*         0x08003aa6        0x2 
 .text._write_r
                0x08003aa8       0x24 c:/gcc-arm/bin/../lib/gcc/arm-none-eabi/10.3.1/../../../../arm-none-eabi/lib/thumb/v7-m/nofp\libg_nano.a(lib_a-writer.o)
                0x08003aa8                _write_r
 .text.__assert_func
                0x08003acc       0x3c c:/gcc-arm/bin/../lib/gcc/arm-none-eabi/10.3.1/../../../../arm-none-eabi/lib/thumb/v7-m/nofp\libg_nano.a(lib_a-assert.o)
                0x08003acc                __assert_func
 .text._close_r
                0x08003b08       0x20 c:/gcc-arm/bin/../lib/gcc/arm-none-eabi/10.3.1/../../../../arm-none-eabi/lib/thumb/v7-m/nofp\libg_nano.a(lib_a-closer.o)
                0x08003b08                _close_r
 .text.fprintf  0x08003b28       0x24 c:/gcc-arm/bin/../lib/gcc/arm-none-eabi/10.3.1/../../../../arm-none-eabi/lib/thumb/v7-m/nofp\libg_nano.a(lib_a-fprintf.o)
                0x08003b28                fiprintf
                0x08003b28                fprintf
 .text._fstat_r
                0x08003b4c       0x24 c:/gcc-arm/bin/../lib/gcc/arm-none-eabi/10.3.1/../../../../arm-none-eabi/lib/thumb/v7-m/nofp\libg_nano.a(lib_a-fstatr.o)
                0x08003b4c                _fstat_r
 .text._isatty_r
                0x08003b70       0x20 c:/gcc-arm/bin/../lib/gcc/arm-none-eabi/10.3.1/../../../../arm-none-eabi/lib/thumb/v7-m/nofp\libg_nano.a(lib_a-isattyr.o)
                0x08003b70                _isatty_r
 .text._lseek_r
                0x08003b90       0x24 c:/gcc-arm/bin/../lib/gcc/arm-none-eabi/10.3.1/../../../../arm-none-eabi/lib/thumb/v7-m/nofp\libg_nano.a(lib_a-lseekr.o)
                0x08003b90                _lseek_r
 .text.__ascii_mbtowc
                0x08003bb4       0x24 c:/gcc-arm/bin/../lib/gcc/arm-none-eabi/10.3.1/../../../../arm-none-eabi/lib/thumb/v7-m/nofp\libg_nano.a(lib_a-mbtowc_r.o)
                0x08003bb4                __ascii_mbtowc
 .text.__malloc_lock
                0x08003bd8        0xc c:/gcc-arm/bin/../lib/gcc/arm-none-eabi/10.3.1/../../../../arm-none-eabi/lib/thumb/v7-m/nofp\libg_nano.a(lib_a-mlock.o)
                0x08003bd8                __malloc_lock
 .text.__malloc_unlock
                0x08003be4        0xc c:/gcc-arm/bin/../lib/gcc/arm-none-eabi/10.3.1/../../../../arm-none-eabi/lib/thumb/v7-m/nofp\libg_nano.a(lib_a-mlock.o)
                0x08003be4                __malloc_unlock
 .text.__sfputc_r
                0x08003bf0       0x2a c:/gcc-arm/bin/../lib/gcc/arm-none-eabi/10.3.1/../../../../arm-none-eabi/lib/thumb/v7-m/nofp\libg_nano.a(lib_a-nano-vfprintf.o)
 .text.__sfputs_r
                0x08003c1a       0x24 c:/gcc-arm/bin/../lib/gcc/arm-none-eabi/10.3.1/../../../../arm-none-eabi/lib/thumb/v7-m/nofp\libg_nano.a(lib_a-nano-vfprintf.o)
                0x08003c1a                __sfputs_r
 *fill*         0x08003c3e        0x2 
 .text._vfprintf_r
                0x08003c40      0x260 c:/gcc-arm/bin/../lib/gcc/arm-none-eabi/10.3.1/../../../../arm-none-eabi/lib/thumb/v7-m/nofp\libg_nano.a(lib_a-nano-vfprintf.o)
                0x08003c40                _vfprintf_r
                0x08003c40                _vfiprintf_r
 .text._read_r  0x08003ea0       0x24 c:/gcc-arm/bin/../lib/gcc/arm-none-eabi/10.3.1/../../../../arm-none-eabi/lib/thumb/v7-m/nofp\libg_nano.a(lib_a-readr.o)
                0x08003ea0                _read_r
 .text.__ascii_wctomb
                0x08003ec4       0x1a c:/gcc-arm/bin/../lib/gcc/arm-none-eabi/10.3.1/../../../../arm-none-eabi/lib/thumb/v7-m/nofp\libg_nano.a(lib_a-wctomb_r.o)
                0x08003ec4                __ascii_wctomb
 .text.abort    0x08003ede        0xe c:/gcc-arm/bin/../lib/gcc/arm-none-eabi/10.3.1/../../../../arm-none-eabi/lib/thumb/v7-m/nofp\libg_nano.a(lib_a-abort.o)
                0x08003ede                abort
 .text._raise_r
                0x08003eec       0x50 c:/gcc-arm/bin/../lib/gcc/arm-none-eabi/10.3.1/../../../../arm-none-eabi/lib/thumb/v7-m/nofp\libg_nano.a(lib_a-signal.o)
                0x08003eec                _raise_r
 .text.raise    0x08003f3c       0x10 c:/gcc-arm/bin/../lib/gcc/arm-none-eabi/10.3.1/../../../../arm-none-eabi/lib/thumb/v7-m/nofp\libg_nano.a(lib_a-signal.o)
                0x08003f3c                raise
 .text._kill_r  0x08003f4c       0x24 c:/gcc-arm/bin/../lib/gcc/arm-none-eabi/10.3.1/../../../../arm-none-eabi/lib/thumb/v7-m/nofp\libg_nano.a(lib_a-signalr.o)
                0x08003f4c                _kill_r
 .text._getpid_r
                0x08003f70        0x4 c:/gcc-arm/bin/../lib/gcc/arm-none-eabi/10.3.1/../../../../arm-none-eabi/lib/thumb/v7-m/nofp\libg_nano.a(lib_a-signalr.o)
                0x08003f70                _getpid_r
 .text._close   0x08003f74       0x10 c:/gcc-arm/bin/../lib/gcc/arm-none-eabi/10.3.1/../../../../arm-none-eabi/lib/thumb/v7-m/nofp\libnosys.a(close.o)
                0x08003f74                _close
 .text._fstat   0x08003f84       0x10 c:/gcc-arm/bin/../lib/gcc/arm-none-eabi/10.3.1/../../../../arm-none-eabi/lib/thumb/v7-m/nofp\libnosys.a(fstat.o)
                0x08003f84                _fstat
 .text._getpid  0x08003f94       0x10 c:/gcc-arm/bin/../lib/gcc/arm-none-eabi/10.3.1/../../../../arm-none-eabi/lib/thumb/v7-m/nofp\libnosys.a(getpid.o)
                0x08003f94                _getpid
 .text._isatty  0x08003fa4       0x10 c:/gcc-arm/bin/../lib/gcc/arm-none-eabi/10.3.1/../../../../arm-none-eabi/lib/thumb/v7-m/nofp\libnosys.a(isatty.o)
                0x08003fa4                _isatty
 .text._kill    0x08003fb4       0x10 c:/gcc-arm/bin/../lib/gcc/arm-none-eabi/10.3.1/../../../../arm-none-eabi/lib/thumb/v7-m/nofp\libnosys.a(kill.o)
                0x08003fb4                _kill
 .text._lseek   0x08003fc4       0x10 c:/gcc-arm/bin/../lib/gcc/arm-none-eabi/10.3.1/../../../../arm-none-eabi/lib/thumb/v7-m/nofp\libnosys.a(lseek.o)
                0x08003fc4                _lseek
 .text._read    0x08003fd4       0x10 c:/gcc-arm/bin/../lib/gcc/arm-none-eabi/10.3.1/../../../../arm-none-eabi/lib/thumb/v7-m/nofp\libnosys.a(read.o)
                0x08003fd4                _read
 .text._sbrk    0x08003fe4       0x1c c:/gcc-arm/bin/../lib/gcc/arm-none-eabi/10.3.1/../../../../arm-none-eabi/lib/thumb/v7-m/nofp\libnosys.a(sbrk.o)
                0x08003fe4                _sbrk
 .text._write   0x08004000       0x10 c:/gcc-arm/bin/../lib/gcc/arm-none-eabi/10.3.1/../../../../arm-none-eabi/lib/thumb/v7-m/nofp\libnosys.a(write.o)
                0x08004000                _write
 .text._exit    0x08004010        0x4 c:/gcc-arm/bin/../lib/gcc/arm-none-eabi/10.3.1/../../../../arm-none-eabi/lib/thumb/v7-m/nofp\libnosys.a(_exit.o)
                0x08004010                _exit
 *(.glue_7)
 .glue_7        0x08004014        0x0 linker stubs
 *(.glue_7t)
 .glue_7t       0x08004014        0x0 linker stubs
 *(.eh_frame)
 .eh_frame      0x08004014        0x0 c:/gcc-arm/bin/../lib/gcc/arm-none-eabi/10.3.1/thumb/v7-m/nofp/crtbegin.o
 *(.init)
 .init          0x08004014        0x4 c:/gcc-arm/bin/../lib/gcc/arm-none-eabi/10.3.1/thumb/v7-m/nofp/crti.o
                0x08004014                _init
 .init          0x08004018        0x8 c:/gcc-arm/bin/../lib/gcc/arm-none-eabi/10.3.1/thumb/v7-m/nofp/crtn.o
 *(.fini)
 .fini          0x08004020        0x4 c:/gcc-arm/bin/../lib/gcc/arm-none-eabi/10.3.1/thumb/v7-m/nofp/crti.o
                0x08004020                _fini
 .fini          0x08004024        0x8 c:/gcc-arm/bin/../lib/gcc/arm-none-eabi/10.3.1/thumb/v7-m/nofp/crtn.o
                0x0800402c                . = ALIGN (0x4)
                0x0800402c                _etext = .

.vfp11_veneer   0x0800402c        0x0
 .vfp11_veneer  0x0800402c        0x0 linker stubs

.v4_bx          0x0800402c        0x0
 .v4_bx         0x0800402c        0x0 linker stubs

.iplt           0x0800402c        0x0
 .iplt          0x0800402c        0x0 c:/gcc-arm/bin/../lib/gcc/arm-none-eabi/10.3.1/thumb/v7-m/nofp/crtbegin.o

.rodata         0x08004030      0x45c
                0x08004030                . = ALIGN (0x4)
 *(.rodata)
 *(.rodata*)
 .rodata.main.str1.4
                0x08004030       0x37 CMakeFiles/clion_fw.elf.dir/User/main.c.obj
 *fill*         0x08004067        0x1 
 .rodata._global_impure_ptr
                0x08004068        0x4 c:/gcc-arm/bin/../lib/gcc/arm-none-eabi/10.3.1/../../../../arm-none-eabi/lib/thumb/v7-m/nofp\libg_nano.a(lib_a-impure.o)
                0x08004068                _global_impure_ptr
 .rodata._printf_float.str1.1
                0x0800406c       0x12 c:/gcc-arm/bin/../lib/gcc/arm-none-eabi/10.3.1/../../../../arm-none-eabi/lib/thumb/v7-m/nofp\libg_nano.a(lib_a-nano-vfprintf_float.o)
 .rodata._printf_i.str1.1
                0x0800407e       0x22 c:/gcc-arm/bin/../lib/gcc/arm-none-eabi/10.3.1/../../../../arm-none-eabi/lib/thumb/v7-m/nofp\libg_nano.a(lib_a-nano-vfprintf_i.o)
 .rodata._dtoa_r.str1.1
                0x080040a0       0xb3 c:/gcc-arm/bin/../lib/gcc/arm-none-eabi/10.3.1/../../../../arm-none-eabi/lib/thumb/v7-m/nofp\libg_nano.a(lib_a-dtoa.o)
                                 0xb5 (size before relaxing)
 *fill*         0x08004153        0x1 
 .rodata.__sf_fake_stderr
                0x08004154       0x20 c:/gcc-arm/bin/../lib/gcc/arm-none-eabi/10.3.1/../../../../arm-none-eabi/lib/thumb/v7-m/nofp\libg_nano.a(lib_a-findfp.o)
                0x08004154                __sf_fake_stderr
 .rodata.__sf_fake_stdin
                0x08004174       0x20 c:/gcc-arm/bin/../lib/gcc/arm-none-eabi/10.3.1/../../../../arm-none-eabi/lib/thumb/v7-m/nofp\libg_nano.a(lib_a-findfp.o)
                0x08004174                __sf_fake_stdin
 .rodata.__sf_fake_stdout
                0x08004194       0x20 c:/gcc-arm/bin/../lib/gcc/arm-none-eabi/10.3.1/../../../../arm-none-eabi/lib/thumb/v7-m/nofp\libg_nano.a(lib_a-findfp.o)
                0x08004194                __sf_fake_stdout
 .rodata._Balloc.str1.1
                0x080041b4       0x7f c:/gcc-arm/bin/../lib/gcc/arm-none-eabi/10.3.1/../../../../arm-none-eabi/lib/thumb/v7-m/nofp\libg_nano.a(lib_a-mprec.o)
                                 0x96 (size before relaxing)
 .rodata.__multadd.str1.1
                0x08004233       0x11 c:/gcc-arm/bin/../lib/gcc/arm-none-eabi/10.3.1/../../../../arm-none-eabi/lib/thumb/v7-m/nofp\libg_nano.a(lib_a-mprec.o)
 *fill*         0x08004233        0x5 
 .rodata.__mprec_bigtens
                0x08004238       0x28 c:/gcc-arm/bin/../lib/gcc/arm-none-eabi/10.3.1/../../../../arm-none-eabi/lib/thumb/v7-m/nofp\libg_nano.a(lib_a-mprec.o)
                0x08004238                __mprec_bigtens
 .rodata.__mprec_tens
                0x08004260       0xc8 c:/gcc-arm/bin/../lib/gcc/arm-none-eabi/10.3.1/../../../../arm-none-eabi/lib/thumb/v7-m/nofp\libg_nano.a(lib_a-mprec.o)
                0x08004260                __mprec_tens
 .rodata.p05.0  0x08004328        0xc c:/gcc-arm/bin/../lib/gcc/arm-none-eabi/10.3.1/../../../../arm-none-eabi/lib/thumb/v7-m/nofp\libg_nano.a(lib_a-mprec.o)
 .rodata.__assert_func.str1.1
                0x08004334       0x3c c:/gcc-arm/bin/../lib/gcc/arm-none-eabi/10.3.1/../../../../arm-none-eabi/lib/thumb/v7-m/nofp\libg_nano.a(lib_a-assert.o)
                                 0x3d (size before relaxing)
 .rodata._setlocale_r.str1.1
                0x08004370        0x8 c:/gcc-arm/bin/../lib/gcc/arm-none-eabi/10.3.1/../../../../arm-none-eabi/lib/thumb/v7-m/nofp\libg_nano.a(lib_a-locale.o)
                                  0x9 (size before relaxing)
 .rodata.str1.1
                0x08004378        0x2 c:/gcc-arm/bin/../lib/gcc/arm-none-eabi/10.3.1/../../../../arm-none-eabi/lib/thumb/v7-m/nofp\libg_nano.a(lib_a-locale.o)
 .rodata._vfprintf_r.str1.1
                0x0800437a       0x11 c:/gcc-arm/bin/../lib/gcc/arm-none-eabi/10.3.1/../../../../arm-none-eabi/lib/thumb/v7-m/nofp\libg_nano.a(lib_a-nano-vfprintf.o)
 .rodata._ctype_
                0x0800438b      0x101 c:/gcc-arm/bin/../lib/gcc/arm-none-eabi/10.3.1/../../../../arm-none-eabi/lib/thumb/v7-m/nofp\libg_nano.a(lib_a-ctype_.o)
                0x0800438b                _ctype_
                0x0800448c                . = ALIGN (0x4)

.rel.dyn        0x0800448c        0x0
 .rel.iplt      0x0800448c        0x0 c:/gcc-arm/bin/../lib/gcc/arm-none-eabi/10.3.1/thumb/v7-m/nofp/crtbegin.o

.ARM.extab      0x0800448c        0x0
                0x0800448c                . = ALIGN (0x4)
 *(.ARM.extab* .gnu.linkonce.armextab.*)
                0x0800448c                . = ALIGN (0x4)

.ARM            0x0800448c        0x0
                0x0800448c                . = ALIGN (0x4)
                0x0800448c                __exidx_start = .
 *(.ARM.exidx*)
                0x0800448c                __exidx_end = .
                0x0800448c                . = ALIGN (0x4)

.preinit_array  0x0800448c        0x0
                0x0800448c                . = ALIGN (0x4)
                0x0800448c                PROVIDE (__preinit_array_start = .)
 *(.preinit_array*)
                0x0800448c                PROVIDE (__preinit_array_end = .)
                0x0800448c                . = ALIGN (0x4)

.init_array     0x0800448c        0x4
                0x0800448c                . = ALIGN (0x4)
                0x0800448c                PROVIDE (__init_array_start = .)
 *(SORT_BY_NAME(.init_array.*))
 *(.init_array*)
 .init_array    0x0800448c        0x4 c:/gcc-arm/bin/../lib/gcc/arm-none-eabi/10.3.1/thumb/v7-m/nofp/crtbegin.o
                0x08004490                PROVIDE (__init_array_end = .)
                0x08004490                . = ALIGN (0x4)

.fini_array     0x08004490        0x4
                0x08004490                . = ALIGN (0x4)
                [!provide]                PROVIDE (__fini_array_start = .)
 *(SORT_BY_NAME(.fini_array.*))
 *(.fini_array*)
 .fini_array    0x08004490        0x4 c:/gcc-arm/bin/../lib/gcc/arm-none-eabi/10.3.1/thumb/v7-m/nofp/crtbegin.o
                [!provide]                PROVIDE (__fini_array_end = .)
                0x08004494                . = ALIGN (0x4)
                0x08004494                _sidata = LOADADDR (.data)

.data           0x20000000      0x1e8 load address 0x08004494
                0x20000000                . = ALIGN (0x4)
                0x20000000                _sdata = .
 *(.data)
 *(.data*)
 .data.SystemCoreClock
                0x20000000        0x4 CMakeFiles/clion_fw.elf.dir/Libraries/CMSIS/system_stm32f10x.c.obj
                0x20000000                SystemCoreClock
 .data.ADCPrescTable
                0x20000004        0x4 CMakeFiles/clion_fw.elf.dir/Libraries/STM32F10x_StdPeriph_Driver/src/stm32f10x_rcc.c.obj
 .data.APBAHBPrescTable
                0x20000008       0x10 CMakeFiles/clion_fw.elf.dir/Libraries/STM32F10x_StdPeriph_Driver/src/stm32f10x_rcc.c.obj
 .data._impure_ptr
                0x20000018        0x4 c:/gcc-arm/bin/../lib/gcc/arm-none-eabi/10.3.1/../../../../arm-none-eabi/lib/thumb/v7-m/nofp\libg_nano.a(lib_a-impure.o)
                0x20000018                _impure_ptr
 .data.impure_data
                0x2000001c       0x60 c:/gcc-arm/bin/../lib/gcc/arm-none-eabi/10.3.1/../../../../arm-none-eabi/lib/thumb/v7-m/nofp\libg_nano.a(lib_a-impure.o)
 .data.__global_locale
                0x2000007c      0x16c c:/gcc-arm/bin/../lib/gcc/arm-none-eabi/10.3.1/../../../../arm-none-eabi/lib/thumb/v7-m/nofp\libg_nano.a(lib_a-locale.o)
                0x2000007c                __global_locale
 *(.RamFunc)
 *(.RamFunc*)
                0x200001e8                . = ALIGN (0x4)
                0x200001e8                _edata = .

.igot.plt       0x200001e8        0x0 load address 0x0800467c
 .igot.plt      0x200001e8        0x0 c:/gcc-arm/bin/../lib/gcc/arm-none-eabi/10.3.1/thumb/v7-m/nofp/crtbegin.o
                0x200001e8                . = ALIGN (0x4)

.bss            0x200001e8       0x78 load address 0x0800467c
                0x200001e8                _sbss = .
                0x200001e8                __bss_start__ = _sbss
 *(.bss)
 .bss           0x200001e8       0x1c c:/gcc-arm/bin/../lib/gcc/arm-none-eabi/10.3.1/thumb/v7-m/nofp/crtbegin.o
 *(.bss*)
 .bss.KeyFIFOTime
                0x20000204        0x2 CMakeFiles/clion_fw.elf.dir/BSP/Key/bsp_key.c.obj
                0x20000204                KeyFIFOTime
 *fill*         0x20000206        0x2 
 .bss.s_tBtn    0x20000208       0x30 CMakeFiles/clion_fw.elf.dir/BSP/Key/bsp_key.c.obj
 .bss.s_tKey    0x20000238        0xc CMakeFiles/clion_fw.elf.dir/BSP/Key/bsp_key.c.obj
 .bss.TimingDelay
                0x20000244        0x4 CMakeFiles/clion_fw.elf.dir/BSP/delay/bsp_delay.c.obj
 .bss.time10ms  0x20000248        0x4 CMakeFiles/clion_fw.elf.dir/User/stm32f10x_it.c.obj
                0x20000248                time10ms
 .bss.__lock___malloc_recursive_mutex
                0x2000024c        0x1 c:/gcc-arm/bin/../lib/gcc/arm-none-eabi/10.3.1/../../../../arm-none-eabi/lib/thumb/v7-m/nofp\libg_nano.a(lib_a-lock.o)
                0x2000024c                __lock___malloc_recursive_mutex
 .bss.__lock___sfp_recursive_mutex
                0x2000024d        0x1 c:/gcc-arm/bin/../lib/gcc/arm-none-eabi/10.3.1/../../../../arm-none-eabi/lib/thumb/v7-m/nofp\libg_nano.a(lib_a-lock.o)
                0x2000024d                __lock___sfp_recursive_mutex
 .bss.__lock___sinit_recursive_mutex
                0x2000024e        0x1 c:/gcc-arm/bin/../lib/gcc/arm-none-eabi/10.3.1/../../../../arm-none-eabi/lib/thumb/v7-m/nofp\libg_nano.a(lib_a-lock.o)
                0x2000024e                __lock___sinit_recursive_mutex
 *fill*         0x2000024f        0x1 
 .bss.__malloc_free_list
                0x20000250        0x4 c:/gcc-arm/bin/../lib/gcc/arm-none-eabi/10.3.1/../../../../arm-none-eabi/lib/thumb/v7-m/nofp\libg_nano.a(lib_a-nano-mallocr.o)
                0x20000250                __malloc_free_list
 .bss.__malloc_sbrk_start
                0x20000254        0x4 c:/gcc-arm/bin/../lib/gcc/arm-none-eabi/10.3.1/../../../../arm-none-eabi/lib/thumb/v7-m/nofp\libg_nano.a(lib_a-nano-mallocr.o)
                0x20000254                __malloc_sbrk_start
 .bss.errno     0x20000258        0x4 c:/gcc-arm/bin/../lib/gcc/arm-none-eabi/10.3.1/../../../../arm-none-eabi/lib/thumb/v7-m/nofp\libg_nano.a(lib_a-reent.o)
                0x20000258                errno
 .bss.heap_end.0
                0x2000025c        0x4 c:/gcc-arm/bin/../lib/gcc/arm-none-eabi/10.3.1/../../../../arm-none-eabi/lib/thumb/v7-m/nofp\libnosys.a(sbrk.o)
 *(COMMON)
                0x20000260                . = ALIGN (0x4)
                0x20000260                _ebss = .
                0x20000260                __bss_end__ = _ebss

._user_heap_stack
                0x20000260      0x600 load address 0x0800467c
                0x20000260                . = ALIGN (0x8)
                0x20000260                PROVIDE (end = .)
                [!provide]                PROVIDE (_end = .)
                0x20000460                . = (. + _Min_Heap_Size)
 *fill*         0x20000260      0x200 
                0x20000860                . = (. + _Min_Stack_Size)
 *fill*         0x20000460      0x400 
                0x20000860                . = ALIGN (0x8)

/DISCARD/
 libc.a(*)
 libm.a(*)
 libgcc.a(*)

.ARM.attributes
                0x00000000       0x29
 *(.ARM.attributes)
 .ARM.attributes
                0x00000000       0x1d c:/gcc-arm/bin/../lib/gcc/arm-none-eabi/10.3.1/thumb/v7-m/nofp/crti.o
 .ARM.attributes
                0x0000001d       0x2d c:/gcc-arm/bin/../lib/gcc/arm-none-eabi/10.3.1/thumb/v7-m/nofp/crtbegin.o
 .ARM.attributes
                0x0000004a       0x2d CMakeFiles/clion_fw.elf.dir/BSP/DEBUG/bsp_debug.c.obj
 .ARM.attributes
                0x00000077       0x2d CMakeFiles/clion_fw.elf.dir/BSP/GPIO/bsp_gpio.c.obj
 .ARM.attributes
                0x000000a4       0x2d CMakeFiles/clion_fw.elf.dir/BSP/Key/bsp_key.c.obj
 .ARM.attributes
                0x000000d1       0x2d CMakeFiles/clion_fw.elf.dir/BSP/Systick/bsp_SysTick.c.obj
 .ARM.attributes
                0x000000fe       0x2d CMakeFiles/clion_fw.elf.dir/BSP/delay/bsp_delay.c.obj
 .ARM.attributes
                0x0000012b       0x21 CMakeFiles/clion_fw.elf.dir/Libraries/CMSIS/startup/startup_stm32f10x_hd.s.obj
 .ARM.attributes
                0x0000014c       0x2d CMakeFiles/clion_fw.elf.dir/Libraries/CMSIS/system_stm32f10x.c.obj
 .ARM.attributes
                0x00000179       0x2d CMakeFiles/clion_fw.elf.dir/Libraries/STM32F10x_StdPeriph_Driver/src/misc.c.obj
 .ARM.attributes
                0x000001a6       0x2d CMakeFiles/clion_fw.elf.dir/Libraries/STM32F10x_StdPeriph_Driver/src/stm32f10x_gpio.c.obj
 .ARM.attributes
                0x000001d3       0x2d CMakeFiles/clion_fw.elf.dir/Libraries/STM32F10x_StdPeriph_Driver/src/stm32f10x_rcc.c.obj
 .ARM.attributes
                0x00000200       0x2d CMakeFiles/clion_fw.elf.dir/Libraries/STM32F10x_StdPeriph_Driver/src/stm32f10x_usart.c.obj
 .ARM.attributes
                0x0000022d       0x2d CMakeFiles/clion_fw.elf.dir/User/main.c.obj
 .ARM.attributes
                0x0000025a       0x2d CMakeFiles/clion_fw.elf.dir/User/stm32f10x_it.c.obj
 .ARM.attributes
                0x00000287       0x2d c:/gcc-arm/bin/../lib/gcc/arm-none-eabi/10.3.1/../../../../arm-none-eabi/lib/thumb/v7-m/nofp\libg_nano.a(lib_a-impure.o)
 .ARM.attributes
                0x000002b4       0x2d c:/gcc-arm/bin/../lib/gcc/arm-none-eabi/10.3.1/../../../../arm-none-eabi/lib/thumb/v7-m/nofp\libg_nano.a(lib_a-memset.o)
 .ARM.attributes
                0x000002e1       0x2d c:/gcc-arm/bin/../lib/gcc/arm-none-eabi/10.3.1/../../../../arm-none-eabi/lib/thumb/v7-m/nofp\libg_nano.a(lib_a-nano-vfprintf_float.o)
 .ARM.attributes
                0x0000030e       0x2d c:/gcc-arm/bin/../lib/gcc/arm-none-eabi/10.3.1/../../../../arm-none-eabi/lib/thumb/v7-m/nofp\libg_nano.a(lib_a-nano-vfprintf_i.o)
 .ARM.attributes
                0x0000033b       0x2d c:/gcc-arm/bin/../lib/gcc/arm-none-eabi/10.3.1/../../../../arm-none-eabi/lib/thumb/v7-m/nofp\libg_nano.a(lib_a-puts.o)
 .ARM.attributes
                0x00000368       0x17 c:/gcc-arm/bin/../lib/gcc/arm-none-eabi/10.3.1/../../../../arm-none-eabi/lib/thumb/v7-m/nofp\libg_nano.a(lib_a-strlen.o)
 .ARM.attributes
                0x0000037f       0x2d c:/gcc-arm/bin/../lib/gcc/arm-none-eabi/10.3.1/../../../../arm-none-eabi/lib/thumb/v7-m/nofp\libg_nano.a(lib_a-wbuf.o)
 .ARM.attributes
                0x000003ac       0x2d c:/gcc-arm/bin/../lib/gcc/arm-none-eabi/10.3.1/../../../../arm-none-eabi/lib/thumb/v7-m/nofp\libg_nano.a(lib_a-wsetup.o)
 .ARM.attributes
                0x000003d9       0x2d c:/gcc-arm/bin/../lib/gcc/arm-none-eabi/10.3.1/../../../../arm-none-eabi/lib/thumb/v7-m/nofp\libg_nano.a(lib_a-dtoa.o)
 .ARM.attributes
                0x00000406       0x2d c:/gcc-arm/bin/../lib/gcc/arm-none-eabi/10.3.1/../../../../arm-none-eabi/lib/thumb/v7-m/nofp\libg_nano.a(lib_a-fflush.o)
 .ARM.attributes
                0x00000433       0x2d c:/gcc-arm/bin/../lib/gcc/arm-none-eabi/10.3.1/../../../../arm-none-eabi/lib/thumb/v7-m/nofp\libg_nano.a(lib_a-findfp.o)
 .ARM.attributes
                0x00000460       0x2d c:/gcc-arm/bin/../lib/gcc/arm-none-eabi/10.3.1/../../../../arm-none-eabi/lib/thumb/v7-m/nofp\libg_nano.a(lib_a-fwalk.o)
 .ARM.attributes
                0x0000048d       0x2d c:/gcc-arm/bin/../lib/gcc/arm-none-eabi/10.3.1/../../../../arm-none-eabi/lib/thumb/v7-m/nofp\libg_nano.a(lib_a-localeconv.o)
 .ARM.attributes
                0x000004ba       0x2d c:/gcc-arm/bin/../lib/gcc/arm-none-eabi/10.3.1/../../../../arm-none-eabi/lib/thumb/v7-m/nofp\libg_nano.a(lib_a-lock.o)
 .ARM.attributes
                0x000004e7       0x2d c:/gcc-arm/bin/../lib/gcc/arm-none-eabi/10.3.1/../../../../arm-none-eabi/lib/thumb/v7-m/nofp\libg_nano.a(lib_a-makebuf.o)
 .ARM.attributes
                0x00000514       0x2d c:/gcc-arm/bin/../lib/gcc/arm-none-eabi/10.3.1/../../../../arm-none-eabi/lib/thumb/v7-m/nofp\libg_nano.a(lib_a-malloc.o)
 .ARM.attributes
                0x00000541       0x2d c:/gcc-arm/bin/../lib/gcc/arm-none-eabi/10.3.1/../../../../arm-none-eabi/lib/thumb/v7-m/nofp\libg_nano.a(lib_a-memchr-stub.o)
 .ARM.attributes
                0x0000056e       0x2d c:/gcc-arm/bin/../lib/gcc/arm-none-eabi/10.3.1/../../../../arm-none-eabi/lib/thumb/v7-m/nofp\libg_nano.a(lib_a-memcpy-stub.o)
 .ARM.attributes
                0x0000059b       0x2d c:/gcc-arm/bin/../lib/gcc/arm-none-eabi/10.3.1/../../../../arm-none-eabi/lib/thumb/v7-m/nofp\libg_nano.a(lib_a-mprec.o)
 .ARM.attributes
                0x000005c8       0x2d c:/gcc-arm/bin/../lib/gcc/arm-none-eabi/10.3.1/../../../../arm-none-eabi/lib/thumb/v7-m/nofp\libg_nano.a(lib_a-nano-callocr.o)
 .ARM.attributes
                0x000005f5       0x2d c:/gcc-arm/bin/../lib/gcc/arm-none-eabi/10.3.1/../../../../arm-none-eabi/lib/thumb/v7-m/nofp\libg_nano.a(lib_a-nano-freer.o)
 .ARM.attributes
                0x00000622       0x2d c:/gcc-arm/bin/../lib/gcc/arm-none-eabi/10.3.1/../../../../arm-none-eabi/lib/thumb/v7-m/nofp\libg_nano.a(lib_a-nano-mallocr.o)
 .ARM.attributes
                0x0000064f       0x2d c:/gcc-arm/bin/../lib/gcc/arm-none-eabi/10.3.1/../../../../arm-none-eabi/lib/thumb/v7-m/nofp\libg_nano.a(lib_a-sbrkr.o)
 .ARM.attributes
                0x0000067c       0x2d c:/gcc-arm/bin/../lib/gcc/arm-none-eabi/10.3.1/../../../../arm-none-eabi/lib/thumb/v7-m/nofp\libg_nano.a(lib_a-stdio.o)
 .ARM.attributes
                0x000006a9       0x2d c:/gcc-arm/bin/../lib/gcc/arm-none-eabi/10.3.1/../../../../arm-none-eabi/lib/thumb/v7-m/nofp\libg_nano.a(lib_a-writer.o)
 .ARM.attributes
                0x000006d6       0x2d c:/gcc-arm/bin/../lib/gcc/arm-none-eabi/10.3.1/../../../../arm-none-eabi/lib/thumb/v7-m/nofp\libg_nano.a(lib_a-assert.o)
 .ARM.attributes
                0x00000703       0x2d c:/gcc-arm/bin/../lib/gcc/arm-none-eabi/10.3.1/../../../../arm-none-eabi/lib/thumb/v7-m/nofp\libg_nano.a(lib_a-closer.o)
 .ARM.attributes
                0x00000730       0x2d c:/gcc-arm/bin/../lib/gcc/arm-none-eabi/10.3.1/../../../../arm-none-eabi/lib/thumb/v7-m/nofp\libg_nano.a(lib_a-fprintf.o)
 .ARM.attributes
                0x0000075d       0x2d c:/gcc-arm/bin/../lib/gcc/arm-none-eabi/10.3.1/../../../../arm-none-eabi/lib/thumb/v7-m/nofp\libg_nano.a(lib_a-fstatr.o)
 .ARM.attributes
                0x0000078a       0x2d c:/gcc-arm/bin/../lib/gcc/arm-none-eabi/10.3.1/../../../../arm-none-eabi/lib/thumb/v7-m/nofp\libg_nano.a(lib_a-isattyr.o)
 .ARM.attributes
                0x000007b7       0x2d c:/gcc-arm/bin/../lib/gcc/arm-none-eabi/10.3.1/../../../../arm-none-eabi/lib/thumb/v7-m/nofp\libg_nano.a(lib_a-locale.o)
 .ARM.attributes
                0x000007e4       0x2d c:/gcc-arm/bin/../lib/gcc/arm-none-eabi/10.3.1/../../../../arm-none-eabi/lib/thumb/v7-m/nofp\libg_nano.a(lib_a-lseekr.o)
 .ARM.attributes
                0x00000811       0x2d c:/gcc-arm/bin/../lib/gcc/arm-none-eabi/10.3.1/../../../../arm-none-eabi/lib/thumb/v7-m/nofp\libg_nano.a(lib_a-mbtowc_r.o)
 .ARM.attributes
                0x0000083e       0x2d c:/gcc-arm/bin/../lib/gcc/arm-none-eabi/10.3.1/../../../../arm-none-eabi/lib/thumb/v7-m/nofp\libg_nano.a(lib_a-mlock.o)
 .ARM.attributes
                0x0000086b       0x2d c:/gcc-arm/bin/../lib/gcc/arm-none-eabi/10.3.1/../../../../arm-none-eabi/lib/thumb/v7-m/nofp\libg_nano.a(lib_a-nano-vfprintf.o)
 .ARM.attributes
                0x00000898       0x2d c:/gcc-arm/bin/../lib/gcc/arm-none-eabi/10.3.1/../../../../arm-none-eabi/lib/thumb/v7-m/nofp\libg_nano.a(lib_a-readr.o)
 .ARM.attributes
                0x000008c5       0x2d c:/gcc-arm/bin/../lib/gcc/arm-none-eabi/10.3.1/../../../../arm-none-eabi/lib/thumb/v7-m/nofp\libg_nano.a(lib_a-reent.o)
 .ARM.attributes
                0x000008f2       0x2d c:/gcc-arm/bin/../lib/gcc/arm-none-eabi/10.3.1/../../../../arm-none-eabi/lib/thumb/v7-m/nofp\libg_nano.a(lib_a-wctomb_r.o)
 .ARM.attributes
                0x0000091f       0x2d c:/gcc-arm/bin/../lib/gcc/arm-none-eabi/10.3.1/../../../../arm-none-eabi/lib/thumb/v7-m/nofp\libg_nano.a(lib_a-abort.o)
 .ARM.attributes
                0x0000094c       0x2d c:/gcc-arm/bin/../lib/gcc/arm-none-eabi/10.3.1/../../../../arm-none-eabi/lib/thumb/v7-m/nofp\libg_nano.a(lib_a-ctype_.o)
 .ARM.attributes
                0x00000979       0x2d c:/gcc-arm/bin/../lib/gcc/arm-none-eabi/10.3.1/../../../../arm-none-eabi/lib/thumb/v7-m/nofp\libg_nano.a(lib_a-signal.o)
 .ARM.attributes
                0x000009a6       0x2d c:/gcc-arm/bin/../lib/gcc/arm-none-eabi/10.3.1/../../../../arm-none-eabi/lib/thumb/v7-m/nofp\libg_nano.a(lib_a-signalr.o)
 .ARM.attributes
                0x000009d3       0x1d c:/gcc-arm/bin/../lib/gcc/arm-none-eabi/10.3.1/thumb/v7-m/nofp\libgcc.a(_arm_addsubdf3.o)
 .ARM.attributes
                0x000009f0       0x1d c:/gcc-arm/bin/../lib/gcc/arm-none-eabi/10.3.1/thumb/v7-m/nofp\libgcc.a(_arm_muldivdf3.o)
 .ARM.attributes
                0x00000a0d       0x1d c:/gcc-arm/bin/../lib/gcc/arm-none-eabi/10.3.1/thumb/v7-m/nofp\libgcc.a(_arm_cmpdf2.o)
 .ARM.attributes
                0x00000a2a       0x1d c:/gcc-arm/bin/../lib/gcc/arm-none-eabi/10.3.1/thumb/v7-m/nofp\libgcc.a(_arm_unorddf2.o)
 .ARM.attributes
                0x00000a47       0x1d c:/gcc-arm/bin/../lib/gcc/arm-none-eabi/10.3.1/thumb/v7-m/nofp\libgcc.a(_arm_fixdfsi.o)
 .ARM.attributes
                0x00000a64       0x2d c:/gcc-arm/bin/../lib/gcc/arm-none-eabi/10.3.1/../../../../arm-none-eabi/lib/thumb/v7-m/nofp\libnosys.a(close.o)
 .ARM.attributes
                0x00000a91       0x2d c:/gcc-arm/bin/../lib/gcc/arm-none-eabi/10.3.1/../../../../arm-none-eabi/lib/thumb/v7-m/nofp\libnosys.a(fstat.o)
 .ARM.attributes
                0x00000abe       0x2d c:/gcc-arm/bin/../lib/gcc/arm-none-eabi/10.3.1/../../../../arm-none-eabi/lib/thumb/v7-m/nofp\libnosys.a(getpid.o)
 .ARM.attributes
                0x00000aeb       0x2d c:/gcc-arm/bin/../lib/gcc/arm-none-eabi/10.3.1/../../../../arm-none-eabi/lib/thumb/v7-m/nofp\libnosys.a(isatty.o)
 .ARM.attributes
                0x00000b18       0x2d c:/gcc-arm/bin/../lib/gcc/arm-none-eabi/10.3.1/../../../../arm-none-eabi/lib/thumb/v7-m/nofp\libnosys.a(kill.o)
 .ARM.attributes
                0x00000b45       0x2d c:/gcc-arm/bin/../lib/gcc/arm-none-eabi/10.3.1/../../../../arm-none-eabi/lib/thumb/v7-m/nofp\libnosys.a(lseek.o)
 .ARM.attributes
                0x00000b72       0x2d c:/gcc-arm/bin/../lib/gcc/arm-none-eabi/10.3.1/../../../../arm-none-eabi/lib/thumb/v7-m/nofp\libnosys.a(read.o)
 .ARM.attributes
                0x00000b9f       0x2d c:/gcc-arm/bin/../lib/gcc/arm-none-eabi/10.3.1/../../../../arm-none-eabi/lib/thumb/v7-m/nofp\libnosys.a(sbrk.o)
 .ARM.attributes
                0x00000bcc       0x2d c:/gcc-arm/bin/../lib/gcc/arm-none-eabi/10.3.1/../../../../arm-none-eabi/lib/thumb/v7-m/nofp\libnosys.a(write.o)
 .ARM.attributes
                0x00000bf9       0x2d c:/gcc-arm/bin/../lib/gcc/arm-none-eabi/10.3.1/../../../../arm-none-eabi/lib/thumb/v7-m/nofp\libnosys.a(_exit.o)
 .ARM.attributes
                0x00000c26       0x1d c:/gcc-arm/bin/../lib/gcc/arm-none-eabi/10.3.1/thumb/v7-m/nofp/crtn.o
OUTPUT(clion_fw.elf elf32-littlearm)
LOAD linker stubs
LOAD c:/gcc-arm/bin/../lib/gcc/arm-none-eabi/10.3.1/../../../../arm-none-eabi/lib/thumb/v7-m/nofp\libc.a
LOAD c:/gcc-arm/bin/../lib/gcc/arm-none-eabi/10.3.1/../../../../arm-none-eabi/lib/thumb/v7-m/nofp\libm.a
LOAD c:/gcc-arm/bin/../lib/gcc/arm-none-eabi/10.3.1/thumb/v7-m/nofp\libgcc.a

.debug_info     0x00000000     0x4fd9
 .debug_info    0x00000000     0x12e2 CMakeFiles/clion_fw.elf.dir/BSP/DEBUG/bsp_debug.c.obj
 .debug_info    0x000012e2      0x25d CMakeFiles/clion_fw.elf.dir/BSP/GPIO/bsp_gpio.c.obj
 .debug_info    0x0000153f      0x766 CMakeFiles/clion_fw.elf.dir/BSP/Key/bsp_key.c.obj
 .debug_info    0x00001ca5      0x602 CMakeFiles/clion_fw.elf.dir/BSP/Systick/bsp_SysTick.c.obj
 .debug_info    0x000022a7      0x135 CMakeFiles/clion_fw.elf.dir/BSP/delay/bsp_delay.c.obj
 .debug_info    0x000023dc       0x22 CMakeFiles/clion_fw.elf.dir/Libraries/CMSIS/startup/startup_stm32f10x_hd.s.obj
 .debug_info    0x000023fe      0x49c CMakeFiles/clion_fw.elf.dir/Libraries/CMSIS/system_stm32f10x.c.obj
 .debug_info    0x0000289a      0x52c CMakeFiles/clion_fw.elf.dir/Libraries/STM32F10x_StdPeriph_Driver/src/misc.c.obj
 .debug_info    0x00002dc6      0x91e CMakeFiles/clion_fw.elf.dir/Libraries/STM32F10x_StdPeriph_Driver/src/stm32f10x_gpio.c.obj
 .debug_info    0x000036e4      0x97f CMakeFiles/clion_fw.elf.dir/Libraries/STM32F10x_StdPeriph_Driver/src/stm32f10x_rcc.c.obj
 .debug_info    0x00004063      0xc08 CMakeFiles/clion_fw.elf.dir/Libraries/STM32F10x_StdPeriph_Driver/src/stm32f10x_usart.c.obj
 .debug_info    0x00004c6b      0x207 CMakeFiles/clion_fw.elf.dir/User/main.c.obj
 .debug_info    0x00004e72      0x167 CMakeFiles/clion_fw.elf.dir/User/stm32f10x_it.c.obj

.debug_abbrev   0x00000000     0x149a
 .debug_abbrev  0x00000000      0x307 CMakeFiles/clion_fw.elf.dir/BSP/DEBUG/bsp_debug.c.obj
 .debug_abbrev  0x00000307      0x133 CMakeFiles/clion_fw.elf.dir/BSP/GPIO/bsp_gpio.c.obj
 .debug_abbrev  0x0000043a      0x2d1 CMakeFiles/clion_fw.elf.dir/BSP/Key/bsp_key.c.obj
 .debug_abbrev  0x0000070b      0x1c7 CMakeFiles/clion_fw.elf.dir/BSP/Systick/bsp_SysTick.c.obj
 .debug_abbrev  0x000008d2       0xec CMakeFiles/clion_fw.elf.dir/BSP/delay/bsp_delay.c.obj
 .debug_abbrev  0x000009be       0x12 CMakeFiles/clion_fw.elf.dir/Libraries/CMSIS/startup/startup_stm32f10x_hd.s.obj
 .debug_abbrev  0x000009d0      0x1b8 CMakeFiles/clion_fw.elf.dir/Libraries/CMSIS/system_stm32f10x.c.obj
 .debug_abbrev  0x00000b88      0x198 CMakeFiles/clion_fw.elf.dir/Libraries/STM32F10x_StdPeriph_Driver/src/misc.c.obj
 .debug_abbrev  0x00000d20      0x220 CMakeFiles/clion_fw.elf.dir/Libraries/STM32F10x_StdPeriph_Driver/src/stm32f10x_gpio.c.obj
 .debug_abbrev  0x00000f40      0x204 CMakeFiles/clion_fw.elf.dir/Libraries/STM32F10x_StdPeriph_Driver/src/stm32f10x_rcc.c.obj
 .debug_abbrev  0x00001144      0x1dc CMakeFiles/clion_fw.elf.dir/Libraries/STM32F10x_StdPeriph_Driver/src/stm32f10x_usart.c.obj
 .debug_abbrev  0x00001320       0xda CMakeFiles/clion_fw.elf.dir/User/main.c.obj
 .debug_abbrev  0x000013fa       0xa0 CMakeFiles/clion_fw.elf.dir/User/stm32f10x_it.c.obj

.debug_loc      0x00000000     0x1be7
 .debug_loc     0x00000000      0x256 CMakeFiles/clion_fw.elf.dir/BSP/DEBUG/bsp_debug.c.obj
 .debug_loc     0x00000256      0x1eb CMakeFiles/clion_fw.elf.dir/BSP/Key/bsp_key.c.obj
 .debug_loc     0x00000441       0x74 CMakeFiles/clion_fw.elf.dir/BSP/Systick/bsp_SysTick.c.obj
 .debug_loc     0x000004b5       0xff CMakeFiles/clion_fw.elf.dir/Libraries/CMSIS/system_stm32f10x.c.obj
 .debug_loc     0x000005b4      0x16b CMakeFiles/clion_fw.elf.dir/Libraries/STM32F10x_StdPeriph_Driver/src/misc.c.obj
 .debug_loc     0x0000071f      0x62c CMakeFiles/clion_fw.elf.dir/Libraries/STM32F10x_StdPeriph_Driver/src/stm32f10x_gpio.c.obj
 .debug_loc     0x00000d4b      0x654 CMakeFiles/clion_fw.elf.dir/Libraries/STM32F10x_StdPeriph_Driver/src/stm32f10x_rcc.c.obj
 .debug_loc     0x0000139f      0x80c CMakeFiles/clion_fw.elf.dir/Libraries/STM32F10x_StdPeriph_Driver/src/stm32f10x_usart.c.obj
 .debug_loc     0x00001bab       0x3c CMakeFiles/clion_fw.elf.dir/User/main.c.obj

.debug_aranges  0x00000000      0x528
 .debug_aranges
                0x00000000       0x58 CMakeFiles/clion_fw.elf.dir/BSP/DEBUG/bsp_debug.c.obj
 .debug_aranges
                0x00000058       0x20 CMakeFiles/clion_fw.elf.dir/BSP/GPIO/bsp_gpio.c.obj
 .debug_aranges
                0x00000078       0x88 CMakeFiles/clion_fw.elf.dir/BSP/Key/bsp_key.c.obj
 .debug_aranges
                0x00000100       0x20 CMakeFiles/clion_fw.elf.dir/BSP/Systick/bsp_SysTick.c.obj
 .debug_aranges
                0x00000120       0x28 CMakeFiles/clion_fw.elf.dir/BSP/delay/bsp_delay.c.obj
 .debug_aranges
                0x00000148       0x28 CMakeFiles/clion_fw.elf.dir/Libraries/CMSIS/startup/startup_stm32f10x_hd.s.obj
 .debug_aranges
                0x00000170       0x38 CMakeFiles/clion_fw.elf.dir/Libraries/CMSIS/system_stm32f10x.c.obj
 .debug_aranges
                0x000001a8       0x40 CMakeFiles/clion_fw.elf.dir/Libraries/STM32F10x_StdPeriph_Driver/src/misc.c.obj
 .debug_aranges
                0x000001e8       0xa8 CMakeFiles/clion_fw.elf.dir/Libraries/STM32F10x_StdPeriph_Driver/src/stm32f10x_gpio.c.obj
 .debug_aranges
                0x00000290      0x118 CMakeFiles/clion_fw.elf.dir/Libraries/STM32F10x_StdPeriph_Driver/src/stm32f10x_rcc.c.obj
 .debug_aranges
                0x000003a8      0x100 CMakeFiles/clion_fw.elf.dir/Libraries/STM32F10x_StdPeriph_Driver/src/stm32f10x_usart.c.obj
 .debug_aranges
                0x000004a8       0x20 CMakeFiles/clion_fw.elf.dir/User/main.c.obj
 .debug_aranges
                0x000004c8       0x60 CMakeFiles/clion_fw.elf.dir/User/stm32f10x_it.c.obj

.debug_ranges   0x00000000      0x460
 .debug_ranges  0x00000000       0x48 CMakeFiles/clion_fw.elf.dir/BSP/DEBUG/bsp_debug.c.obj
 .debug_ranges  0x00000048       0x10 CMakeFiles/clion_fw.elf.dir/BSP/GPIO/bsp_gpio.c.obj
 .debug_ranges  0x00000058       0x78 CMakeFiles/clion_fw.elf.dir/BSP/Key/bsp_key.c.obj
 .debug_ranges  0x000000d0       0x10 CMakeFiles/clion_fw.elf.dir/BSP/Systick/bsp_SysTick.c.obj
 .debug_ranges  0x000000e0       0x18 CMakeFiles/clion_fw.elf.dir/BSP/delay/bsp_delay.c.obj
 .debug_ranges  0x000000f8       0x20 CMakeFiles/clion_fw.elf.dir/Libraries/CMSIS/startup/startup_stm32f10x_hd.s.obj
 .debug_ranges  0x00000118       0x28 CMakeFiles/clion_fw.elf.dir/Libraries/CMSIS/system_stm32f10x.c.obj
 .debug_ranges  0x00000140       0x30 CMakeFiles/clion_fw.elf.dir/Libraries/STM32F10x_StdPeriph_Driver/src/misc.c.obj
 .debug_ranges  0x00000170       0x98 CMakeFiles/clion_fw.elf.dir/Libraries/STM32F10x_StdPeriph_Driver/src/stm32f10x_gpio.c.obj
 .debug_ranges  0x00000208      0x108 CMakeFiles/clion_fw.elf.dir/Libraries/STM32F10x_StdPeriph_Driver/src/stm32f10x_rcc.c.obj
 .debug_ranges  0x00000310       0xf0 CMakeFiles/clion_fw.elf.dir/Libraries/STM32F10x_StdPeriph_Driver/src/stm32f10x_usart.c.obj
 .debug_ranges  0x00000400       0x10 CMakeFiles/clion_fw.elf.dir/User/main.c.obj
 .debug_ranges  0x00000410       0x50 CMakeFiles/clion_fw.elf.dir/User/stm32f10x_it.c.obj

.debug_line     0x00000000     0x32c8
 .debug_line    0x00000000      0x4d3 CMakeFiles/clion_fw.elf.dir/BSP/DEBUG/bsp_debug.c.obj
 .debug_line    0x000004d3      0x1ae CMakeFiles/clion_fw.elf.dir/BSP/GPIO/bsp_gpio.c.obj
 .debug_line    0x00000681      0x598 CMakeFiles/clion_fw.elf.dir/BSP/Key/bsp_key.c.obj
 .debug_line    0x00000c19      0x19a CMakeFiles/clion_fw.elf.dir/BSP/Systick/bsp_SysTick.c.obj
 .debug_line    0x00000db3      0x187 CMakeFiles/clion_fw.elf.dir/BSP/delay/bsp_delay.c.obj
 .debug_line    0x00000f3a       0xae CMakeFiles/clion_fw.elf.dir/Libraries/CMSIS/startup/startup_stm32f10x_hd.s.obj
 .debug_line    0x00000fe8      0x37b CMakeFiles/clion_fw.elf.dir/Libraries/CMSIS/system_stm32f10x.c.obj
 .debug_line    0x00001363      0x2c6 CMakeFiles/clion_fw.elf.dir/Libraries/STM32F10x_StdPeriph_Driver/src/misc.c.obj
 .debug_line    0x00001629      0x6e4 CMakeFiles/clion_fw.elf.dir/Libraries/STM32F10x_StdPeriph_Driver/src/stm32f10x_gpio.c.obj
 .debug_line    0x00001d0d      0x892 CMakeFiles/clion_fw.elf.dir/Libraries/STM32F10x_StdPeriph_Driver/src/stm32f10x_rcc.c.obj
 .debug_line    0x0000259f      0x8bb CMakeFiles/clion_fw.elf.dir/Libraries/STM32F10x_StdPeriph_Driver/src/stm32f10x_usart.c.obj
 .debug_line    0x00002e5a      0x21b CMakeFiles/clion_fw.elf.dir/User/main.c.obj
 .debug_line    0x00003075      0x253 CMakeFiles/clion_fw.elf.dir/User/stm32f10x_it.c.obj

.debug_str      0x00000000     0x1e23
 .debug_str     0x00000000      0xcde CMakeFiles/clion_fw.elf.dir/BSP/DEBUG/bsp_debug.c.obj
                                0xd54 (size before relaxing)
 .debug_str     0x00000cde       0x52 CMakeFiles/clion_fw.elf.dir/BSP/GPIO/bsp_gpio.c.obj
                                0x345 (size before relaxing)
 .debug_str     0x00000d30      0x20a CMakeFiles/clion_fw.elf.dir/BSP/Key/bsp_key.c.obj
                                0x536 (size before relaxing)
 .debug_str     0x00000f3a      0x127 CMakeFiles/clion_fw.elf.dir/BSP/Systick/bsp_SysTick.c.obj
                                0x6b4 (size before relaxing)
 .debug_str     0x00001061       0x6d CMakeFiles/clion_fw.elf.dir/BSP/delay/bsp_delay.c.obj
                                0x21c (size before relaxing)
 .debug_str     0x000010ce       0x61 CMakeFiles/clion_fw.elf.dir/Libraries/CMSIS/startup/startup_stm32f10x_hd.s.obj
                                 0x97 (size before relaxing)
 .debug_str     0x0000112f      0x112 CMakeFiles/clion_fw.elf.dir/Libraries/CMSIS/system_stm32f10x.c.obj
                                0x341 (size before relaxing)
 .debug_str     0x00001241      0x10d CMakeFiles/clion_fw.elf.dir/Libraries/STM32F10x_StdPeriph_Driver/src/misc.c.obj
                                0x432 (size before relaxing)
 .debug_str     0x0000134e      0x27d CMakeFiles/clion_fw.elf.dir/Libraries/STM32F10x_StdPeriph_Driver/src/stm32f10x_gpio.c.obj
                                0x5aa (size before relaxing)
 .debug_str     0x000015cb      0x3d6 CMakeFiles/clion_fw.elf.dir/Libraries/STM32F10x_StdPeriph_Driver/src/stm32f10x_rcc.c.obj
                                0x694 (size before relaxing)
 .debug_str     0x000019a1      0x365 CMakeFiles/clion_fw.elf.dir/Libraries/STM32F10x_StdPeriph_Driver/src/stm32f10x_usart.c.obj
                                0x74a (size before relaxing)
 .debug_str     0x00001d06       0x4c CMakeFiles/clion_fw.elf.dir/User/main.c.obj
                                0x2a8 (size before relaxing)
 .debug_str     0x00001d52       0xd1 CMakeFiles/clion_fw.elf.dir/User/stm32f10x_it.c.obj
                                0x28c (size before relaxing)

.comment        0x00000000       0x49
 .comment       0x00000000       0x49 CMakeFiles/clion_fw.elf.dir/BSP/DEBUG/bsp_debug.c.obj
                                 0x4a (size before relaxing)
 .comment       0x00000049       0x4a CMakeFiles/clion_fw.elf.dir/BSP/GPIO/bsp_gpio.c.obj
 .comment       0x00000049       0x4a CMakeFiles/clion_fw.elf.dir/BSP/Key/bsp_key.c.obj
 .comment       0x00000049       0x4a CMakeFiles/clion_fw.elf.dir/BSP/Systick/bsp_SysTick.c.obj
 .comment       0x00000049       0x4a CMakeFiles/clion_fw.elf.dir/BSP/delay/bsp_delay.c.obj
 .comment       0x00000049       0x4a CMakeFiles/clion_fw.elf.dir/Libraries/CMSIS/system_stm32f10x.c.obj
 .comment       0x00000049       0x4a CMakeFiles/clion_fw.elf.dir/Libraries/STM32F10x_StdPeriph_Driver/src/misc.c.obj
 .comment       0x00000049       0x4a CMakeFiles/clion_fw.elf.dir/Libraries/STM32F10x_StdPeriph_Driver/src/stm32f10x_gpio.c.obj
 .comment       0x00000049       0x4a CMakeFiles/clion_fw.elf.dir/Libraries/STM32F10x_StdPeriph_Driver/src/stm32f10x_rcc.c.obj
 .comment       0x00000049       0x4a CMakeFiles/clion_fw.elf.dir/Libraries/STM32F10x_StdPeriph_Driver/src/stm32f10x_usart.c.obj
 .comment       0x00000049       0x4a CMakeFiles/clion_fw.elf.dir/User/main.c.obj
 .comment       0x00000049       0x4a CMakeFiles/clion_fw.elf.dir/User/stm32f10x_it.c.obj

.debug_frame    0x00000000     0x1b9c
 .debug_frame   0x00000000       0xec CMakeFiles/clion_fw.elf.dir/BSP/DEBUG/bsp_debug.c.obj
 .debug_frame   0x000000ec       0x2c CMakeFiles/clion_fw.elf.dir/BSP/GPIO/bsp_gpio.c.obj
 .debug_frame   0x00000118      0x13c CMakeFiles/clion_fw.elf.dir/BSP/Key/bsp_key.c.obj
 .debug_frame   0x00000254       0x20 CMakeFiles/clion_fw.elf.dir/BSP/Systick/bsp_SysTick.c.obj
 .debug_frame   0x00000274       0x38 CMakeFiles/clion_fw.elf.dir/BSP/delay/bsp_delay.c.obj
 .debug_frame   0x000002ac       0x6c CMakeFiles/clion_fw.elf.dir/Libraries/CMSIS/system_stm32f10x.c.obj
 .debug_frame   0x00000318       0x60 CMakeFiles/clion_fw.elf.dir/Libraries/STM32F10x_StdPeriph_Driver/src/misc.c.obj
 .debug_frame   0x00000378      0x160 CMakeFiles/clion_fw.elf.dir/Libraries/STM32F10x_StdPeriph_Driver/src/stm32f10x_gpio.c.obj
 .debug_frame   0x000004d8      0x228 CMakeFiles/clion_fw.elf.dir/Libraries/STM32F10x_StdPeriph_Driver/src/stm32f10x_rcc.c.obj
 .debug_frame   0x00000700      0x204 CMakeFiles/clion_fw.elf.dir/Libraries/STM32F10x_StdPeriph_Driver/src/stm32f10x_usart.c.obj
 .debug_frame   0x00000904       0x28 CMakeFiles/clion_fw.elf.dir/User/main.c.obj
 .debug_frame   0x0000092c       0xa8 CMakeFiles/clion_fw.elf.dir/User/stm32f10x_it.c.obj
 .debug_frame   0x000009d4       0x20 c:/gcc-arm/bin/../lib/gcc/arm-none-eabi/10.3.1/../../../../arm-none-eabi/lib/thumb/v7-m/nofp\libg_nano.a(lib_a-memset.o)
 .debug_frame   0x000009f4       0x94 c:/gcc-arm/bin/../lib/gcc/arm-none-eabi/10.3.1/../../../../arm-none-eabi/lib/thumb/v7-m/nofp\libg_nano.a(lib_a-nano-vfprintf_float.o)
 .debug_frame   0x00000a88       0x60 c:/gcc-arm/bin/../lib/gcc/arm-none-eabi/10.3.1/../../../../arm-none-eabi/lib/thumb/v7-m/nofp\libg_nano.a(lib_a-nano-vfprintf_i.o)
 .debug_frame   0x00000ae8       0x3c c:/gcc-arm/bin/../lib/gcc/arm-none-eabi/10.3.1/../../../../arm-none-eabi/lib/thumb/v7-m/nofp\libg_nano.a(lib_a-puts.o)
 .debug_frame   0x00000b24       0x40 c:/gcc-arm/bin/../lib/gcc/arm-none-eabi/10.3.1/../../../../arm-none-eabi/lib/thumb/v7-m/nofp\libg_nano.a(lib_a-wbuf.o)
 .debug_frame   0x00000b64       0x2c c:/gcc-arm/bin/../lib/gcc/arm-none-eabi/10.3.1/../../../../arm-none-eabi/lib/thumb/v7-m/nofp\libg_nano.a(lib_a-wsetup.o)
 .debug_frame   0x00000b90       0x6c c:/gcc-arm/bin/../lib/gcc/arm-none-eabi/10.3.1/../../../../arm-none-eabi/lib/thumb/v7-m/nofp\libg_nano.a(lib_a-dtoa.o)
 .debug_frame   0x00000bfc       0x5c c:/gcc-arm/bin/../lib/gcc/arm-none-eabi/10.3.1/../../../../arm-none-eabi/lib/thumb/v7-m/nofp\libg_nano.a(lib_a-fflush.o)
 .debug_frame   0x00000c58      0x14c c:/gcc-arm/bin/../lib/gcc/arm-none-eabi/10.3.1/../../../../arm-none-eabi/lib/thumb/v7-m/nofp\libg_nano.a(lib_a-findfp.o)
 .debug_frame   0x00000da4       0x54 c:/gcc-arm/bin/../lib/gcc/arm-none-eabi/10.3.1/../../../../arm-none-eabi/lib/thumb/v7-m/nofp\libg_nano.a(lib_a-fwalk.o)
 .debug_frame   0x00000df8       0x40 c:/gcc-arm/bin/../lib/gcc/arm-none-eabi/10.3.1/../../../../arm-none-eabi/lib/thumb/v7-m/nofp\libg_nano.a(lib_a-localeconv.o)
 .debug_frame   0x00000e38       0xb0 c:/gcc-arm/bin/../lib/gcc/arm-none-eabi/10.3.1/../../../../arm-none-eabi/lib/thumb/v7-m/nofp\libg_nano.a(lib_a-lock.o)
 .debug_frame   0x00000ee8       0x58 c:/gcc-arm/bin/../lib/gcc/arm-none-eabi/10.3.1/../../../../arm-none-eabi/lib/thumb/v7-m/nofp\libg_nano.a(lib_a-makebuf.o)
 .debug_frame   0x00000f40       0x30 c:/gcc-arm/bin/../lib/gcc/arm-none-eabi/10.3.1/../../../../arm-none-eabi/lib/thumb/v7-m/nofp\libg_nano.a(lib_a-malloc.o)
 .debug_frame   0x00000f70       0x28 c:/gcc-arm/bin/../lib/gcc/arm-none-eabi/10.3.1/../../../../arm-none-eabi/lib/thumb/v7-m/nofp\libg_nano.a(lib_a-memchr-stub.o)
 .debug_frame   0x00000f98       0x28 c:/gcc-arm/bin/../lib/gcc/arm-none-eabi/10.3.1/../../../../arm-none-eabi/lib/thumb/v7-m/nofp\libg_nano.a(lib_a-memcpy-stub.o)
 .debug_frame   0x00000fc0      0x254 c:/gcc-arm/bin/../lib/gcc/arm-none-eabi/10.3.1/../../../../arm-none-eabi/lib/thumb/v7-m/nofp\libg_nano.a(lib_a-mprec.o)
 .debug_frame   0x00001214       0x2c c:/gcc-arm/bin/../lib/gcc/arm-none-eabi/10.3.1/../../../../arm-none-eabi/lib/thumb/v7-m/nofp\libg_nano.a(lib_a-nano-callocr.o)
 .debug_frame   0x00001240       0x38 c:/gcc-arm/bin/../lib/gcc/arm-none-eabi/10.3.1/../../../../arm-none-eabi/lib/thumb/v7-m/nofp\libg_nano.a(lib_a-nano-freer.o)
 .debug_frame   0x00001278       0x4c c:/gcc-arm/bin/../lib/gcc/arm-none-eabi/10.3.1/../../../../arm-none-eabi/lib/thumb/v7-m/nofp\libg_nano.a(lib_a-nano-mallocr.o)
 .debug_frame   0x000012c4       0x2c c:/gcc-arm/bin/../lib/gcc/arm-none-eabi/10.3.1/../../../../arm-none-eabi/lib/thumb/v7-m/nofp\libg_nano.a(lib_a-sbrkr.o)
 .debug_frame   0x000012f0       0x88 c:/gcc-arm/bin/../lib/gcc/arm-none-eabi/10.3.1/../../../../arm-none-eabi/lib/thumb/v7-m/nofp\libg_nano.a(lib_a-stdio.o)
 .debug_frame   0x00001378       0x2c c:/gcc-arm/bin/../lib/gcc/arm-none-eabi/10.3.1/../../../../arm-none-eabi/lib/thumb/v7-m/nofp\libg_nano.a(lib_a-writer.o)
 .debug_frame   0x000013a4       0x40 c:/gcc-arm/bin/../lib/gcc/arm-none-eabi/10.3.1/../../../../arm-none-eabi/lib/thumb/v7-m/nofp\libg_nano.a(lib_a-assert.o)
 .debug_frame   0x000013e4       0x2c c:/gcc-arm/bin/../lib/gcc/arm-none-eabi/10.3.1/../../../../arm-none-eabi/lib/thumb/v7-m/nofp\libg_nano.a(lib_a-closer.o)
 .debug_frame   0x00001410       0x64 c:/gcc-arm/bin/../lib/gcc/arm-none-eabi/10.3.1/../../../../arm-none-eabi/lib/thumb/v7-m/nofp\libg_nano.a(lib_a-fprintf.o)
 .debug_frame   0x00001474       0x2c c:/gcc-arm/bin/../lib/gcc/arm-none-eabi/10.3.1/../../../../arm-none-eabi/lib/thumb/v7-m/nofp\libg_nano.a(lib_a-fstatr.o)
 .debug_frame   0x000014a0       0x2c c:/gcc-arm/bin/../lib/gcc/arm-none-eabi/10.3.1/../../../../arm-none-eabi/lib/thumb/v7-m/nofp\libg_nano.a(lib_a-isattyr.o)
 .debug_frame   0x000014cc       0x48 c:/gcc-arm/bin/../lib/gcc/arm-none-eabi/10.3.1/../../../../arm-none-eabi/lib/thumb/v7-m/nofp\libg_nano.a(lib_a-locale.o)
 .debug_frame   0x00001514       0x2c c:/gcc-arm/bin/../lib/gcc/arm-none-eabi/10.3.1/../../../../arm-none-eabi/lib/thumb/v7-m/nofp\libg_nano.a(lib_a-lseekr.o)
 .debug_frame   0x00001540       0x48 c:/gcc-arm/bin/../lib/gcc/arm-none-eabi/10.3.1/../../../../arm-none-eabi/lib/thumb/v7-m/nofp\libg_nano.a(lib_a-mbtowc_r.o)
 .debug_frame   0x00001588       0x30 c:/gcc-arm/bin/../lib/gcc/arm-none-eabi/10.3.1/../../../../arm-none-eabi/lib/thumb/v7-m/nofp\libg_nano.a(lib_a-mlock.o)
 .debug_frame   0x000015b8       0xac c:/gcc-arm/bin/../lib/gcc/arm-none-eabi/10.3.1/../../../../arm-none-eabi/lib/thumb/v7-m/nofp\libg_nano.a(lib_a-nano-vfprintf.o)
 .debug_frame   0x00001664       0x2c c:/gcc-arm/bin/../lib/gcc/arm-none-eabi/10.3.1/../../../../arm-none-eabi/lib/thumb/v7-m/nofp\libg_nano.a(lib_a-readr.o)
 .debug_frame   0x00001690       0x5c c:/gcc-arm/bin/../lib/gcc/arm-none-eabi/10.3.1/../../../../arm-none-eabi/lib/thumb/v7-m/nofp\libg_nano.a(lib_a-reent.o)
 .debug_frame   0x000016ec       0x3c c:/gcc-arm/bin/../lib/gcc/arm-none-eabi/10.3.1/../../../../arm-none-eabi/lib/thumb/v7-m/nofp\libg_nano.a(lib_a-wctomb_r.o)
 .debug_frame   0x00001728       0x28 c:/gcc-arm/bin/../lib/gcc/arm-none-eabi/10.3.1/../../../../arm-none-eabi/lib/thumb/v7-m/nofp\libg_nano.a(lib_a-abort.o)
 .debug_frame   0x00001750       0xcc c:/gcc-arm/bin/../lib/gcc/arm-none-eabi/10.3.1/../../../../arm-none-eabi/lib/thumb/v7-m/nofp\libg_nano.a(lib_a-signal.o)
 .debug_frame   0x0000181c       0x3c c:/gcc-arm/bin/../lib/gcc/arm-none-eabi/10.3.1/../../../../arm-none-eabi/lib/thumb/v7-m/nofp\libg_nano.a(lib_a-signalr.o)
 .debug_frame   0x00001858       0xac c:/gcc-arm/bin/../lib/gcc/arm-none-eabi/10.3.1/thumb/v7-m/nofp\libgcc.a(_arm_addsubdf3.o)
 .debug_frame   0x00001904       0x50 c:/gcc-arm/bin/../lib/gcc/arm-none-eabi/10.3.1/thumb/v7-m/nofp\libgcc.a(_arm_muldivdf3.o)
 .debug_frame   0x00001954       0xc4 c:/gcc-arm/bin/../lib/gcc/arm-none-eabi/10.3.1/thumb/v7-m/nofp\libgcc.a(_arm_cmpdf2.o)
 .debug_frame   0x00001a18       0x20 c:/gcc-arm/bin/../lib/gcc/arm-none-eabi/10.3.1/thumb/v7-m/nofp\libgcc.a(_arm_unorddf2.o)
 .debug_frame   0x00001a38       0x24 c:/gcc-arm/bin/../lib/gcc/arm-none-eabi/10.3.1/thumb/v7-m/nofp\libgcc.a(_arm_fixdfsi.o)
 .debug_frame   0x00001a5c       0x20 c:/gcc-arm/bin/../lib/gcc/arm-none-eabi/10.3.1/../../../../arm-none-eabi/lib/thumb/v7-m/nofp\libnosys.a(close.o)
 .debug_frame   0x00001a7c       0x20 c:/gcc-arm/bin/../lib/gcc/arm-none-eabi/10.3.1/../../../../arm-none-eabi/lib/thumb/v7-m/nofp\libnosys.a(fstat.o)
 .debug_frame   0x00001a9c       0x20 c:/gcc-arm/bin/../lib/gcc/arm-none-eabi/10.3.1/../../../../arm-none-eabi/lib/thumb/v7-m/nofp\libnosys.a(getpid.o)
 .debug_frame   0x00001abc       0x20 c:/gcc-arm/bin/../lib/gcc/arm-none-eabi/10.3.1/../../../../arm-none-eabi/lib/thumb/v7-m/nofp\libnosys.a(isatty.o)
 .debug_frame   0x00001adc       0x20 c:/gcc-arm/bin/../lib/gcc/arm-none-eabi/10.3.1/../../../../arm-none-eabi/lib/thumb/v7-m/nofp\libnosys.a(kill.o)
 .debug_frame   0x00001afc       0x20 c:/gcc-arm/bin/../lib/gcc/arm-none-eabi/10.3.1/../../../../arm-none-eabi/lib/thumb/v7-m/nofp\libnosys.a(lseek.o)
 .debug_frame   0x00001b1c       0x20 c:/gcc-arm/bin/../lib/gcc/arm-none-eabi/10.3.1/../../../../arm-none-eabi/lib/thumb/v7-m/nofp\libnosys.a(read.o)
 .debug_frame   0x00001b3c       0x20 c:/gcc-arm/bin/../lib/gcc/arm-none-eabi/10.3.1/../../../../arm-none-eabi/lib/thumb/v7-m/nofp\libnosys.a(sbrk.o)
 .debug_frame   0x00001b5c       0x20 c:/gcc-arm/bin/../lib/gcc/arm-none-eabi/10.3.1/../../../../arm-none-eabi/lib/thumb/v7-m/nofp\libnosys.a(write.o)
 .debug_frame   0x00001b7c       0x20 c:/gcc-arm/bin/../lib/gcc/arm-none-eabi/10.3.1/../../../../arm-none-eabi/lib/thumb/v7-m/nofp\libnosys.a(_exit.o)

.stab           0x00000000       0xcc
 .stab          0x00000000       0x24 c:/gcc-arm/bin/../lib/gcc/arm-none-eabi/10.3.1/../../../../arm-none-eabi/lib/thumb/v7-m/nofp\libnosys.a(close.o)
 .stab          0x00000024       0x18 c:/gcc-arm/bin/../lib/gcc/arm-none-eabi/10.3.1/../../../../arm-none-eabi/lib/thumb/v7-m/nofp\libnosys.a(fstat.o)
                                 0x24 (size before relaxing)
 .stab          0x0000003c       0x18 c:/gcc-arm/bin/../lib/gcc/arm-none-eabi/10.3.1/../../../../arm-none-eabi/lib/thumb/v7-m/nofp\libnosys.a(getpid.o)
                                 0x24 (size before relaxing)
 .stab          0x00000054       0x18 c:/gcc-arm/bin/../lib/gcc/arm-none-eabi/10.3.1/../../../../arm-none-eabi/lib/thumb/v7-m/nofp\libnosys.a(isatty.o)
                                 0x24 (size before relaxing)
 .stab          0x0000006c       0x18 c:/gcc-arm/bin/../lib/gcc/arm-none-eabi/10.3.1/../../../../arm-none-eabi/lib/thumb/v7-m/nofp\libnosys.a(kill.o)
                                 0x24 (size before relaxing)
 .stab          0x00000084       0x18 c:/gcc-arm/bin/../lib/gcc/arm-none-eabi/10.3.1/../../../../arm-none-eabi/lib/thumb/v7-m/nofp\libnosys.a(lseek.o)
                                 0x24 (size before relaxing)
 .stab          0x0000009c       0x18 c:/gcc-arm/bin/../lib/gcc/arm-none-eabi/10.3.1/../../../../arm-none-eabi/lib/thumb/v7-m/nofp\libnosys.a(read.o)
                                 0x24 (size before relaxing)
 .stab          0x000000b4       0x18 c:/gcc-arm/bin/../lib/gcc/arm-none-eabi/10.3.1/../../../../arm-none-eabi/lib/thumb/v7-m/nofp\libnosys.a(write.o)
                                 0x24 (size before relaxing)

.stabstr        0x00000000      0x1b9
 .stabstr       0x00000000      0x1b9 c:/gcc-arm/bin/../lib/gcc/arm-none-eabi/10.3.1/../../../../arm-none-eabi/lib/thumb/v7-m/nofp\libnosys.a(close.o)
